Archive member included to satisfy reference by file (symbol)

app/libapp.a(main.c.obj)      (--whole-archive)
zephyr/libzephyr.a(cbprintf_packaged.c.obj)
                              (--whole-archive)
zephyr/libzephyr.a(dec.c.obj)
                              (--whole-archive)
zephyr/libzephyr.a(hex.c.obj)
                              (--whole-archive)
zephyr/libzephyr.a(printk.c.obj)
                              (--whole-archive)
zephyr/libzephyr.a(rb.c.obj)  (--whole-archive)
zephyr/libzephyr.a(sem.c.obj)
                              (--whole-archive)
zephyr/libzephyr.a(thread_entry.c.obj)
                              (--whole-archive)
zephyr/libzephyr.a(timeutil.c.obj)
                              (--whole-archive)
zephyr/libzephyr.a(heap.c.obj)
                              (--whole-archive)
zephyr/libzephyr.a(heap-validate.c.obj)
                              (--whole-archive)
zephyr/libzephyr.a(bitarray.c.obj)
                              (--whole-archive)
zephyr/libzephyr.a(multi_heap.c.obj)
                              (--whole-archive)
zephyr/libzephyr.a(onoff.c.obj)
                              (--whole-archive)
zephyr/libzephyr.a(notify.c.obj)
                              (--whole-archive)
zephyr/libzephyr.a(cbprintf_complete.c.obj)
                              (--whole-archive)
zephyr/libzephyr.a(assert.c.obj)
                              (--whole-archive)
zephyr/libzephyr.a(mpsc_pbuf.c.obj)
                              (--whole-archive)
zephyr/libzephyr.a(reboot.c.obj)
                              (--whole-archive)
zephyr/libzephyr.a(configs.c.obj)
                              (--whole-archive)
zephyr/libzephyr.a(log_core.c.obj)
                              (--whole-archive)
zephyr/libzephyr.a(log_mgmt.c.obj)
                              (--whole-archive)
zephyr/libzephyr.a(log_cache.c.obj)
                              (--whole-archive)
zephyr/libzephyr.a(log_msg.c.obj)
                              (--whole-archive)
zephyr/libzephyr.a(log_output.c.obj)
                              (--whole-archive)
zephyr/libzephyr.a(log_backend_rtt.c.obj)
                              (--whole-archive)
zephyr/libzephyr.a(log_backend_uart.c.obj)
                              (--whole-archive)
zephyr/libzephyr.a(mem_attr.c.obj)
                              (--whole-archive)
zephyr/libzephyr.a(tracing_none.c.obj)
                              (--whole-archive)
zephyr/arch/common/libarch__common.a(sw_isr_common.c.obj)
                              (--whole-archive)
zephyr/arch/arch/arm/core/libarch__arm__core.a(fatal.c.obj)
                              (--whole-archive)
zephyr/arch/arch/arm/core/libarch__arm__core.a(nmi.c.obj)
                              (--whole-archive)
zephyr/arch/arch/arm/core/libarch__arm__core.a(nmi_on_reset.S.obj)
                              (--whole-archive)
zephyr/arch/arch/arm/core/libarch__arm__core.a(tls.c.obj)
                              (--whole-archive)
zephyr/arch/arch/arm/core/cortex_m/libarch__arm__core__cortex_m.a(exc_exit.S.obj)
                              (--whole-archive)
zephyr/arch/arch/arm/core/cortex_m/libarch__arm__core__cortex_m.a(fault.c.obj)
                              (--whole-archive)
zephyr/arch/arch/arm/core/cortex_m/libarch__arm__core__cortex_m.a(fault_s.S.obj)
                              (--whole-archive)
zephyr/arch/arch/arm/core/cortex_m/libarch__arm__core__cortex_m.a(fpu.c.obj)
                              (--whole-archive)
zephyr/arch/arch/arm/core/cortex_m/libarch__arm__core__cortex_m.a(reset.S.obj)
                              (--whole-archive)
zephyr/arch/arch/arm/core/cortex_m/libarch__arm__core__cortex_m.a(scb.c.obj)
                              (--whole-archive)
zephyr/arch/arch/arm/core/cortex_m/libarch__arm__core__cortex_m.a(thread_abort.c.obj)
                              (--whole-archive)
zephyr/arch/arch/arm/core/cortex_m/libarch__arm__core__cortex_m.a(vector_table.S.obj)
                              (--whole-archive)
zephyr/arch/arch/arm/core/cortex_m/libarch__arm__core__cortex_m.a(swap.c.obj)
                              (--whole-archive)
zephyr/arch/arch/arm/core/cortex_m/libarch__arm__core__cortex_m.a(swap_helper.S.obj)
                              (--whole-archive)
zephyr/arch/arch/arm/core/cortex_m/libarch__arm__core__cortex_m.a(irq_manage.c.obj)
                              (--whole-archive)
zephyr/arch/arch/arm/core/cortex_m/libarch__arm__core__cortex_m.a(prep_c.c.obj)
                              (--whole-archive)
zephyr/arch/arch/arm/core/cortex_m/libarch__arm__core__cortex_m.a(thread.c.obj)
                              (--whole-archive)
zephyr/arch/arch/arm/core/cortex_m/libarch__arm__core__cortex_m.a(cpu_idle.S.obj)
                              (--whole-archive)
zephyr/arch/arch/arm/core/cortex_m/libarch__arm__core__cortex_m.a(irq_init.c.obj)
                              (--whole-archive)
zephyr/arch/arch/arm/core/cortex_m/libarch__arm__core__cortex_m.a(isr_wrapper.S.obj)
[...]
Memory Configuration

Name             Origin             Length             Attributes
FLASH            0x0000000000000000 0x0000000000080000 xr
RAM              0x0000000020000000 0x0000000000010000 xw
IDT_LIST         0x00000000ffff7fff 0x0000000000008000 xw
*default*        0x0000000000000000 0xffffffffffffffff

Linker script and memory map

                0x0000000000010828                vfprintf = __l_vfprintf
                0x0000000000000000                vfscanf = __l_vfscanf
LOAD zephyr/CMakeFiles/zephyr_final.dir/misc/empty_file.c.obj
LOAD zephyr/CMakeFiles/zephyr_final.dir/isr_tables.c.obj
LOAD zephyr/CMakeFiles/offsets.dir/./arch/arm/core/offsets/offsets.c.obj
LOAD app/libapp.a
LOAD zephyr/libzephyr.a
LOAD zephyr/arch/common/libarch__common.a
LOAD zephyr/arch/arch/arm/core/libarch__arm__core.a
LOAD zephyr/arch/arch/arm/core/cortex_m/libarch__arm__core__cortex_m.a
LOAD zephyr/arch/arch/arm/core/mpu/libarch__arm__core__mpu.a
LOAD zephyr/lib/libc/picolibc/liblib__libc__picolibc.a
LOAD zephyr/lib/libc/common/liblib__libc__common.a
LOAD zephyr/soc/soc/arm/nordic_nrf/libsoc__arm__nordic_nrf.a
LOAD zephyr/drivers/clock_control/libdrivers__clock_control.a
LOAD zephyr/drivers/console/libdrivers__console.a
LOAD zephyr/drivers/display/libdrivers__display.a
LOAD zephyr/drivers/gpio/libdrivers__gpio.a
LOAD zephyr/drivers/i2c/libdrivers__i2c.a
LOAD zephyr/drivers/pinctrl/libdrivers__pinctrl.a
LOAD zephyr/drivers/serial/libdrivers__serial.a
LOAD zephyr/drivers/timer/libdrivers__timer.a
LOAD modules/nrf/lib/fatal_error/lib..__nrf__lib__fatal_error.a
LOAD modules/hal_nordic/nrfx/libmodules__hal_nordic__nrfx.a
LOAD modules/lvgl/libmodules__lvgl.a
LOAD modules/segger/libmodules__segger.a
LOAD zephyr/kernel/libkernel.a
LOAD /home/samuel/ncs/toolchains/2be090971e/opt/zephyr-sdk/arm-zephyr-eabi/bin/../lib/gcc/arm-zephyr-eabi/12.2.0/thumb/v7e-m/nofp/libgcc.a
LOAD zephyr/arch/common/libisr_tables.a
LOAD /home/samuel/ncs/toolchains/2be090971e/opt/zephyr-sdk/arm-zephyr-eabi/bin/../lib/gcc/../../picolibc/arm-zephyr-eabi/lib/thumb/v7e-m/nofp/libc.a
LOAD /home/samuel/ncs/toolchains/2be090971e/opt/zephyr-sdk/arm-zephyr-eabi/bin/../lib/gcc/arm-zephyr-eabi/12.2.0/thumb/v7e-m/nofp/libgcc.a
                0x0000000000000020                _region_min_align = 0x20

.rel.plt        0x0000000000000000        0x0
 *(SORT_BY_ALIGNMENT(.rel.plt))
                [!provide]                        PROVIDE (__rel_iplt_start = .)
 *(SORT_BY_ALIGNMENT(.rel.iplt))
 .rel.iplt      0x0000000000000000        0x0 zephyr/CMakeFiles/zephyr_final.dir/isr_tables.c.obj
                [!provide]                        PROVIDE (__rel_iplt_end = .)

.rela.plt       0x0000000000000000        0x0
 *(SORT_BY_ALIGNMENT(.rela.plt))
                [!provide]                        PROVIDE (__rela_iplt_start = .)
 *(SORT_BY_ALIGNMENT(.rela.iplt))
                [!provide]                        PROVIDE (__rela_iplt_end = .)

.rel.dyn
 *(SORT_BY_ALIGNMENT(.rel.*))

.rela.dyn
 *(SORT_BY_ALIGNMENT(.rela.*))

/DISCARD/
 *(SORT_BY_ALIGNMENT(.plt))

/DISCARD/
 *(SORT_BY_ALIGNMENT(.iplt))
                0x0000000000000000                __rom_region_start = 0x0

rom_start       0x0000000000000000       0xdc
                0x0000000000000000                __rom_start_address = .
 FILL mask 0x00
                0x0000000000000000                . = (. + (0x0 - (. - __rom_start_address)))
                0x0000000000000000                . = ALIGN (0x4)
                0x0000000000000000                . = ALIGN (0x80)
                0x0000000000000000                . = ALIGN (0x100)
                0x0000000000000000                _vector_start = .
 *(SORT_BY_ALIGNMENT(.exc_vector_table))
 *(SORT_BY_ALIGNMENT(.exc_vector_table.*))
 .exc_vector_table._vector_table_section
                0x0000000000000000       0x40 zephyr/arch/arch/arm/core/cortex_m/libarch__arm__core__cortex_m.a(vector_table.S.obj)
                0x0000000000000000                _vector_table
 *(SORT_BY_ALIGNMENT(.vectors))
                0x00000000000000dc                _vector_end = .
                0x0000000000000040                . = ALIGN (0x4)
 *(SORT_BY_ALIGNMENT(.gnu.linkonce.irq_vector_table*))
 .gnu.linkonce.irq_vector_table
                0x0000000000000040       0x9c zephyr/CMakeFiles/zephyr_final.dir/isr_tables.c.obj
                0x0000000000000040                _irq_vector_table
                0x00000000000000dc                _vector_end = .

text            0x00000000000000dc    0x19c5c
                0x00000000000000dc                __text_region_start = .
 *(SORT_BY_ALIGNMENT(.text))
 .text          0x00000000000000dc       0x30 /home/samuel/ncs/toolchains/2be090971e/opt/zephyr-sdk/arm-zephyr-eabi/bin/../lib/gcc/arm-zephyr-eabi/12.2.0/thumb/v7e-m/nofp/libgcc.a(_aeabi_uldivmod.o)
                0x00000000000000dc                __aeabi_uldivmod
 .text          0x000000000000010c        0x4 /home/samuel/ncs/toolchains/2be090971e/opt/zephyr-sdk/arm-zephyr-eabi/bin/../lib/gcc/arm-zephyr-eabi/12.2.0/thumb/v7e-m/nofp/libgcc.a(_dvmd_tls.o)
                0x000000000000010c                __aeabi_ldiv0
                0x000000000000010c                __aeabi_idiv0
 .text          0x0000000000000110      0x2a0 /home/samuel/ncs/toolchains/2be090971e/opt/zephyr-sdk/arm-zephyr-eabi/bin/../lib/gcc/arm-zephyr-eabi/12.2.0/thumb/v7e-m/nofp/libgcc.a(_udivmoddi4.o)
                0x0000000000000110                __udivmoddi4
 .text          0x00000000000003b0       0x14 /home/samuel/ncs/toolchains/2be090971e/opt/zephyr-sdk/arm-zephyr-eabi/bin/../lib/gcc/../../picolibc/arm-zephyr-eabi/lib/thumb/v7e-m/nofp/libc.a(strcmp.S.o)
                0x00000000000003b0                strcmp
 .text          0x00000000000003c4       0x10 /home/samuel/ncs/toolchains/2be090971e/opt/zephyr-sdk/arm-zephyr-eabi/bin/../lib/gcc/../../picolibc/arm-zephyr-eabi/lib/thumb/v7e-m/nofp/libc.a(strcpy.S.o)
                0x00000000000003c4                strcpy
 .text          0x00000000000003d4       0x10 /home/samuel/ncs/toolchains/2be090971e/opt/zephyr-sdk/arm-zephyr-eabi/bin/../lib/gcc/../../picolibc/arm-zephyr-eabi/lib/thumb/v7e-m/nofp/libc.a(strlen.S.o)
                0x00000000000003d4                strlen
 *(SORT_BY_ALIGNMENT(.text.*))
 .text.button_isr_callback
                0x00000000000003e4       0x18 app/libapp.a(main.c.obj)
 .text.main     0x00000000000003fc      0x1b0 app/libapp.a(main.c.obj)
                0x00000000000003fc                main
 .text.cbvprintf_package
                0x00000000000005ac      0x3a4 zephyr/libzephyr.a(cbprintf_packaged.c.obj)
                0x00000000000005ac                cbvprintf_package
 .text.cbprintf_package_convert
                0x0000000000000950      0x3b0 zephyr/libzephyr.a(cbprintf_packaged.c.obj)
                0x0000000000000950                cbprintf_package_convert
 .text.__printk_hook_install
                0x0000000000000d00        0xc zephyr/libzephyr.a(printk.c.obj)
                0x0000000000000d00                __printk_hook_install
 .text.z_thread_entry
                0x0000000000000d0c       0x34 zephyr/libzephyr.a(thread_entry.c.obj)
                0x0000000000000d0c                z_thread_entry
 .text.process_event
                0x0000000000000d40      0x21c zephyr/libzephyr.a(onoff.c.obj)
 .text.activate_foreach_backend
                0x0000000000000f5c       0x64 zephyr/libzephyr.a(log_core.c.obj)
 .text.enable_logger
                0x0000000000000fc0       0x5c zephyr/libzephyr.a(log_core.c.obj)
 .text.log_process_thread_timer_expiry_fn
                0x000000000000101c        0xc zephyr/libzephyr.a(log_core.c.obj)
 .text.z_log_init
                0x0000000000001028       0x90 zephyr/libzephyr.a(log_core.c.obj)
 .text.log_format_func_t_get
                0x00000000000010b8        0xc zephyr/libzephyr.a(log_core.c.obj)
                0x00000000000010b8                log_format_func_t_get
 .text.log_set_timestamp_func
                0x00000000000010c4       0x20 zephyr/libzephyr.a(log_core.c.obj)
                0x00000000000010c4                log_set_timestamp_func
 .text.z_log_notify_backend_enabled
                0x00000000000010e4       0x1c zephyr/libzephyr.a(log_core.c.obj)
                0x00000000000010e4                z_log_notify_backend_enabled
 .text.z_log_dropped
                0x0000000000001100       0x30 zephyr/libzephyr.a(log_core.c.obj)
                0x0000000000001100                z_log_dropped
 .text.z_log_dropped_read_and_clear
                0x0000000000001130       0x20 zephyr/libzephyr.a(log_core.c.obj)
                0x0000000000001130                z_log_dropped_read_and_clear
 .text.dropped_notify
                0x0000000000001150       0x30 zephyr/libzephyr.a(log_core.c.obj)
                0x0000000000001150                dropped_notify
 .text.z_log_msg_init
                0x0000000000001180       0x20 zephyr/libzephyr.a(log_core.c.obj)
                0x0000000000001180                z_log_msg_init
 .text.log_core_init
                0x00000000000011a0       0x34 zephyr/libzephyr.a(log_core.c.obj)
                0x00000000000011a0                log_core_init
 .text.z_log_msg_alloc
                0x00000000000011d4       0x10 zephyr/libzephyr.a(log_core.c.obj)
                0x00000000000011d4                z_log_msg_alloc
 .text.z_log_msg_local_claim
                0x00000000000011e4        0xc zephyr/libzephyr.a(log_core.c.obj)
                0x00000000000011e4                z_log_msg_local_claim
 .text.z_log_msg_free
                0x00000000000011f0       0x10 zephyr/libzephyr.a(log_core.c.obj)
                0x00000000000011f0                z_log_msg_free
 .text.z_log_msg_pending
                0x0000000000001200        0xc zephyr/libzephyr.a(log_core.c.obj)
                0x0000000000001200                z_log_msg_pending
 .text.z_impl_log_process
                0x000000000000120c       0xbc zephyr/libzephyr.a(log_core.c.obj)
                0x000000000000120c                z_impl_log_process
 .text.z_impl_log_panic
                0x00000000000012c8       0x44 zephyr/libzephyr.a(log_core.c.obj)
                0x00000000000012c8                z_impl_log_panic
 .text.log_process_thread_func
                0x000000000000130c       0xa4 zephyr/libzephyr.a(log_core.c.obj)
 .text.z_log_msg_post_finalize
                0x00000000000013b0       0x78 zephyr/libzephyr.a(log_core.c.obj)
 .text.z_log_msg_commit
                0x0000000000001428       0x24 zephyr/libzephyr.a(log_core.c.obj)
                0x0000000000001428                z_log_msg_commit
 .text.log_source_name_get
                0x000000000000144c       0x1c zephyr/libzephyr.a(log_mgmt.c.obj)
                0x000000000000144c                log_source_name_get
 .text.log_backend_enable
                0x0000000000001468       0x28 zephyr/libzephyr.a(log_mgmt.c.obj)
                0x0000000000001468                log_backend_enable
 .text.z_impl_z_log_msg_static_create
                0x0000000000001490      0x108 zephyr/libzephyr.a(log_msg.c.obj)
                0x0000000000001490                z_impl_z_log_msg_static_create
 .text.z_log_msg_runtime_vcreate
                0x0000000000001598       0x8c zephyr/libzephyr.a(log_msg.c.obj)
                0x0000000000001598                z_log_msg_runtime_vcreate
 .text.print_formatted
                0x0000000000001624       0x24 zephyr/libzephyr.a(log_output.c.obj)
 .text.newline_print
                0x0000000000001648       0x1c zephyr/libzephyr.a(log_output.c.obj)
 .text.log_output_process
                0x0000000000001664      0x2a4 zephyr/libzephyr.a(log_output.c.obj)
                0x0000000000001664                log_output_process
 .text.log_output_msg_process
                0x0000000000001908       0x70 zephyr/libzephyr.a(log_output.c.obj)
                0x0000000000001908                log_output_msg_process
 .text.log_output_dropped_process
                0x0000000000001978       0x58 zephyr/libzephyr.a(log_output.c.obj)
                0x0000000000001978                log_output_dropped_process
 .text.log_output_timestamp_freq_set
                0x00000000000019d0       0x2c zephyr/libzephyr.a(log_output.c.obj)
                0x00000000000019d0                log_output_timestamp_freq_set
 .text.log_backend_rtt_init
                0x00000000000019fc        0xc zephyr/libzephyr.a(log_backend_rtt.c.obj)
 .text.format_set
                0x0000000000001a08        0xc zephyr/libzephyr.a(log_backend_rtt.c.obj)
 .text.panic    0x0000000000001a14       0x14 zephyr/libzephyr.a(log_backend_rtt.c.obj)
 .text.dropped  0x0000000000001a28        0xc zephyr/libzephyr.a(log_backend_rtt.c.obj)
 .text.process  0x0000000000001a34       0x24 zephyr/libzephyr.a(log_backend_rtt.c.obj)
 .text.on_failed_write
                0x0000000000001a58       0x28 zephyr/libzephyr.a(log_backend_rtt.c.obj)
 .text.data_out_block_mode
                0x0000000000001a80       0x84 zephyr/libzephyr.a(log_backend_rtt.c.obj)
 .text.char_out
                0x0000000000001b04       0x24 zephyr/libzephyr.a(log_backend_uart.c.obj)
 .text.mem_attr_get_regions
                0x0000000000001b28        0xc zephyr/libzephyr.a(mem_attr.c.obj)
                0x0000000000001b28                mem_attr_get_regions
 .text.z_arm_fatal_error
                0x0000000000001b34       0xa0 zephyr/arch/arch/arm/core/libarch__arm__core.a(fatal.c.obj)
                0x0000000000001b34                z_arm_fatal_error
 .text.z_SysNmiOnReset
                0x0000000000001bd4        0x8 zephyr/arch/arch/arm/core/libarch__arm__core.a(nmi_on_reset.S.obj)
                0x0000000000001bd4                z_SysNmiOnReset
 .text.arch_tls_stack_setup
                0x0000000000001bdc       0x5c zephyr/arch/arch/arm/core/libarch__arm__core.a(tls.c.obj)
                0x0000000000001bdc                arch_tls_stack_setup
 .text._HandlerModeExit
                0x0000000000001c38       0x1c zephyr/arch/arch/arm/core/cortex_m/libarch__arm__core__cortex_m.a(exc_exit.S.obj)
                0x0000000000001c38                z_arm_exc_exit
                0x0000000000001c38                z_arm_int_exit
 .text.bus_fault.constprop.0
                0x0000000000001c54       0xd0 zephyr/arch/arch/arm/core/cortex_m/libarch__arm__core__cortex_m.a(fault.c.obj)
 .text.usage_fault.constprop.0
                0x0000000000001d24       0xa8 zephyr/arch/arch/arm/core/cortex_m/libarch__arm__core__cortex_m.a(fault.c.obj)
 .text.mem_manage_fault
                0x0000000000001dcc      0x104 zephyr/arch/arch/arm/core/cortex_m/libarch__arm__core__cortex_m.a(fault.c.obj)
 .text.z_arm_fault
                0x0000000000001ed0      0x1d4 zephyr/arch/arch/arm/core/cortex_m/libarch__arm__core__cortex_m.a(fault.c.obj)
                0x0000000000001ed0                z_arm_fault
 .text.z_arm_fault_init
                0x00000000000020a4       0x10 zephyr/arch/arch/arm/core/cortex_m/libarch__arm__core__cortex_m.a(fault.c.obj)
                0x00000000000020a4                z_arm_fault_init
 .text.__fault  0x00000000000020b4       0x14 zephyr/arch/arch/arm/core/cortex_m/libarch__arm__core__cortex_m.a(fault_s.S.obj)
                0x00000000000020b4                z_arm_bus_fault
                0x00000000000020b4                z_arm_usage_fault
                0x00000000000020b4                z_arm_mpu_fault
                0x00000000000020b4                z_arm_exc_spurious
                0x00000000000020b4                z_arm_debug_monitor
                0x00000000000020b4                z_arm_hard_fault
 .text._reset_section
                0x00000000000020c8       0x54 zephyr/arch/arch/arm/core/cortex_m/libarch__arm__core__cortex_m.a(reset.S.obj)
                0x00000000000020c8                z_arm_reset
                0x00000000000020c8                __start
 .text.sys_arch_reboot
                0x000000000000211c       0x24 zephyr/arch/arch/arm/core/cortex_m/libarch__arm__core__cortex_m.a(scb.c.obj)
                0x000000000000211c                sys_arch_reboot
 .text.z_arm_clear_arm_mpu_config
                0x0000000000002140       0x24 zephyr/arch/arch/arm/core/cortex_m/libarch__arm__core__cortex_m.a(scb.c.obj)
                0x0000000000002140                z_arm_clear_arm_mpu_config
 .text.z_arm_init_arch_hw_at_boot
                0x0000000000002164       0x64 zephyr/arch/arch/arm/core/cortex_m/libarch__arm__core__cortex_m.a(scb.c.obj)
                0x0000000000002164                z_arm_init_arch_hw_at_boot
 .text.z_impl_k_thread_abort
                0x00000000000021c8       0x2c zephyr/arch/arch/arm/core/cortex_m/libarch__arm__core__cortex_m.a(thread_abort.c.obj)
                0x00000000000021c8                z_impl_k_thread_abort
 .text.arch_swap
                0x00000000000021f4       0x30 zephyr/arch/arch/arm/core/cortex_m/libarch__arm__core__cortex_m.a(swap.c.obj)
                0x00000000000021f4                arch_swap
 .text.z_arm_pendsv
                0x0000000000002224       0x64 zephyr/arch/arch/arm/core/cortex_m/libarch__arm__core__cortex_m.a(swap_helper.S.obj)
                0x0000000000002224                z_arm_pendsv
 .text.z_arm_svc
                0x0000000000002288       0x20 zephyr/arch/arch/arm/core/cortex_m/libarch__arm__core__cortex_m.a(swap_helper.S.obj)
                0x0000000000002288                z_arm_svc
 .text.arch_irq_enable
                0x00000000000022a8       0x1c zephyr/arch/arch/arm/core/cortex_m/libarch__arm__core__cortex_m.a(irq_manage.c.obj)
                0x00000000000022a8                arch_irq_enable
 .text.arch_irq_is_enabled
                0x00000000000022c4       0x1c zephyr/arch/arch/arm/core/cortex_m/libarch__arm__core__cortex_m.a(irq_manage.c.obj)
                0x00000000000022c4                arch_irq_is_enabled
 .text.z_arm_irq_priority_set
                0x00000000000022e0       0x30 zephyr/arch/arch/arm/core/cortex_m/libarch__arm__core__cortex_m.a(irq_manage.c.obj)
                0x00000000000022e0                z_arm_irq_priority_set
 .text.z_arm_prep_c
                0x0000000000002310       0x38 zephyr/arch/arch/arm/core/cortex_m/libarch__arm__core__cortex_m.a(prep_c.c.obj)
                0x0000000000002310                z_arm_prep_c
 .text.arch_new_thread
                0x0000000000002348       0x38 zephyr/arch/arch/arm/core/cortex_m/libarch__arm__core__cortex_m.a(thread.c.obj)
                0x0000000000002348                arch_new_thread
 .text.z_check_thread_stack_fail
                0x0000000000002380       0x2c zephyr/arch/arch/arm/core/cortex_m/libarch__arm__core__cortex_m.a(thread.c.obj)
                0x0000000000002380                z_check_thread_stack_fail
 .text.arch_switch_to_main_thread
                0x00000000000023ac       0x38 zephyr/arch/arch/arm/core/cortex_m/libarch__arm__core__cortex_m.a(thread.c.obj)
                0x00000000000023ac                arch_switch_to_main_thread
 .text.z_arm_cpu_idle_init
                0x00000000000023e4        0xc zephyr/arch/arch/arm/core/cortex_m/libarch__arm__core__cortex_m.a(cpu_idle.S.obj)
                0x00000000000023e4                z_arm_cpu_idle_init
 .text.arch_cpu_idle
                0x00000000000023f0       0x1c zephyr/arch/arch/arm/core/cortex_m/libarch__arm__core__cortex_m.a(cpu_idle.S.obj)
                0x00000000000023f0                arch_cpu_idle
 .text.arch_cpu_atomic_idle
                0x000000000000240c       0x18 zephyr/arch/arch/arm/core/cortex_m/libarch__arm__core__cortex_m.a(cpu_idle.S.obj)
                0x000000000000240c                arch_cpu_atomic_idle
 .text.z_arm_interrupt_init
                0x0000000000002424       0x18 zephyr/arch/arch/arm/core/cortex_m/libarch__arm__core__cortex_m.a(irq_init.c.obj)
                0x0000000000002424                z_arm_interrupt_init
 .text._isr_wrapper
                0x000000000000243c       0x28 zephyr/arch/arch/arm/core/cortex_m/libarch__arm__core__cortex_m.a(isr_wrapper.S.obj)
                0x000000000000243c                _isr_wrapper
 .text.z_arm_configure_static_mpu_regions
                0x0000000000002464       0x18 zephyr/arch/arch/arm/core/mpu/libarch__arm__core__mpu.a(arm_core_mpu.c.obj)
                0x0000000000002464                z_arm_configure_static_mpu_regions
 .text.z_arm_configure_dynamic_mpu_regions
                0x000000000000247c       0x20 zephyr/arch/arch/arm/core/mpu/libarch__arm__core__mpu.a(arm_core_mpu.c.obj)
                0x000000000000247c                z_arm_configure_dynamic_mpu_regions
 .text.region_allocate_and_init
                0x000000000000249c       0x48 zephyr/arch/arch/arm/core/mpu/libarch__arm__core__mpu.a(arm_mpu.c.obj)
 .text.mpu_configure_regions
                0x00000000000024e4       0x68 zephyr/arch/arch/arm/core/mpu/libarch__arm__core__mpu.a(arm_mpu.c.obj)
 .text.arm_core_mpu_enable
                0x000000000000254c       0x18 zephyr/arch/arch/arm/core/mpu/libarch__arm__core__mpu.a(arm_mpu.c.obj)
                0x000000000000254c                arm_core_mpu_enable
 .text.arm_core_mpu_disable
                0x0000000000002564       0x14 zephyr/arch/arch/arm/core/mpu/libarch__arm__core__mpu.a(arm_mpu.c.obj)
                0x0000000000002564                arm_core_mpu_disable
 .text.arm_core_mpu_configure_static_mpu_regions
                0x0000000000002578       0x14 zephyr/arch/arch/arm/core/mpu/libarch__arm__core__mpu.a(arm_mpu.c.obj)
                0x0000000000002578                arm_core_mpu_configure_static_mpu_regions
 .text.arm_core_mpu_configure_dynamic_mpu_regions
                0x000000000000258c       0x30 zephyr/arch/arch/arm/core/mpu/libarch__arm__core__mpu.a(arm_mpu.c.obj)
                0x000000000000258c                arm_core_mpu_configure_dynamic_mpu_regions
 .text.z_arm_mpu_init
                0x00000000000025bc      0x158 zephyr/arch/arch/arm/core/mpu/libarch__arm__core__mpu.a(arm_mpu.c.obj)
                0x00000000000025bc                z_arm_mpu_init
 .text.z_impl_zephyr_fputc
                0x0000000000002714       0x10 zephyr/lib/libc/picolibc/liblib__libc__picolibc.a(libc-hooks.c.obj)
                0x0000000000002714                z_impl_zephyr_fputc
 .text.__stdout_hook_install
                0x0000000000002724       0x18 zephyr/lib/libc/picolibc/liblib__libc__picolibc.a(libc-hooks.c.obj)
                0x0000000000002724                __stdout_hook_install
 .text.cbvprintf
                0x000000000000273c       0x38 zephyr/lib/libc/picolibc/liblib__libc__picolibc.a(libc-hooks.c.obj)
                0x000000000000273c                cbvprintf
 .text.__chk_fail
                0x0000000000002774       0x18 zephyr/lib/libc/picolibc/liblib__libc__picolibc.a(libc-hooks.c.obj)
                0x0000000000002774                __chk_fail
 .text.malloc_prepare
                0x000000000000278c       0x24 zephyr/lib/libc/common/liblib__libc__common.a(malloc.c.obj)
 .text.nordicsemi_nrf52_init
                0x00000000000027b0       0x18 zephyr/soc/soc/arm/nordic_nrf/libsoc__arm__nordic_nrf.a(soc.c.obj)
 .text.arch_busy_wait
                0x00000000000027c8       0x14 zephyr/soc/soc/arm/nordic_nrf/libsoc__arm__nordic_nrf.a(soc.c.obj)
                0x00000000000027c8                arch_busy_wait
 .text.z_arm_platform_init
                0x00000000000027dc        0x4 zephyr/soc/soc/arm/nordic_nrf/libsoc__arm__nordic_nrf.a(soc_nrf_common.S.obj)
                0x00000000000027dc                z_arm_platform_init
 .text.onoff_stop
                0x00000000000027e0       0x30 zephyr/drivers/clock_control/libdrivers__clock_control.a(clock_control_nrf.c.obj)
 .text.onoff_start
                0x0000000000002810       0x44 zephyr/drivers/clock_control/libdrivers__clock_control.a(clock_control_nrf.c.obj)
 .text.generic_hfclk_stop
                0x0000000000002854       0x34 zephyr/drivers/clock_control/libdrivers__clock_control.a(clock_control_nrf.c.obj)
 .text.clk_init
                0x0000000000002888       0x58 zephyr/drivers/clock_control/libdrivers__clock_control.a(clock_control_nrf.c.obj)
 .text.clkstarted_handle.constprop.0
                0x00000000000028e0       0x34 zephyr/drivers/clock_control/libdrivers__clock_control.a(clock_control_nrf.c.obj)
 .text.clock_event_handler
                0x0000000000002914       0x1c zephyr/drivers/clock_control/libdrivers__clock_control.a(clock_control_nrf.c.obj)
 .text.generic_hfclk_start
                0x0000000000002930       0x64 zephyr/drivers/clock_control/libdrivers__clock_control.a(clock_control_nrf.c.obj)
 .text.api_blocking_start
                0x0000000000002994       0x34 zephyr/drivers/clock_control/libdrivers__clock_control.a(clock_control_nrf.c.obj)
 .text.lfclk_start
                0x00000000000029c8       0x24 zephyr/drivers/clock_control/libdrivers__clock_control.a(clock_control_nrf.c.obj)
 .text.z_nrf_clock_control_lf_on
                0x00000000000029ec       0xfc zephyr/drivers/clock_control/libdrivers__clock_control.a(clock_control_nrf.c.obj)
                0x00000000000029ec                z_nrf_clock_control_lf_on
 .text.uart_console_init
                0x0000000000002ae8       0x28 zephyr/drivers/console/libdrivers__console.a(uart_console.c.obj)
 .text.console_out
                0x0000000000002b10       0x28 zephyr/drivers/console/libdrivers__console.a(uart_console.c.obj)
 .text.ssd1306_set_orientation
                0x0000000000002b38       0x18 zephyr/drivers/display/libdrivers__display.a(ssd1306.c.obj)
 .text.ssd1306_read
                0x0000000000002b50       0x18 zephyr/drivers/display/libdrivers__display.a(ssd1306.c.obj)
 .text.ssd1306_get_framebuffer
                0x0000000000002b68       0x18 zephyr/drivers/display/libdrivers__display.a(ssd1306.c.obj)
 .text.ssd1306_set_pixel_format.part.0
                0x0000000000002b80       0x18 zephyr/drivers/display/libdrivers__display.a(ssd1306.c.obj)
 .text.ssd1306_write
                0x0000000000002b98      0x134 zephyr/drivers/display/libdrivers__display.a(ssd1306.c.obj)
 .text.ssd1306_init
                0x0000000000002ccc      0x214 zephyr/drivers/display/libdrivers__display.a(ssd1306.c.obj)
 .text.gpio_nrfx_init
                0x0000000000002ee0       0x48 zephyr/drivers/gpio/libdrivers__gpio.a(gpio_nrfx.c.obj)
 .text.nrfx_gpio_handler
                0x0000000000002f28       0x3c zephyr/drivers/gpio/libdrivers__gpio.a(gpio_nrfx.c.obj)
 .text.gpio_nrfx_pin_configure
                0x0000000000002f64      0x180 zephyr/drivers/gpio/libdrivers__gpio.a(gpio_nrfx.c.obj)
 .text.gpio_nrfx_pin_interrupt_configure
                0x00000000000030e4       0xf4 zephyr/drivers/gpio/libdrivers__gpio.a(gpio_nrfx.c.obj)
 .text.i2c_nrfx_twi_recover_bus
                0x00000000000031d8       0x24 zephyr/drivers/i2c/libdrivers__i2c.a(i2c_nrfx_twi.c.obj)
 .text.i2c_nrfx_twi_configure
                0x00000000000031fc       0x48 zephyr/drivers/i2c/libdrivers__i2c.a(i2c_nrfx_twi.c.obj)
 .text.twi_0_init
                0x0000000000003244       0x94 zephyr/drivers/i2c/libdrivers__i2c.a(i2c_nrfx_twi.c.obj)
 .text.event_handler
                0x00000000000032d8       0x34 zephyr/drivers/i2c/libdrivers__i2c.a(i2c_nrfx_twi.c.obj)
 .text.i2c_nrfx_twi_transfer
                0x000000000000330c      0x100 zephyr/drivers/i2c/libdrivers__i2c.a(i2c_nrfx_twi.c.obj)
 .text.pinctrl_configure_pins
                0x000000000000340c      0x174 zephyr/drivers/pinctrl/libdrivers__pinctrl.a(pinctrl_nrf.c.obj)
                0x000000000000340c                pinctrl_configure_pins
 .text.uarte_0_init
                0x0000000000003580      0x240 zephyr/drivers/serial/libdrivers__serial.a(uart_nrfx_uarte.c.obj)
 .text.uarte_nrfx_poll_out
                0x00000000000037c0       0xcc zephyr/drivers/serial/libdrivers__serial.a(uart_nrfx_uarte.c.obj)
 .text.compare_int_lock
                0x000000000000388c       0x48 zephyr/drivers/timer/libdrivers__timer.a(nrf_rtc_timer.c.obj)
 .text.sys_clock_timeout_handler
                0x00000000000038d4       0x48 zephyr/drivers/timer/libdrivers__timer.a(nrf_rtc_timer.c.obj)
 .text.compare_int_unlock
                0x000000000000391c       0x5c zephyr/drivers/timer/libdrivers__timer.a(nrf_rtc_timer.c.obj)
 .text.z_nrf_rtc_timer_read
                0x0000000000003978       0x44 zephyr/drivers/timer/libdrivers__timer.a(nrf_rtc_timer.c.obj)
                0x0000000000003978                z_nrf_rtc_timer_read
 .text.compare_set
                0x00000000000039bc      0x130 zephyr/drivers/timer/libdrivers__timer.a(nrf_rtc_timer.c.obj)
 .text.sys_clock_driver_init
                0x0000000000003aec       0x90 zephyr/drivers/timer/libdrivers__timer.a(nrf_rtc_timer.c.obj)
 .text.rtc_nrf_isr
                0x0000000000003b7c       0xd4 zephyr/drivers/timer/libdrivers__timer.a(nrf_rtc_timer.c.obj)
                0x0000000000003b7c                rtc_nrf_isr
 .text.sys_clock_set_timeout
                0x0000000000003c50       0x5c zephyr/drivers/timer/libdrivers__timer.a(nrf_rtc_timer.c.obj)
                0x0000000000003c50                sys_clock_set_timeout
 .text.sys_clock_elapsed
                0x0000000000003cac       0x14 zephyr/drivers/timer/libdrivers__timer.a(nrf_rtc_timer.c.obj)
                0x0000000000003cac                sys_clock_elapsed
 .text.k_sys_fatal_error_handler
                0x0000000000003cc0       0x20 modules/nrf/lib/fatal_error/lib..__nrf__lib__fatal_error.a(fatal_error.c.obj)
                0x0000000000003cc0                k_sys_fatal_error_handler
 .text.nrf52_errata_16
                0x0000000000003ce0       0x28 modules/hal_nordic/nrfx/libmodules__hal_nordic__nrfx.a(system_nrf52.c.obj)
 .text.nvmc_wait
                0x0000000000003d08       0x10 modules/hal_nordic/nrfx/libmodules__hal_nordic__nrfx.a(system_nrf52.c.obj)
                0x0000000000003d08                nvmc_wait
 .text.SystemInit
                0x0000000000003d18      0x278 modules/hal_nordic/nrfx/libmodules__hal_nordic__nrfx.a(system_nrf52.c.obj)
                0x0000000000003d18                SystemInit
 .text.nrfx_flag32_alloc
                0x0000000000003f90       0x48 modules/hal_nordic/nrfx/libmodules__hal_nordic__nrfx.a(nrfx_flag32_allocator.c.obj)
                0x0000000000003f90                nrfx_flag32_alloc
 .text.nrfx_flag32_free
                0x0000000000003fd8       0x40 modules/hal_nordic/nrfx/libmodules__hal_nordic__nrfx.a(nrfx_flag32_allocator.c.obj)
                0x0000000000003fd8                nrfx_flag32_free
 .text.nrfx_gppi_channels_enable
                0x0000000000004018        0xc modules/hal_nordic/nrfx/libmodules__hal_nordic__nrfx.a(nrfx_gppi_ppi.c.obj)
                0x0000000000004018                nrfx_gppi_channels_enable
 .text.clock_stop
                0x0000000000004024       0xc4 modules/hal_nordic/nrfx/libmodules__hal_nordic__nrfx.a(nrfx_clock.c.obj)
 .text.nrfx_clock_init
                0x00000000000040e8       0x20 modules/hal_nordic/nrfx/libmodules__hal_nordic__nrfx.a(nrfx_clock.c.obj)
                0x00000000000040e8                nrfx_clock_init
 .text.nrfx_clock_enable
                0x0000000000004108       0x24 modules/hal_nordic/nrfx/libmodules__hal_nordic__nrfx.a(nrfx_clock.c.obj)
                0x0000000000004108                nrfx_clock_enable
 .text.nrfx_clock_start
                0x000000000000412c       0xec modules/hal_nordic/nrfx/libmodules__hal_nordic__nrfx.a(nrfx_clock.c.obj)
                0x000000000000412c                nrfx_clock_start
 .text.nrfx_power_clock_irq_handler
                0x0000000000004218       0x68 modules/hal_nordic/nrfx/libmodules__hal_nordic__nrfx.a(nrfx_clock.c.obj)
                0x0000000000004218                nrfx_power_clock_irq_handler
 .text.call_handler.constprop.0
                0x0000000000004280       0x3c modules/hal_nordic/nrfx/libmodules__hal_nordic__nrfx.a(nrfx_gpiote.c.obj)
 .text.release_handler.isra.0
                0x00000000000042bc       0x54 modules/hal_nordic/nrfx/libmodules__hal_nordic__nrfx.a(nrfx_gpiote.c.obj)
 .text.__nrfy_internal_gpiote_events_process.constprop.0
                0x0000000000004310       0x5c modules/hal_nordic/nrfx/libmodules__hal_nordic__nrfx.a(nrfx_gpiote.c.obj)
 .text.pin_trigger_disable
                0x000000000000436c       0x40 modules/hal_nordic/nrfx/libmodules__hal_nordic__nrfx.a(nrfx_gpiote.c.obj)
 .text.pin_uninit
                0x00000000000043ac       0x74 modules/hal_nordic/nrfx/libmodules__hal_nordic__nrfx.a(nrfx_gpiote.c.obj)
 .text.nrfx_gpiote_input_configure
                0x0000000000004420      0x160 modules/hal_nordic/nrfx/libmodules__hal_nordic__nrfx.a(nrfx_gpiote.c.obj)
                0x0000000000004420                nrfx_gpiote_input_configure
 .text.nrfx_gpiote_output_configure
                0x0000000000004580       0xec modules/hal_nordic/nrfx/libmodules__hal_nordic__nrfx.a(nrfx_gpiote.c.obj)
                0x0000000000004580                nrfx_gpiote_output_configure
 .text.nrfx_gpiote_global_callback_set
                0x000000000000466c        0xc modules/hal_nordic/nrfx/libmodules__hal_nordic__nrfx.a(nrfx_gpiote.c.obj)
                0x000000000000466c                nrfx_gpiote_global_callback_set
 .text.nrfx_gpiote_channel_get
                0x0000000000004678       0x24 modules/hal_nordic/nrfx/libmodules__hal_nordic__nrfx.a(nrfx_gpiote.c.obj)
                0x0000000000004678                nrfx_gpiote_channel_get
 .text.nrfx_gpiote_init
                0x000000000000469c       0x70 modules/hal_nordic/nrfx/libmodules__hal_nordic__nrfx.a(nrfx_gpiote.c.obj)
                0x000000000000469c                nrfx_gpiote_init
 .text.nrfx_gpiote_init_check
                0x000000000000470c       0x14 modules/hal_nordic/nrfx/libmodules__hal_nordic__nrfx.a(nrfx_gpiote.c.obj)
                0x000000000000470c                nrfx_gpiote_init_check
 .text.nrfx_gpiote_channel_free
                0x0000000000004720        0xc modules/hal_nordic/nrfx/libmodules__hal_nordic__nrfx.a(nrfx_gpiote.c.obj)
                0x0000000000004720                nrfx_gpiote_channel_free
 .text.nrfx_gpiote_channel_alloc
                0x000000000000472c        0xc modules/hal_nordic/nrfx/libmodules__hal_nordic__nrfx.a(nrfx_gpiote.c.obj)
                0x000000000000472c                nrfx_gpiote_channel_alloc
 .text.nrfx_gpiote_trigger_enable
                0x0000000000004738       0x84 modules/hal_nordic/nrfx/libmodules__hal_nordic__nrfx.a(nrfx_gpiote.c.obj)
                0x0000000000004738                nrfx_gpiote_trigger_enable
 .text.nrfx_gpiote_0_irq_handler
                0x00000000000047bc      0x160 modules/hal_nordic/nrfx/libmodules__hal_nordic__nrfx.a(nrfx_gpiote.c.obj)
                0x00000000000047bc                nrfx_gpiote_0_irq_handler
 .text.nrfx_ppi_channel_alloc
                0x000000000000491c        0xc modules/hal_nordic/nrfx/libmodules__hal_nordic__nrfx.a(nrfx_ppi.c.obj)
                0x000000000000491c                nrfx_ppi_channel_alloc
 .text.twi_configure
                0x0000000000004928       0x3c modules/hal_nordic/nrfx/libmodules__hal_nordic__nrfx.a(nrfx_twi.c.obj)
 .text.twi_tx_start_transfer
                0x0000000000004964      0x104 modules/hal_nordic/nrfx/libmodules__hal_nordic__nrfx.a(nrfx_twi.c.obj)
 .text.twi_rx_start_transfer
                0x0000000000004a68       0xe4 modules/hal_nordic/nrfx/libmodules__hal_nordic__nrfx.a(nrfx_twi.c.obj)
 .text.nrfx_twi_init
                0x0000000000004b4c       0xc0 modules/hal_nordic/nrfx/libmodules__hal_nordic__nrfx.a(nrfx_twi.c.obj)
                0x0000000000004b4c                nrfx_twi_init
 .text.nrfx_twi_enable
                0x0000000000004c0c       0x20 modules/hal_nordic/nrfx/libmodules__hal_nordic__nrfx.a(nrfx_twi.c.obj)
                0x0000000000004c0c                nrfx_twi_enable
 .text.nrfx_twi_disable
                0x0000000000004c2c       0x38 modules/hal_nordic/nrfx/libmodules__hal_nordic__nrfx.a(nrfx_twi.c.obj)
                0x0000000000004c2c                nrfx_twi_disable
 .text.nrfx_twi_xfer
                0x0000000000004c64       0xdc modules/hal_nordic/nrfx/libmodules__hal_nordic__nrfx.a(nrfx_twi.c.obj)
                0x0000000000004c64                nrfx_twi_xfer
 .text.nrfx_twi_0_irq_handler
                0x0000000000004d40       0xd8 modules/hal_nordic/nrfx/libmodules__hal_nordic__nrfx.a(nrfx_twi.c.obj)
                0x0000000000004d40                nrfx_twi_0_irq_handler
 .text.nrfx_twi_twim_bus_recover
                0x0000000000004e18       0xdc modules/hal_nordic/nrfx/libmodules__hal_nordic__nrfx.a(nrfx_twi_twim.c.obj)
                0x0000000000004e18                nrfx_twi_twim_bus_recover
 .text.lv_disp_get_scr_act
                0x0000000000004ef4       0x34 modules/lvgl/libmodules__lvgl.a(lv_disp.c.obj)
                0x0000000000004ef4                lv_disp_get_scr_act
 .text.lv_disp_get_scr_prev
                0x0000000000004f28       0x34 modules/lvgl/libmodules__lvgl.a(lv_disp.c.obj)
                0x0000000000004f28                lv_disp_get_scr_prev
 .text.lv_disp_get_layer_top
                0x0000000000004f5c       0x34 modules/lvgl/libmodules__lvgl.a(lv_disp.c.obj)
                0x0000000000004f5c                lv_disp_get_layer_top
 .text.lv_disp_get_layer_sys
                0x0000000000004f90       0x34 modules/lvgl/libmodules__lvgl.a(lv_disp.c.obj)
                0x0000000000004f90                lv_disp_get_layer_sys
 .text.lv_disp_is_invalidation_enabled
                0x0000000000004fc4       0x40 modules/lvgl/libmodules__lvgl.a(lv_disp.c.obj)
                0x0000000000004fc4                lv_disp_is_invalidation_enabled
 .text.event_send_core
                0x0000000000005004      0x128 modules/lvgl/libmodules__lvgl.a(lv_event.c.obj)
 .text.lv_event_send
                0x000000000000512c       0x40 modules/lvgl/libmodules__lvgl.a(lv_event.c.obj)
                0x000000000000512c                lv_event_send
 .text._lv_event_mark_deleted
                0x000000000000516c       0x24 modules/lvgl/libmodules__lvgl.a(lv_event.c.obj)
                0x000000000000516c                _lv_event_mark_deleted
 .text.lv_event_get_indev
                0x0000000000005190       0x34 modules/lvgl/libmodules__lvgl.a(lv_event.c.obj)
                0x0000000000005190                lv_event_get_indev
 .text.lv_event_get_draw_ctx
                0x00000000000051c4       0x34 modules/lvgl/libmodules__lvgl.a(lv_event.c.obj)
                0x00000000000051c4                lv_event_get_draw_ctx
 .text.lv_event_set_ext_draw_size
                0x00000000000051f8       0x40 modules/lvgl/libmodules__lvgl.a(lv_event.c.obj)
                0x00000000000051f8                lv_event_set_ext_draw_size
 .text._lv_group_init
                0x0000000000005238        0xc modules/lvgl/libmodules__lvgl.a(lv_group.c.obj)
                0x0000000000005238                _lv_group_init
 .text.lv_group_get_default
                0x0000000000005244        0xc modules/lvgl/libmodules__lvgl.a(lv_group.c.obj)
                0x0000000000005244                lv_group_get_default
 .text.lv_group_focus_next
                0x0000000000005250       0x28 modules/lvgl/libmodules__lvgl.a(lv_group.c.obj)
                0x0000000000005250                lv_group_focus_next
 .text.lv_group_focus_prev
                0x0000000000005278       0x28 modules/lvgl/libmodules__lvgl.a(lv_group.c.obj)
                0x0000000000005278                lv_group_focus_prev
 .text.lv_group_add_obj
                0x00000000000052a0       0xa4 modules/lvgl/libmodules__lvgl.a(lv_group.c.obj)
                0x00000000000052a0                lv_group_add_obj
 .text.lv_indev_get_act
                0x0000000000005344        0xc modules/lvgl/libmodules__lvgl.a(lv_indev.c.obj)
                0x0000000000005344                lv_indev_get_act
 .text.lv_obj_draw
                0x0000000000005350      0x444 modules/lvgl/libmodules__lvgl.a(lv_obj.c.obj)
 .text.lv_init  0x0000000000005794       0x74 modules/lvgl/libmodules__lvgl.a(lv_obj.c.obj)
                0x0000000000005794                lv_init
 .text.lv_obj_create
                0x0000000000005808       0x18 modules/lvgl/libmodules__lvgl.a(lv_obj.c.obj)
                0x0000000000005808                lv_obj_create
 .text.lv_obj_destructor
                0x0000000000005820       0x68 modules/lvgl/libmodules__lvgl.a(lv_obj.c.obj)
 .text.lv_obj_allocate_spec_attr
                0x0000000000005888       0x6c modules/lvgl/libmodules__lvgl.a(lv_obj.c.obj)
                0x0000000000005888                lv_obj_allocate_spec_attr
 .text.lv_obj_class_create_obj
                0x00000000000058f4      0x104 modules/lvgl/libmodules__lvgl.a(lv_obj_class.c.obj)
                0x00000000000058f4                lv_obj_class_create_obj
 .text.lv_obj_is_layout_positioned
                0x00000000000059f8       0x34 modules/lvgl/libmodules__lvgl.a(lv_obj_pos.c.obj)
                0x00000000000059f8                lv_obj_is_layout_positioned
 .text.lv_layout_register
                0x0000000000005a2c       0x70 modules/lvgl/libmodules__lvgl.a(lv_obj_pos.c.obj)
                0x0000000000005a2c                lv_layout_register
 .text.lv_obj_get_self_width
                0x0000000000005a9c       0x1c modules/lvgl/libmodules__lvgl.a(lv_obj_pos.c.obj)
                0x0000000000005a9c                lv_obj_get_self_width
 .text.lv_obj_refr_pos
                0x0000000000005ab8      0x258 modules/lvgl/libmodules__lvgl.a(lv_obj_pos.c.obj)
                0x0000000000005ab8                lv_obj_refr_pos
 .text.lv_obj_refr_size
                0x0000000000005d10      0x554 modules/lvgl/libmodules__lvgl.a(lv_obj_pos.c.obj)
                0x0000000000005d10                lv_obj_refr_size
 .text.layout_update_core
                0x0000000000006264       0x7c modules/lvgl/libmodules__lvgl.a(lv_obj_pos.c.obj)
 .text.lv_obj_update_layout
                0x00000000000062e0       0x34 modules/lvgl/libmodules__lvgl.a(lv_obj_pos.c.obj)
                0x00000000000062e0                lv_obj_update_layout
 .text.lv_obj_get_scroll_bottom
                0x0000000000006314       0xa4 modules/lvgl/libmodules__lvgl.a(lv_obj_scroll.c.obj)
                0x0000000000006314                lv_obj_get_scroll_bottom
 .text.lv_obj_get_scroll_left
                0x00000000000063b8       0xd0 modules/lvgl/libmodules__lvgl.a(lv_obj_scroll.c.obj)
                0x00000000000063b8                lv_obj_get_scroll_left
 .text.lv_obj_get_scroll_right
                0x0000000000006488       0xb8 modules/lvgl/libmodules__lvgl.a(lv_obj_scroll.c.obj)
                0x0000000000006488                lv_obj_get_scroll_right
 .text.lv_obj_scroll_by
                0x0000000000006540      0x11c modules/lvgl/libmodules__lvgl.a(lv_obj_scroll.c.obj)
                0x0000000000006540                lv_obj_scroll_by
 .text.lv_obj_scroll_to_x
                0x000000000000665c       0x2c modules/lvgl/libmodules__lvgl.a(lv_obj_scroll.c.obj)
                0x000000000000665c                lv_obj_scroll_to_x
 .text.lv_obj_scroll_to_y
                0x0000000000006688       0x2c modules/lvgl/libmodules__lvgl.a(lv_obj_scroll.c.obj)
                0x0000000000006688                lv_obj_scroll_to_y
 .text.scroll_area_into_view
                0x00000000000066b4      0x2f0 modules/lvgl/libmodules__lvgl.a(lv_obj_scroll.c.obj)
 .text.get_local_style
                0x00000000000069a4       0xe4 modules/lvgl/libmodules__lvgl.a(lv_obj_style.c.obj)
 .text.trans_del.isra.0
                0x0000000000006a88       0xa4 modules/lvgl/libmodules__lvgl.a(lv_obj_style.c.obj)
 .text._lv_obj_style_init
                0x0000000000006b2c        0xc modules/lvgl/libmodules__lvgl.a(lv_obj_style.c.obj)
                0x0000000000006b2c                _lv_obj_style_init
 .text.lv_obj_enable_style_refresh
                0x0000000000006b38        0xc modules/lvgl/libmodules__lvgl.a(lv_obj_style.c.obj)
                0x0000000000006b38                lv_obj_enable_style_refresh
 .text.lv_obj_refresh_style
                0x0000000000006b44      0x1e4 modules/lvgl/libmodules__lvgl.a(lv_obj_style.c.obj)
                0x0000000000006b44                lv_obj_refresh_style
 .text.trans_anim_cb
                0x0000000000006d28      0x130 modules/lvgl/libmodules__lvgl.a(lv_obj_style.c.obj)
 .text.trans_anim_ready_cb
                0x0000000000006e58       0xa8 modules/lvgl/libmodules__lvgl.a(lv_obj_style.c.obj)
 .text._lv_obj_style_create_transition
                0x0000000000006f00      0x170 modules/lvgl/libmodules__lvgl.a(lv_obj_style.c.obj)
                0x0000000000006f00                _lv_obj_style_create_transition
 .text.lv_obj_get_disp
                0x0000000000007070       0x60 modules/lvgl/libmodules__lvgl.a(lv_obj_tree.c.obj)
                0x0000000000007070                lv_obj_get_disp
 .text.refr_obj
                0x00000000000070d0      0x338 modules/lvgl/libmodules__lvgl.a(lv_refr.c.obj)
 .text.refr_obj_and_children
                0x0000000000007408       0x8c modules/lvgl/libmodules__lvgl.a(lv_refr.c.obj)
 .text.refr_area_part
                0x0000000000007494      0x5c4 modules/lvgl/libmodules__lvgl.a(lv_refr.c.obj)
 .text._lv_inv_area
                0x0000000000007a58      0x100 modules/lvgl/libmodules__lvgl.a(lv_refr.c.obj)
                0x0000000000007a58                _lv_inv_area
 .text._lv_refr_get_disp_refreshing
                0x0000000000007b58        0xc modules/lvgl/libmodules__lvgl.a(lv_refr.c.obj)
                0x0000000000007b58                _lv_refr_get_disp_refreshing
 .text._lv_disp_refr_timer
                0x0000000000007b64      0x408 modules/lvgl/libmodules__lvgl.a(lv_refr.c.obj)
                0x0000000000007b64                _lv_disp_refr_timer
 .text.lv_theme_apply
                0x0000000000007f6c       0x28 modules/lvgl/libmodules__lvgl.a(lv_theme.c.obj)
                0x0000000000007f6c                lv_theme_apply
 .text.lv_img_cf_get_px_size
                0x0000000000007f94       0x14 modules/lvgl/libmodules__lvgl.a(lv_draw_img.c.obj)
                0x0000000000007f94                lv_img_cf_get_px_size
 .text.lv_draw_img
                0x0000000000007fa8      0x284 modules/lvgl/libmodules__lvgl.a(lv_draw_img.c.obj)
                0x0000000000007fa8                lv_draw_img
 .text.lv_draw_label_dsc_init
                0x000000000000822c       0x30 modules/lvgl/libmodules__lvgl.a(lv_draw_label.c.obj)
                0x000000000000822c                lv_draw_label_dsc_init
 .text.lv_draw_label
                0x000000000000825c      0x59c modules/lvgl/libmodules__lvgl.a(lv_draw_label.c.obj)
                0x000000000000825c                lv_draw_label
 .text.lv_draw_layer_create
                0x00000000000087f8       0x94 modules/lvgl/libmodules__lvgl.a(lv_draw_layer.c.obj)
                0x00000000000087f8                lv_draw_layer_create
 .text.lv_draw_mask_add
                0x000000000000888c       0x48 modules/lvgl/libmodules__lvgl.a(lv_draw_mask.c.obj)
                0x000000000000888c                lv_draw_mask_add
 .text.lv_draw_mask_apply
                0x00000000000088d4       0x40 modules/lvgl/libmodules__lvgl.a(lv_draw_mask.c.obj)
                0x00000000000088d4                lv_draw_mask_apply
 .text.lv_draw_mask_remove_id
                0x0000000000008914       0x28 modules/lvgl/libmodules__lvgl.a(lv_draw_mask.c.obj)
                0x0000000000008914                lv_draw_mask_remove_id
 .text.lv_draw_mask_remove_custom
                0x000000000000893c       0x2c modules/lvgl/libmodules__lvgl.a(lv_draw_mask.c.obj)
                0x000000000000893c                lv_draw_mask_remove_custom
 .text._lv_draw_mask_cleanup
                0x0000000000008968       0x28 modules/lvgl/libmodules__lvgl.a(lv_draw_mask.c.obj)
                0x0000000000008968                _lv_draw_mask_cleanup
 .text.lv_draw_mask_is_any
                0x0000000000008990       0x54 modules/lvgl/libmodules__lvgl.a(lv_draw_mask.c.obj)
                0x0000000000008990                lv_draw_mask_is_any
 .text.lv_draw_mask_line_points_init
                0x00000000000089e4      0x124 modules/lvgl/libmodules__lvgl.a(lv_draw_mask.c.obj)
                0x00000000000089e4                lv_draw_mask_line_points_init
 .text.lv_draw_mask_angle_init
                0x0000000000008b08       0xa0 modules/lvgl/libmodules__lvgl.a(lv_draw_mask.c.obj)
                0x0000000000008b08                lv_draw_mask_angle_init
 .text.lv_draw_mask_radius_init
                0x0000000000008ba8      0x464 modules/lvgl/libmodules__lvgl.a(lv_draw_mask.c.obj)
                0x0000000000008ba8                lv_draw_mask_radius_init
 .text.lv_draw_rect_dsc_init
                0x000000000000900c       0x38 modules/lvgl/libmodules__lvgl.a(lv_draw_rect.c.obj)
                0x000000000000900c                lv_draw_rect_dsc_init
 .text.lv_draw_transform
                0x0000000000009044       0x70 modules/lvgl/libmodules__lvgl.a(lv_draw_transform.c.obj)
                0x0000000000009044                lv_draw_transform
 .text._lv_img_cache_open
                0x00000000000090b4       0x78 modules/lvgl/libmodules__lvgl.a(lv_img_cache.c.obj)
                0x00000000000090b4                _lv_img_cache_open
 .text.lv_img_decoder_built_in_info
                0x000000000000912c       0xe0 modules/lvgl/libmodules__lvgl.a(lv_img_decoder.c.obj)
                0x000000000000912c                lv_img_decoder_built_in_info
 .text.lv_img_decoder_built_in_read_line
                0x000000000000920c      0x354 modules/lvgl/libmodules__lvgl.a(lv_img_decoder.c.obj)
                0x000000000000920c                lv_img_decoder_built_in_read_line
 .text.lv_img_decoder_built_in_open
                0x0000000000009560      0x228 modules/lvgl/libmodules__lvgl.a(lv_img_decoder.c.obj)
                0x0000000000009560                lv_img_decoder_built_in_open
 .text.lv_img_decoder_get_info
                0x0000000000009788       0x5c modules/lvgl/libmodules__lvgl.a(lv_img_decoder.c.obj)
                0x0000000000009788                lv_img_decoder_get_info
 .text.lv_img_decoder_open
                0x00000000000097e4       0xf0 modules/lvgl/libmodules__lvgl.a(lv_img_decoder.c.obj)
                0x00000000000097e4                lv_img_decoder_open
 .text.lv_img_decoder_create
                0x00000000000098d4       0x4c modules/lvgl/libmodules__lvgl.a(lv_img_decoder.c.obj)
                0x00000000000098d4                lv_img_decoder_create
 .text._lv_img_decoder_init
                0x0000000000009920       0x68 modules/lvgl/libmodules__lvgl.a(lv_img_decoder.c.obj)
                0x0000000000009920                _lv_img_decoder_init
 .text.lv_draw_sw_init_ctx
                0x0000000000009988       0x88 modules/lvgl/libmodules__lvgl.a(lv_draw_sw.c.obj)
                0x0000000000009988                lv_draw_sw_init_ctx
 .text.lv_draw_sw_blend_basic
                0x0000000000009a10      0x8c8 modules/lvgl/libmodules__lvgl.a(lv_draw_sw_blend.c.obj)
                0x0000000000009a10                lv_draw_sw_blend_basic
 .text.iterate_cache
                0x000000000000a2d8       0x64 modules/lvgl/libmodules__lvgl.a(lv_draw_sw_gradient.c.obj)
 .text.kill_oldest_item
                0x000000000000a33c       0x78 modules/lvgl/libmodules__lvgl.a(lv_draw_sw_gradient.c.obj)
 .text.lv_gradient_set_cache_size
                0x000000000000a3b4       0x64 modules/lvgl/libmodules__lvgl.a(lv_draw_sw_gradient.c.obj)
                0x000000000000a3b4                lv_gradient_set_cache_size
 .text.lv_gradient_calculate
                0x000000000000a418       0xe4 modules/lvgl/libmodules__lvgl.a(lv_draw_sw_gradient.c.obj)
                0x000000000000a418                lv_gradient_calculate
 .text.lv_gradient_get
                0x000000000000a4fc      0x19c modules/lvgl/libmodules__lvgl.a(lv_draw_sw_gradient.c.obj)
                0x000000000000a4fc                lv_gradient_get
 .text.lv_draw_sw_layer_create
                0x000000000000a698      0x124 modules/lvgl/libmodules__lvgl.a(lv_draw_sw_layer.c.obj)
                0x000000000000a698                lv_draw_sw_layer_create
 .text.lv_draw_sw_letter
                0x000000000000a7bc      0x460 modules/lvgl/libmodules__lvgl.a(lv_draw_sw_letter.c.obj)
                0x000000000000a7bc                lv_draw_sw_letter
 .text.lv_draw_sw_line
                0x000000000000ac1c      0x74c modules/lvgl/libmodules__lvgl.a(lv_draw_sw_line.c.obj)
                0x000000000000ac1c                lv_draw_sw_line
 .text.lv_draw_sw_polygon
                0x000000000000b368      0x284 modules/lvgl/libmodules__lvgl.a(lv_draw_sw_polygon.c.obj)
                0x000000000000b368                lv_draw_sw_polygon
 .text.draw_bg_img
                0x000000000000b5ec      0x22c modules/lvgl/libmodules__lvgl.a(lv_draw_sw_rect.c.obj)
 .text.find_track_end
                0x000000000000b818      0x294 modules/lvgl/libmodules__lvgl.a(lv_flex.c.obj)
 .text.flex_update
                0x000000000000baac      0x730 modules/lvgl/libmodules__lvgl.a(lv_flex.c.obj)
 .text.lv_flex_init
                0x000000000000c1dc       0x50 modules/lvgl/libmodules__lvgl.a(lv_flex.c.obj)
                0x000000000000c1dc                lv_flex_init
 .text.grid_align
                0x000000000000c22c      0x130 modules/lvgl/libmodules__lvgl.a(lv_grid.c.obj)
 .text.grid_update
                0x000000000000c35c      0x81c modules/lvgl/libmodules__lvgl.a(lv_grid.c.obj)
 .text.lv_grid_init
                0x000000000000cb78       0xa4 modules/lvgl/libmodules__lvgl.a(lv_grid.c.obj)
                0x000000000000cb78                lv_grid_init
 .text.lv_font_get_glyph_bitmap
                0x000000000000cc1c       0x3c modules/lvgl/libmodules__lvgl.a(lv_font.c.obj)
                0x000000000000cc1c                lv_font_get_glyph_bitmap
 .text.lv_font_get_glyph_dsc
                0x000000000000cc58       0xe8 modules/lvgl/libmodules__lvgl.a(lv_font.c.obj)
                0x000000000000cc58                lv_font_get_glyph_dsc
 .text.lv_font_get_glyph_width
                0x000000000000cd40       0x48 modules/lvgl/libmodules__lvgl.a(lv_font.c.obj)
                0x000000000000cd40                lv_font_get_glyph_width
 .text.get_glyph_dsc_id
                0x000000000000cd88       0xd8 modules/lvgl/libmodules__lvgl.a(lv_font_fmt_txt.c.obj)
 .text.lv_font_get_bitmap_fmt_txt
                0x000000000000ce60       0x48 modules/lvgl/libmodules__lvgl.a(lv_font_fmt_txt.c.obj)
                0x000000000000ce60                lv_font_get_bitmap_fmt_txt
 .text.lv_font_get_glyph_dsc_fmt_txt
                0x000000000000cea8      0x144 modules/lvgl/libmodules__lvgl.a(lv_font_fmt_txt.c.obj)
                0x000000000000cea8                lv_font_get_glyph_dsc_fmt_txt
 .text.lv_disp_drv_init
                0x000000000000cfec       0x44 modules/lvgl/libmodules__lvgl.a(lv_hal_disp.c.obj)
                0x000000000000cfec                lv_disp_drv_init
 .text.lv_disp_drv_register
                0x000000000000d030      0x16c modules/lvgl/libmodules__lvgl.a(lv_hal_disp.c.obj)
                0x000000000000d030                lv_disp_drv_register
 .text.lv_disp_get_default
                0x000000000000d19c        0xc modules/lvgl/libmodules__lvgl.a(lv_hal_disp.c.obj)
                0x000000000000d19c                lv_disp_get_default
 .text.lv_disp_get_hor_res
                0x000000000000d1a8       0x20 modules/lvgl/libmodules__lvgl.a(lv_hal_disp.c.obj)
                0x000000000000d1a8                lv_disp_get_hor_res
 .text.lv_disp_get_ver_res
                0x000000000000d1c8       0x20 modules/lvgl/libmodules__lvgl.a(lv_hal_disp.c.obj)
                0x000000000000d1c8                lv_disp_get_ver_res
 .text.lv_disp_get_dpi
                0x000000000000d1e8       0x1c modules/lvgl/libmodules__lvgl.a(lv_hal_disp.c.obj)
                0x000000000000d1e8                lv_disp_get_dpi
 .text.lv_indev_get_next
                0x000000000000d204       0x14 modules/lvgl/libmodules__lvgl.a(lv_hal_indev.c.obj)
                0x000000000000d204                lv_indev_get_next
 .text.anim_mark_list_change
                0x000000000000d218       0x34 modules/lvgl/libmodules__lvgl.a(lv_anim.c.obj)
 .text.anim_timer
                0x000000000000d24c      0x17c modules/lvgl/libmodules__lvgl.a(lv_anim.c.obj)
 .text._lv_anim_core_init
                0x000000000000d3c8       0x34 modules/lvgl/libmodules__lvgl.a(lv_anim.c.obj)
                0x000000000000d3c8                _lv_anim_core_init
 .text.lv_anim_init
                0x000000000000d3fc       0x2c modules/lvgl/libmodules__lvgl.a(lv_anim.c.obj)
                0x000000000000d3fc                lv_anim_init
 .text.lv_anim_del
                0x000000000000d428       0x60 modules/lvgl/libmodules__lvgl.a(lv_anim.c.obj)
                0x000000000000d428                lv_anim_del
 .text.lv_anim_start
                0x000000000000d488       0xb4 modules/lvgl/libmodules__lvgl.a(lv_anim.c.obj)
                0x000000000000d488                lv_anim_start
 .text.lv_anim_get
                0x000000000000d53c       0x30 modules/lvgl/libmodules__lvgl.a(lv_anim.c.obj)
                0x000000000000d53c                lv_anim_get
 .text.lv_point_transform
                0x000000000000d56c      0x130 modules/lvgl/libmodules__lvgl.a(lv_area.c.obj)
                0x000000000000d56c                lv_point_transform
 .text.lv_palette_main
                0x000000000000d69c       0x3c modules/lvgl/libmodules__lvgl.a(lv_color.c.obj)
                0x000000000000d69c                lv_palette_main
 .text._lv_fs_init
                0x000000000000d6d8        0xc modules/lvgl/libmodules__lvgl.a(lv_fs.c.obj)
                0x000000000000d6d8                _lv_fs_init
 .text.lv_fs_read
                0x000000000000d6e4      0x1b0 modules/lvgl/libmodules__lvgl.a(lv_fs.c.obj)
                0x000000000000d6e4                lv_fs_read
 .text.lv_fs_get_drv
                0x000000000000d894       0x2c modules/lvgl/libmodules__lvgl.a(lv_fs.c.obj)
                0x000000000000d894                lv_fs_get_drv
 .text.lv_fs_open
                0x000000000000d8c0      0x100 modules/lvgl/libmodules__lvgl.a(lv_fs.c.obj)
                0x000000000000d8c0                lv_fs_open
 .text.lv_fs_get_ext
                0x000000000000d9c0       0x2c modules/lvgl/libmodules__lvgl.a(lv_fs.c.obj)
                0x000000000000d9c0                lv_fs_get_ext
 .text.lv_log_register_print_cb
                0x000000000000d9ec        0xc modules/lvgl/libmodules__lvgl.a(lv_log.c.obj)
                0x000000000000d9ec                lv_log_register_print_cb
 .text._lv_log_add
                0x000000000000d9f8       0xb8 modules/lvgl/libmodules__lvgl.a(lv_log.c.obj)
                0x000000000000d9f8                _lv_log_add
 .text.lv_trigo_sin
                0x000000000000dab0       0x58 modules/lvgl/libmodules__lvgl.a(lv_math.c.obj)
                0x000000000000dab0                lv_trigo_sin
 .text.lv_mem_alloc
                0x000000000000db08       0x10 modules/lvgl/libmodules__lvgl.a(lv_mem.c.obj)
                0x000000000000db08                lv_mem_alloc
 .text.lv_mem_free
                0x000000000000db18       0x14 modules/lvgl/libmodules__lvgl.a(lv_mem.c.obj)
                0x000000000000db18                lv_mem_free
 .text.lv_mem_realloc
                0x000000000000db2c       0x4c modules/lvgl/libmodules__lvgl.a(lv_mem.c.obj)
                0x000000000000db2c                lv_mem_realloc
 .text.lv_mem_buf_get
                0x000000000000db78      0x100 modules/lvgl/libmodules__lvgl.a(lv_mem.c.obj)
                0x000000000000db78                lv_mem_buf_get
 .text.lv_mem_buf_release
                0x000000000000dc78       0x48 modules/lvgl/libmodules__lvgl.a(lv_mem.c.obj)
                0x000000000000dc78                lv_mem_buf_release
 .text.lv_mem_buf_free_all
                0x000000000000dcc0       0x34 modules/lvgl/libmodules__lvgl.a(lv_mem.c.obj)
                0x000000000000dcc0                lv_mem_buf_free_all
 .text.lv_style_reset
                0x000000000000dcf4       0x48 modules/lvgl/libmodules__lvgl.a(lv_style.c.obj)
                0x000000000000dcf4                lv_style_reset
 .text.lv_style_register_prop
                0x000000000000dd3c       0xe0 modules/lvgl/libmodules__lvgl.a(lv_style.c.obj)
                0x000000000000dd3c                lv_style_register_prop
 .text.lv_style_remove_prop
                0x000000000000de1c       0xdc modules/lvgl/libmodules__lvgl.a(lv_style.c.obj)
                0x000000000000de1c                lv_style_remove_prop
 .text.lv_style_prop_get_default
                0x000000000000def8       0x98 modules/lvgl/libmodules__lvgl.a(lv_style.c.obj)
                0x000000000000def8                lv_style_prop_get_default
 .text.lv_style_set_prop_internal
                0x000000000000df90      0x118 modules/lvgl/libmodules__lvgl.a(lv_style.c.obj)
 .text.lv_style_set_prop
                0x000000000000e0a8        0xc modules/lvgl/libmodules__lvgl.a(lv_style.c.obj)
                0x000000000000e0a8                lv_style_set_prop
 .text._lv_style_prop_lookup_flags
                0x000000000000e0b4       0x40 modules/lvgl/libmodules__lvgl.a(lv_style.c.obj)
                0x000000000000e0b4                _lv_style_prop_lookup_flags
 .text._lv_timer_core_init
                0x000000000000e0f4       0x1c modules/lvgl/libmodules__lvgl.a(lv_timer.c.obj)
                0x000000000000e0f4                _lv_timer_core_init
 .text.lv_timer_create
                0x000000000000e110       0x70 modules/lvgl/libmodules__lvgl.a(lv_timer.c.obj)
                0x000000000000e110                lv_timer_create
 .text.lv_timer_del
                0x000000000000e180       0x24 modules/lvgl/libmodules__lvgl.a(lv_timer.c.obj)
                0x000000000000e180                lv_timer_del
 .text.lv_timer_handler
                0x000000000000e1a4      0x1c4 modules/lvgl/libmodules__lvgl.a(lv_timer.c.obj)
                0x000000000000e1a4                lv_timer_handler
 .text.lv_txt_utf8_prev
                0x000000000000e368       0x48 modules/lvgl/libmodules__lvgl.a(lv_txt.c.obj)
 .text.lv_txt_utf8_get_byte_id
                0x000000000000e3b0       0x38 modules/lvgl/libmodules__lvgl.a(lv_txt.c.obj)
 .text.lv_txt_utf8_get_char_id
                0x000000000000e3e8       0x28 modules/lvgl/libmodules__lvgl.a(lv_txt.c.obj)
 .text.lv_txt_utf8_get_length
                0x000000000000e410       0x28 modules/lvgl/libmodules__lvgl.a(lv_txt.c.obj)
 .text._lv_txt_get_next_line
                0x000000000000e438      0x22c modules/lvgl/libmodules__lvgl.a(lv_txt.c.obj)
                0x000000000000e438                _lv_txt_get_next_line
 .text._lv_txt_encoded_letter_next_2
                0x000000000000e664       0x34 modules/lvgl/libmodules__lvgl.a(lv_txt.c.obj)
                0x000000000000e664                _lv_txt_encoded_letter_next_2
 .text.lv_txt_get_size
                0x000000000000e698       0xdc modules/lvgl/libmodules__lvgl.a(lv_txt.c.obj)
                0x000000000000e698                lv_txt_get_size
 .text.lv_label_revert_dots
                0x000000000000e774       0x58 modules/lvgl/libmodules__lvgl.a(lv_label.c.obj)
 .text.lv_label_create
                0x000000000000e7cc       0x18 modules/lvgl/libmodules__lvgl.a(lv_label.c.obj)
                0x000000000000e7cc                lv_label_create
 .text.lv_label_get_letter_on
                0x000000000000e7e4      0x220 modules/lvgl/libmodules__lvgl.a(lv_label.c.obj)
                0x000000000000e7e4                lv_label_get_letter_on
 .text.lv_label_refr_text
                0x000000000000ea04      0x4dc modules/lvgl/libmodules__lvgl.a(lv_label.c.obj)
 .text.lv_label_set_text
                0x000000000000eee0       0xc0 modules/lvgl/libmodules__lvgl.a(lv_label.c.obj)
                0x000000000000eee0                lv_label_set_text
 .text.lv_label_set_long_mode
                0x000000000000efa0       0x60 modules/lvgl/libmodules__lvgl.a(lv_label.c.obj)
                0x000000000000efa0                lv_label_set_long_mode
 .text.lv_label_constructor
                0x000000000000f000       0x4c modules/lvgl/libmodules__lvgl.a(lv_label.c.obj)
 .text.lv_label_event
                0x000000000000f04c      0x338 modules/lvgl/libmodules__lvgl.a(lv_label.c.obj)
 .text.lvgl_log
                0x000000000000f384       0x6c modules/lvgl/libmodules__lvgl.a(lvgl.c.obj)
 .text.lvgl_init
                0x000000000000f3f0      0x118 modules/lvgl/libmodules__lvgl.a(lvgl.c.obj)
 .text.set_lvgl_rendering_cb
                0x000000000000f508       0x84 modules/lvgl/libmodules__lvgl.a(lvgl_display.c.obj)
                0x000000000000f508                set_lvgl_rendering_cb
 .text.lvgl_malloc
                0x000000000000f58c       0x28 modules/lvgl/libmodules__lvgl.a(lvgl_mem.c.obj)
                0x000000000000f58c                lvgl_malloc
 .text.lvgl_realloc
                0x000000000000f5b4       0x2c modules/lvgl/libmodules__lvgl.a(lvgl_mem.c.obj)
                0x000000000000f5b4                lvgl_realloc
 .text.lvgl_free
                0x000000000000f5e0       0x28 modules/lvgl/libmodules__lvgl.a(lvgl_mem.c.obj)
                0x000000000000f5e0                lvgl_free
 .text.lvgl_heap_init
                0x000000000000f608       0x14 modules/lvgl/libmodules__lvgl.a(lvgl_mem.c.obj)
                0x000000000000f608                lvgl_heap_init
 .text._DoInit  0x000000000000f61c       0x60 modules/segger/libmodules__segger.a(SEGGER_RTT.c.obj)
 .text.SEGGER_RTT_WriteSkipNoLock
                0x000000000000f67c       0x88 modules/segger/libmodules__segger.a(SEGGER_RTT.c.obj)
                0x000000000000f67c                SEGGER_RTT_WriteSkipNoLock
 .text.SEGGER_RTT_HasDataUp
                0x000000000000f704       0x14 modules/segger/libmodules__segger.a(SEGGER_RTT.c.obj)
                0x000000000000f704                SEGGER_RTT_HasDataUp
 .text.zephyr_rtt_mutex_lock
                0x000000000000f718       0x14 modules/segger/libmodules__segger.a(SEGGER_RTT_zephyr.c.obj)
                0x000000000000f718                zephyr_rtt_mutex_lock
 .text.zephyr_rtt_mutex_unlock
                0x000000000000f72c        0xc modules/segger/libmodules__segger.a(SEGGER_RTT_zephyr.c.obj)
                0x000000000000f72c                zephyr_rtt_mutex_unlock
 .text.z_fatal_error
                0x000000000000f738       0xe8 zephyr/kernel/libkernel.a(fatal.c.obj)
                0x000000000000f738                z_fatal_error
 .text.z_sys_init_run_level
                0x000000000000f820       0x48 zephyr/kernel/libkernel.a(init.c.obj)
 .text.bg_thread_main
                0x000000000000f868       0x34 zephyr/kernel/libkernel.a(init.c.obj)
 .text.z_bss_zero
                0x000000000000f89c       0x18 zephyr/kernel/libkernel.a(init.c.obj)
                0x000000000000f89c                z_bss_zero
 .text.z_init_cpu
                0x000000000000f8b4       0x8c zephyr/kernel/libkernel.a(init.c.obj)
                0x000000000000f8b4                z_init_cpu
 .text.z_cstart
                0x000000000000f940       0xe0 zephyr/kernel/libkernel.a(init.c.obj)
                0x000000000000f940                z_cstart
 .text.z_setup_new_thread
                0x000000000000fa20       0x80 zephyr/kernel/libkernel.a(thread.c.obj)
                0x000000000000fa20                z_setup_new_thread
 .text.z_impl_k_thread_create
                0x000000000000faa0       0x58 zephyr/kernel/libkernel.a(thread.c.obj)
                0x000000000000faa0                z_impl_k_thread_create
 .text.z_init_static_threads
                0x000000000000faf8       0x98 zephyr/kernel/libkernel.a(thread.c.obj)
                0x000000000000faf8                z_init_static_threads
 .text.z_impl_k_mutex_unlock
                0x000000000000fb90       0x78 zephyr/kernel/libkernel.a(mutex.c.obj)
                0x000000000000fb90                z_impl_k_mutex_unlock
 .text.z_impl_k_mutex_lock
                0x000000000000fc08       0xf4 zephyr/kernel/libkernel.a(mutex.c.obj)
                0x000000000000fc08                z_impl_k_mutex_lock
 .text.z_impl_k_sem_give
                0x000000000000fcfc       0x48 zephyr/kernel/libkernel.a(sem.c.obj)
                0x000000000000fcfc                z_impl_k_sem_give
 .text.z_impl_k_sem_take
                0x000000000000fd44       0x50 zephyr/kernel/libkernel.a(sem.c.obj)
                0x000000000000fd44                z_impl_k_sem_take
 .text.sliceable
                0x000000000000fd94       0x3c zephyr/kernel/libkernel.a(sched.c.obj)
 .text.slice_timeout
                0x000000000000fdd0       0x20 zephyr/kernel/libkernel.a(sched.c.obj)
 .text.z_reset_time_slice
                0x000000000000fdf0       0x50 zephyr/kernel/libkernel.a(sched.c.obj)
                0x000000000000fdf0                z_reset_time_slice
 .text.update_cache
                0x000000000000fe40       0x3c zephyr/kernel/libkernel.a(sched.c.obj)
 .text.move_thread_to_end_of_prio_q
                0x000000000000fe7c       0x74 zephyr/kernel/libkernel.a(sched.c.obj)
 .text.ready_thread
                0x000000000000fef0       0x68 zephyr/kernel/libkernel.a(sched.c.obj)
 .text.unready_thread
                0x000000000000ff58       0x30 zephyr/kernel/libkernel.a(sched.c.obj)
 .text.pend_locked
                0x000000000000ff88       0x30 zephyr/kernel/libkernel.a(sched.c.obj)
 .text.z_thread_halt
                0x000000000000ffb8       0xa0 zephyr/kernel/libkernel.a(sched.c.obj)
 .text.z_time_slice
                0x0000000000010058       0x60 zephyr/kernel/libkernel.a(sched.c.obj)
                0x0000000000010058                z_time_slice
 .text.z_pend_curr
                0x00000000000100b8       0x3c zephyr/kernel/libkernel.a(sched.c.obj)
                0x00000000000100b8                z_pend_curr
 .text.z_set_prio
                0x00000000000100f4       0x8c zephyr/kernel/libkernel.a(sched.c.obj)
                0x00000000000100f4                z_set_prio
 .text.z_reschedule
                0x0000000000010180       0x24 zephyr/kernel/libkernel.a(sched.c.obj)
                0x0000000000010180                z_reschedule
 .text.z_sched_start
                0x00000000000101a4       0x3c zephyr/kernel/libkernel.a(sched.c.obj)
                0x00000000000101a4                z_sched_start
 .text.k_sched_lock
                0x00000000000101e0       0x28 zephyr/kernel/libkernel.a(sched.c.obj)
                0x00000000000101e0                k_sched_lock
 .text.k_sched_unlock
                0x0000000000010208       0x38 zephyr/kernel/libkernel.a(sched.c.obj)
                0x0000000000010208                k_sched_unlock
 .text.z_sched_init
                0x0000000000010240       0x10 zephyr/kernel/libkernel.a(sched.c.obj)
                0x0000000000010240                z_sched_init
 .text.z_impl_k_yield
                0x0000000000010250       0x7c zephyr/kernel/libkernel.a(sched.c.obj)
                0x0000000000010250                z_impl_k_yield
 .text.z_tick_sleep
                0x00000000000102cc       0x88 zephyr/kernel/libkernel.a(sched.c.obj)
 .text.z_impl_k_sleep
                0x0000000000010354       0x34 zephyr/kernel/libkernel.a(sched.c.obj)
                0x0000000000010354                z_impl_k_sleep
 .text.z_impl_k_sched_current_thread_query
                0x0000000000010388        0xc zephyr/kernel/libkernel.a(sched.c.obj)
                0x0000000000010388                z_impl_k_sched_current_thread_query
 .text.z_data_copy
                0x0000000000010394       0x34 zephyr/kernel/libkernel.a(xip.c.obj)
                0x0000000000010394                z_data_copy
 .text.elapsed  0x00000000000103c8       0x14 zephyr/kernel/libkernel.a(timeout.c.obj)
 .text.next_timeout
                0x00000000000103dc       0x40 zephyr/kernel/libkernel.a(timeout.c.obj)
 .text.remove_timeout
                0x000000000001041c       0x38 zephyr/kernel/libkernel.a(timeout.c.obj)
 .text.z_add_timeout
                0x0000000000010454       0xec zephyr/kernel/libkernel.a(timeout.c.obj)
                0x0000000000010454                z_add_timeout
 .text.sys_clock_announce
                0x0000000000010540       0xd4 zephyr/kernel/libkernel.a(timeout.c.obj)
                0x0000000000010540                sys_clock_announce
 .text.sys_clock_tick_get
                0x0000000000010614       0x34 zephyr/kernel/libkernel.a(timeout.c.obj)
                0x0000000000010614                sys_clock_tick_get
 .text.z_timer_expiration_handler
                0x0000000000010648       0xe4 zephyr/kernel/libkernel.a(timer.c.obj)
                0x0000000000010648                z_timer_expiration_handler
 .text.z_impl_k_timer_start
                0x000000000001072c       0x74 zephyr/kernel/libkernel.a(timer.c.obj)
                0x000000000001072c                z_impl_k_timer_start
 .text.boot_banner
                0x00000000000107a0        0xc zephyr/kernel/libkernel.a(banner.c.obj)
                0x00000000000107a0                boot_banner
 .text.statics_init
                0x00000000000107ac       0x24 zephyr/kernel/libkernel.a(kheap.c.obj)
 .text.snprintf
                0x00000000000107d0       0x58 /home/samuel/ncs/toolchains/2be090971e/opt/zephyr-sdk/arm-zephyr-eabi/bin/../lib/gcc/../../picolibc/arm-zephyr-eabi/lib/thumb/v7e-m/nofp/libc.a(libc_tinystdio_snprintf.c.o)
                0x00000000000107d0                snprintf
 .text.__l_vfprintf
                0x0000000000010828      0x4b8 /home/samuel/ncs/toolchains/2be090971e/opt/zephyr-sdk/arm-zephyr-eabi/bin/../lib/gcc/../../picolibc/arm-zephyr-eabi/lib/thumb/v7e-m/nofp/libc.a(libc_tinystdio_vflprintf.c.o)
                0x0000000000010828                __l_vfprintf
 .text.vsnprintf
                0x0000000000010ce0       0x50 /home/samuel/ncs/toolchains/2be090971e/opt/zephyr-sdk/arm-zephyr-eabi/bin/../lib/gcc/../../picolibc/arm-zephyr-eabi/lib/thumb/v7e-m/nofp/libc.a(libc_tinystdio_vsnprintf.c.o)
                0x0000000000010ce0                vsnprintf
 .text.vsprintf
                0x0000000000010d30       0x44 /home/samuel/ncs/toolchains/2be090971e/opt/zephyr-sdk/arm-zephyr-eabi/bin/../lib/gcc/../../picolibc/arm-zephyr-eabi/lib/thumb/v7e-m/nofp/libc.a(libc_tinystdio_vsprintf.c.o)
                0x0000000000010d30                vsprintf
 .text._OffsetAbsSyms
                0x0000000000010d74        0x2 zephyr/CMakeFiles/offsets.dir/./arch/arm/core/offsets/offsets.c.obj
                0x0000000000010d74                _OffsetAbsSyms
 .text.lv_scr_act
                0x0000000000010d76        0xe app/libapp.a(main.c.obj)
 .text.cbpprintf_external
                0x0000000000010d84       0x62 zephyr/libzephyr.a(cbprintf_packaged.c.obj)
                0x0000000000010d84                cbpprintf_external
 .text.is_ptr   0x0000000000010de6       0x4a zephyr/libzephyr.a(cbprintf_packaged.c.obj)
                0x0000000000010de6                is_ptr
 .text.arch_printk_char_out
                0x0000000000010e30        0x4 zephyr/libzephyr.a(printk.c.obj)
                0x0000000000010e30                arch_printk_char_out
 .text.printk   0x0000000000010e34       0x1a zephyr/libzephyr.a(printk.c.obj)
                0x0000000000010e34                printk
 .text.chunk_size
                0x0000000000010e4e        0xa zephyr/libzephyr.a(heap.c.obj)
 .text.free_list_add
                0x0000000000010e58       0x4e zephyr/libzephyr.a(heap.c.obj)
 .text.free_list_remove_bidx
                0x0000000000010ea6       0x3a zephyr/libzephyr.a(heap.c.obj)
 .text.free_list_remove
                0x0000000000010ee0       0x1a zephyr/libzephyr.a(heap.c.obj)
 .text.alloc_chunk
                0x0000000000010efa       0x6e zephyr/libzephyr.a(heap.c.obj)
 .text.merge_chunks
                0x0000000000010f68       0x2c zephyr/libzephyr.a(heap.c.obj)
 .text.split_chunks
                0x0000000000010f94       0x34 zephyr/libzephyr.a(heap.c.obj)
 .text.free_chunk
                0x0000000000010fc8       0x62 zephyr/libzephyr.a(heap.c.obj)
 .text.sys_heap_free
                0x000000000001102a       0x1e zephyr/libzephyr.a(heap.c.obj)
                0x000000000001102a                sys_heap_free
 .text.sys_heap_alloc
                0x0000000000011048       0x52 zephyr/libzephyr.a(heap.c.obj)
                0x0000000000011048                sys_heap_alloc
 .text.sys_heap_aligned_alloc
                0x000000000001109a       0xd0 zephyr/libzephyr.a(heap.c.obj)
                0x000000000001109a                sys_heap_aligned_alloc
 .text.sys_heap_aligned_realloc
                0x000000000001116a      0x128 zephyr/libzephyr.a(heap.c.obj)
                0x000000000001116a                sys_heap_aligned_realloc
 .text.sys_heap_init
                0x0000000000011292       0x7a zephyr/libzephyr.a(heap.c.obj)
                0x0000000000011292                sys_heap_init
 .text.process_recheck
                0x000000000001130c       0x38 zephyr/libzephyr.a(onoff.c.obj)
 .text.validate_args
                0x0000000000011344       0x20 zephyr/libzephyr.a(onoff.c.obj)
 .text.notify_one
                0x0000000000011364       0x2c zephyr/libzephyr.a(onoff.c.obj)
 .text.transition_complete
                0x0000000000011390       0x1c zephyr/libzephyr.a(onoff.c.obj)
 .text.onoff_manager_init
                0x00000000000113ac       0x26 zephyr/libzephyr.a(onoff.c.obj)
                0x00000000000113ac                onoff_manager_init
 .text.onoff_request
                0x00000000000113d2       0xb0 zephyr/libzephyr.a(onoff.c.obj)
                0x00000000000113d2                onoff_request
 .text.sys_notify_validate
                0x0000000000011482       0x22 zephyr/libzephyr.a(notify.c.obj)
                0x0000000000011482                sys_notify_validate
 .text.sys_notify_finalize
                0x00000000000114a4       0x1a zephyr/libzephyr.a(notify.c.obj)
                0x00000000000114a4                sys_notify_finalize
 .text.free_space
                0x00000000000114be       0x26 zephyr/libzephyr.a(mpsc_pbuf.c.obj)
 .text.get_usage
                0x00000000000114e4       0x22 zephyr/libzephyr.a(mpsc_pbuf.c.obj)
 .text.idx_inc  0x0000000000011506       0x1c zephyr/libzephyr.a(mpsc_pbuf.c.obj)
 .text.rd_idx_inc
                0x0000000000011522       0x18 zephyr/libzephyr.a(mpsc_pbuf.c.obj)
 .text.add_skip_item
                0x000000000001153a       0x3a zephyr/libzephyr.a(mpsc_pbuf.c.obj)
 .text.drop_item_locked
                0x0000000000011574       0xee zephyr/libzephyr.a(mpsc_pbuf.c.obj)
 .text.post_drop_action
                0x0000000000011662       0x36 zephyr/libzephyr.a(mpsc_pbuf.c.obj)
 .text.max_utilization_update
                0x0000000000011698       0x1a zephyr/libzephyr.a(mpsc_pbuf.c.obj)
 .text.mpsc_pbuf_init
                0x00000000000116b2       0x42 zephyr/libzephyr.a(mpsc_pbuf.c.obj)
                0x00000000000116b2                mpsc_pbuf_init
 .text.mpsc_pbuf_alloc
                0x00000000000116f4       0xfc zephyr/libzephyr.a(mpsc_pbuf.c.obj)
                0x00000000000116f4                mpsc_pbuf_alloc
 .text.mpsc_pbuf_commit
                0x00000000000117f0       0x40 zephyr/libzephyr.a(mpsc_pbuf.c.obj)
                0x00000000000117f0                mpsc_pbuf_commit
 .text.mpsc_pbuf_claim
                0x0000000000011830       0xa4 zephyr/libzephyr.a(mpsc_pbuf.c.obj)
                0x0000000000011830                mpsc_pbuf_claim
 .text.mpsc_pbuf_free
                0x00000000000118d4       0x78 zephyr/libzephyr.a(mpsc_pbuf.c.obj)
                0x00000000000118d4                mpsc_pbuf_free
 .text.mpsc_pbuf_is_pending
                0x000000000001194c       0x1a zephyr/libzephyr.a(mpsc_pbuf.c.obj)
                0x000000000001194c                mpsc_pbuf_is_pending
 .text._ConfigAbsSyms
                0x0000000000011966        0x2 zephyr/libzephyr.a(configs.c.obj)
                0x0000000000011966                _ConfigAbsSyms
 .text.log_msg_generic_get_wlen
                0x0000000000011968       0x20 zephyr/libzephyr.a(log_core.c.obj)
 .text.dummy_timestamp
                0x0000000000011988        0x4 zephyr/libzephyr.a(log_core.c.obj)
 .text.default_get_timestamp
                0x000000000001198c        0x4 zephyr/libzephyr.a(log_core.c.obj)
 .text.atomic_inc
                0x0000000000011990       0x1a zephyr/libzephyr.a(log_core.c.obj)
 .text.z_log_vprintk
                0x00000000000119aa       0x1c zephyr/libzephyr.a(log_core.c.obj)
                0x00000000000119aa                z_log_vprintk
 .text.z_log_notify_drop
                0x00000000000119c6        0x6 zephyr/libzephyr.a(log_core.c.obj)
 .text.z_log_get_tag
                0x00000000000119cc        0x4 zephyr/libzephyr.a(log_core.c.obj)
                0x00000000000119cc                z_log_get_tag
 .text.z_cbprintf_cpy
                0x00000000000119d0       0x2c zephyr/libzephyr.a(log_msg.c.obj)
 .text.z_log_msg_finalize
                0x00000000000119fc       0x32 zephyr/libzephyr.a(log_msg.c.obj)
                0x00000000000119fc                z_log_msg_finalize
 .text.z_log_msg_simple_create
                0x0000000000011a2e       0x6e zephyr/libzephyr.a(log_msg.c.obj)
 .text.z_impl_z_log_msg_simple_create_0
                0x0000000000011a9c       0x12 zephyr/libzephyr.a(log_msg.c.obj)
                0x0000000000011a9c                z_impl_z_log_msg_simple_create_0
 .text.z_impl_z_log_msg_simple_create_1
                0x0000000000011aae       0x14 zephyr/libzephyr.a(log_msg.c.obj)
                0x0000000000011aae                z_impl_z_log_msg_simple_create_1
 .text.buffer_write
                0x0000000000011ac2       0x1a zephyr/libzephyr.a(log_output.c.obj)
 .text.log_output_flush
                0x0000000000011adc       0x1a zephyr/libzephyr.a(log_output.c.obj)
                0x0000000000011adc                log_output_flush
 .text.out_func
                0x0000000000011af6       0x36 zephyr/libzephyr.a(log_output.c.obj)
 .text.cr_out_func
                0x0000000000011b2c       0x1c zephyr/libzephyr.a(log_output.c.obj)
 .text.format_set
                0x0000000000011b48        0xc zephyr/libzephyr.a(log_backend_uart.c.obj)
 .text.log_backend_uart_init
                0x0000000000011b54        0xc zephyr/libzephyr.a(log_backend_uart.c.obj)
 .text.panic    0x0000000000011b60       0x10 zephyr/libzephyr.a(log_backend_uart.c.obj)
 .text.dropped  0x0000000000011b70        0xa zephyr/libzephyr.a(log_backend_uart.c.obj)
 .text.process  0x0000000000011b7a       0x1e zephyr/libzephyr.a(log_backend_uart.c.obj)
 .text.z_do_kernel_oops
                0x0000000000011b98        0x8 zephyr/arch/arch/arm/core/libarch__arm__core.a(fatal.c.obj)
                0x0000000000011b98                z_do_kernel_oops
 .text.z_arm_nmi
                0x0000000000011ba0        0xe zephyr/arch/arch/arm/core/libarch__arm__core.a(nmi.c.obj)
                0x0000000000011ba0                z_arm_nmi
 .text.z_log_msg_simple_create_0.constprop.0
                0x0000000000011bae        0x8 zephyr/arch/arch/arm/core/cortex_m/libarch__arm__core__cortex_m.a(fault.c.obj)
 .text.z_irq_spurious
                0x0000000000011bb6        0x8 zephyr/arch/arch/arm/core/cortex_m/libarch__arm__core__cortex_m.a(irq_manage.c.obj)
                0x0000000000011bb6                z_irq_spurious
 .text.size_to_mpu_rasr_size
                0x0000000000011bbe       0x20 zephyr/arch/arch/arm/core/mpu/libarch__arm__core__mpu.a(arm_mpu.c.obj)
 .text.cbputc   0x0000000000011bde        0xc zephyr/lib/libc/picolibc/liblib__libc__picolibc.a(libc-hooks.c.obj)
 .text.picolibc_put
                0x0000000000011bea        0xa zephyr/lib/libc/picolibc/liblib__libc__picolibc.a(libc-hooks.c.obj)
 .text.get_status
                0x0000000000011bf4       0x12 zephyr/drivers/clock_control/libdrivers__clock_control.a(clock_control_nrf.c.obj)
 .text.set_on_state
                0x0000000000011c06       0x26 zephyr/drivers/clock_control/libdrivers__clock_control.a(clock_control_nrf.c.obj)
 .text.stop     0x0000000000011c2c       0x52 zephyr/drivers/clock_control/libdrivers__clock_control.a(clock_control_nrf.c.obj)
 .text.api_stop
                0x0000000000011c7e        0x6 zephyr/drivers/clock_control/libdrivers__clock_control.a(clock_control_nrf.c.obj)
 .text.async_start
                0x0000000000011c84       0x5c zephyr/drivers/clock_control/libdrivers__clock_control.a(clock_control_nrf.c.obj)
 .text.api_start
                0x0000000000011ce0        0xe zephyr/drivers/clock_control/libdrivers__clock_control.a(clock_control_nrf.c.obj)
 .text.onoff_started_callback
                0x0000000000011cee       0x12 zephyr/drivers/clock_control/libdrivers__clock_control.a(clock_control_nrf.c.obj)
 .text.lfclk_stop
                0x0000000000011d00        0x6 zephyr/drivers/clock_control/libdrivers__clock_control.a(clock_control_nrf.c.obj)
 .text.blocking_start_callback
                0x0000000000011d06        0x6 zephyr/drivers/clock_control/libdrivers__clock_control.a(clock_control_nrf.c.obj)
 .text.ssd1306_bus_name_i2c
                0x0000000000011d0c        0x8 zephyr/drivers/display/libdrivers__display.a(ssd1306.c.obj)
 .text.ssd1306_write_bus
                0x0000000000011d14        0xc zephyr/drivers/display/libdrivers__display.a(ssd1306.c.obj)
 .text.ssd1306_resume
                0x0000000000011d20       0x18 zephyr/drivers/display/libdrivers__display.a(ssd1306.c.obj)
 .text.ssd1306_suspend
                0x0000000000011d38       0x18 zephyr/drivers/display/libdrivers__display.a(ssd1306.c.obj)
 .text.ssd1306_set_brightness
                0x0000000000011d50        0x6 zephyr/drivers/display/libdrivers__display.a(ssd1306.c.obj)
 .text.ssd1306_set_contrast
                0x0000000000011d56       0x1c zephyr/drivers/display/libdrivers__display.a(ssd1306.c.obj)
 .text.ssd1306_get_capabilities
                0x0000000000011d72       0x24 zephyr/drivers/display/libdrivers__display.a(ssd1306.c.obj)
 .text.ssd1306_write_bus_i2c
                0x0000000000011d96       0x3c zephyr/drivers/display/libdrivers__display.a(ssd1306.c.obj)
 .text.z_log_msg_simple_create_0.constprop.0
                0x0000000000011dd2        0x8 zephyr/drivers/display/libdrivers__display.a(ssd1306.c.obj)
 .text.ssd1306_set_pixel_format
                0x0000000000011dda        0xc zephyr/drivers/display/libdrivers__display.a(ssd1306.c.obj)
 .text.ssd1306_bus_ready_i2c
                0x0000000000011de6        0x8 zephyr/drivers/display/libdrivers__display.a(ssd1306.c.obj)
 .text.gpio_pin_set_dt.isra.0
                0x0000000000011dee       0x28 zephyr/drivers/display/libdrivers__display.a(ssd1306.c.obj)
 .text.gpio_nrfx_port_get_raw
                0x0000000000011e16        0xe zephyr/drivers/gpio/libdrivers__gpio.a(gpio_nrfx.c.obj)
 .text.gpio_nrfx_port_set_masked_raw
                0x0000000000011e24       0x18 zephyr/drivers/gpio/libdrivers__gpio.a(gpio_nrfx.c.obj)
 .text.gpio_nrfx_port_set_bits_raw
                0x0000000000011e3c        0xc zephyr/drivers/gpio/libdrivers__gpio.a(gpio_nrfx.c.obj)
 .text.gpio_nrfx_port_clear_bits_raw
                0x0000000000011e48        0xc zephyr/drivers/gpio/libdrivers__gpio.a(gpio_nrfx.c.obj)
 .text.gpio_nrfx_port_toggle_bits
                0x0000000000011e54       0x1a zephyr/drivers/gpio/libdrivers__gpio.a(gpio_nrfx.c.obj)
 .text.gpio_nrfx_manage_callback
                0x0000000000011e6e       0x52 zephyr/drivers/gpio/libdrivers__gpio.a(gpio_nrfx.c.obj)
 .text.pinctrl_lookup_state
                0x0000000000011ec0       0x26 zephyr/drivers/pinctrl/libdrivers__pinctrl.a(common.c.obj)
                0x0000000000011ec0                pinctrl_lookup_state
 .text.uarte_nrfx_err_check
                0x0000000000011ee6        0xe zephyr/drivers/serial/libdrivers__serial.a(uart_nrfx_uarte.c.obj)
 .text.uarte_nrfx_poll_in
                0x0000000000011ef4       0x28 zephyr/drivers/serial/libdrivers__serial.a(uart_nrfx_uarte.c.obj)
 .text.is_tx_ready.isra.0
                0x0000000000011f1c       0x20 zephyr/drivers/serial/libdrivers__serial.a(uart_nrfx_uarte.c.obj)
 .text.uarte_nrfx_isr_int
                0x0000000000011f3c       0x72 zephyr/drivers/serial/libdrivers__serial.a(uart_nrfx_uarte.c.obj)
 .text.event_clear
                0x0000000000011fae       0x18 zephyr/drivers/timer/libdrivers__timer.a(nrf_rtc_timer.c.obj)
 .text.sys_clock_cycle_get_32
                0x0000000000011fc6        0x8 zephyr/drivers/timer/libdrivers__timer.a(nrf_rtc_timer.c.obj)
                0x0000000000011fc6                sys_clock_cycle_get_32
 .text.nrf52_errata_12
                0x0000000000011fce       0x1c modules/hal_nordic/nrfx/libmodules__hal_nordic__nrfx.a(system_nrf52.c.obj)
 .text.nrfx_isr
                0x0000000000011fea        0x2 modules/hal_nordic/nrfx/libmodules__hal_nordic__nrfx.a(nrfx_glue.c.obj)
                0x0000000000011fea                nrfx_isr
 .text.nrfx_busy_wait
                0x0000000000011fec        0x4 modules/hal_nordic/nrfx/libmodules__hal_nordic__nrfx.a(nrfx_glue.c.obj)
                0x0000000000011fec                nrfx_busy_wait
 .text.nrfx_gppi_channel_endpoints_setup
                0x0000000000011ff0       0x14 modules/hal_nordic/nrfx/libmodules__hal_nordic__nrfx.a(nrfx_gppi_ppi.c.obj)
                0x0000000000011ff0                nrfx_gppi_channel_endpoints_setup
 .text.nrfx_clock_stop
                0x0000000000012004        0x4 modules/hal_nordic/nrfx/libmodules__hal_nordic__nrfx.a(nrfx_clock.c.obj)
                0x0000000000012004                nrfx_clock_stop
 .text.nrf_gpio_pin_port_decode
                0x0000000000012008       0x14 modules/hal_nordic/nrfx/libmodules__hal_nordic__nrfx.a(nrfx_gpiote.c.obj)
 .text.nrf_gpio_reconfigure
                0x000000000001201c       0x92 modules/hal_nordic/nrfx/libmodules__hal_nordic__nrfx.a(nrfx_gpiote.c.obj)
 .text.nrf_gpio_cfg_sense_set
                0x00000000000120ae       0x1e modules/hal_nordic/nrfx/libmodules__hal_nordic__nrfx.a(nrfx_gpiote.c.obj)
 .text.latch_pending_read_and_check
                0x00000000000120cc       0x1c modules/hal_nordic/nrfx/libmodules__hal_nordic__nrfx.a(nrfx_gpiote.c.obj)
 .text.nrfx_gpiote_pin_uninit
                0x00000000000120e8        0x4 modules/hal_nordic/nrfx/libmodules__hal_nordic__nrfx.a(nrfx_gpiote.c.obj)
                0x00000000000120e8                nrfx_gpiote_pin_uninit
 .text.nrfx_gpiote_trigger_disable
                0x00000000000120ec        0x4 modules/hal_nordic/nrfx/libmodules__hal_nordic__nrfx.a(nrfx_gpiote.c.obj)
                0x00000000000120ec                nrfx_gpiote_trigger_disable
 .text.twi_transfer
                0x00000000000120f0      0x130 modules/hal_nordic/nrfx/libmodules__hal_nordic__nrfx.a(nrfx_twi.c.obj)
 .text.nrf_gpio_pin_port_decode
                0x0000000000012220       0x14 modules/hal_nordic/nrfx/libmodules__hal_nordic__nrfx.a(nrfx_twi_twim.c.obj)
 .text.nrf_gpio_pin_set
                0x0000000000012234       0x1a modules/hal_nordic/nrfx/libmodules__hal_nordic__nrfx.a(nrfx_twi_twim.c.obj)
 .text.lv_disp_get_theme
                0x000000000001224e        0xc modules/lvgl/libmodules__lvgl.a(lv_disp.c.obj)
                0x000000000001224e                lv_disp_get_theme
 .text.lv_obj_get_event_dsc.isra.0
                0x000000000001225a       0x1a modules/lvgl/libmodules__lvgl.a(lv_event.c.obj)
 .text.lv_obj_event_base
                0x0000000000012274       0x2c modules/lvgl/libmodules__lvgl.a(lv_event.c.obj)
                0x0000000000012274                lv_obj_event_base
 .text.lv_event_get_target
                0x00000000000122a0        0x4 modules/lvgl/libmodules__lvgl.a(lv_event.c.obj)
                0x00000000000122a0                lv_event_get_target
 .text.lv_event_get_current_target
                0x00000000000122a4        0x4 modules/lvgl/libmodules__lvgl.a(lv_event.c.obj)
                0x00000000000122a4                lv_event_get_current_target
 .text.lv_event_get_code
                0x00000000000122a8        0x8 modules/lvgl/libmodules__lvgl.a(lv_event.c.obj)
                0x00000000000122a8                lv_event_get_code
 .text.lv_event_get_param
                0x00000000000122b0        0x4 modules/lvgl/libmodules__lvgl.a(lv_event.c.obj)
                0x00000000000122b0                lv_event_get_param
 .text.get_indev
                0x00000000000122b4       0x4c modules/lvgl/libmodules__lvgl.a(lv_group.c.obj)
 .text.focus_next_core
                0x0000000000012300       0xe4 modules/lvgl/libmodules__lvgl.a(lv_group.c.obj)
 .text.lv_group_refocus
                0x00000000000123e4       0x28 modules/lvgl/libmodules__lvgl.a(lv_group.c.obj)
 .text.lv_group_remove_obj
                0x000000000001240c       0x90 modules/lvgl/libmodules__lvgl.a(lv_group.c.obj)
                0x000000000001240c                lv_group_remove_obj
 .text.lv_group_get_editing
                0x000000000001249c        0xa modules/lvgl/libmodules__lvgl.a(lv_group.c.obj)
                0x000000000001249c                lv_group_get_editing
 .text.lv_indev_get_type
                0x00000000000124a6        0x8 modules/lvgl/libmodules__lvgl.a(lv_indev.c.obj)
                0x00000000000124a6                lv_indev_get_type
 .text.lv_indev_get_scroll_dir
                0x00000000000124ae       0x1c modules/lvgl/libmodules__lvgl.a(lv_indev.c.obj)
                0x00000000000124ae                lv_indev_get_scroll_dir
 .text.lv_indev_get_scroll_obj
                0x00000000000124ca       0x16 modules/lvgl/libmodules__lvgl.a(lv_indev.c.obj)
                0x00000000000124ca                lv_indev_get_scroll_obj
 .text.lv_memset_00
                0x00000000000124e0        0x8 modules/lvgl/libmodules__lvgl.a(lv_obj.c.obj)
 .text.lv_obj_constructor
                0x00000000000124e8       0x5c modules/lvgl/libmodules__lvgl.a(lv_obj.c.obj)
 .text.lv_obj_set_state
                0x0000000000012544      0x246 modules/lvgl/libmodules__lvgl.a(lv_obj.c.obj)
 .text.lv_obj_clear_flag
                0x000000000001278a       0x78 modules/lvgl/libmodules__lvgl.a(lv_obj.c.obj)
                0x000000000001278a                lv_obj_clear_flag
 .text.lv_obj_add_state
                0x0000000000012802       0x14 modules/lvgl/libmodules__lvgl.a(lv_obj.c.obj)
                0x0000000000012802                lv_obj_add_state
 .text.lv_obj_clear_state