Archive member included to satisfy reference by file (symbol)

app/libapp.a(main.c.obj)      (--whole-archive)
zephyr/libzephyr.a(cbprintf_packaged.c.obj)
                              (--whole-archive)
zephyr/libzephyr.a(dec.c.obj)
                              (--whole-archive)
zephyr/libzephyr.a(hex.c.obj)
                              (--whole-archive)
zephyr/libzephyr.a(printk.c.obj)
                              (--whole-archive)
zephyr/libzephyr.a(rb.c.obj)  (--whole-archive)
zephyr/libzephyr.a(sem.c.obj)
                              (--whole-archive)
zephyr/libzephyr.a(thread_entry.c.obj)
                              (--whole-archive)
zephyr/libzephyr.a(timeutil.c.obj)
                              (--whole-archive)
zephyr/libzephyr.a(heap.c.obj)
                              (--whole-archive)
zephyr/libzephyr.a(heap-validate.c.obj)
                              (--whole-archive)
zephyr/libzephyr.a(bitarray.c.obj)
                              (--whole-archive)
zephyr/libzephyr.a(multi_heap.c.obj)
                              (--whole-archive)
zephyr/libzephyr.a(onoff.c.obj)
                              (--whole-archive)
zephyr/libzephyr.a(notify.c.obj)
                              (--whole-archive)
zephyr/libzephyr.a(cbprintf_complete.c.obj)
                              (--whole-archive)
zephyr/libzephyr.a(assert.c.obj)
                              (--whole-archive)
zephyr/libzephyr.a(mpsc_pbuf.c.obj)
                              (--whole-archive)
zephyr/libzephyr.a(reboot.c.obj)
                              (--whole-archive)
zephyr/libzephyr.a(configs.c.obj)
                              (--whole-archive)
zephyr/libzephyr.a(log_core.c.obj)
                              (--whole-archive)
zephyr/libzephyr.a(log_mgmt.c.obj)
                              (--whole-archive)
zephyr/libzephyr.a(log_cache.c.obj)
                              (--whole-archive)
zephyr/libzephyr.a(log_msg.c.obj)
                              (--whole-archive)
zephyr/libzephyr.a(log_output.c.obj)
                              (--whole-archive)
zephyr/libzephyr.a(log_backend_rtt.c.obj)
                              (--whole-archive)
zephyr/libzephyr.a(log_backend_uart.c.obj)
                              (--whole-archive)
zephyr/libzephyr.a(mem_attr.c.obj)
                              (--whole-archive)
zephyr/libzephyr.a(tracing_none.c.obj)
                              (--whole-archive)
zephyr/arch/common/libarch__common.a(sw_isr_common.c.obj)
                              (--whole-archive)
zephyr/arch/arch/arm/core/libarch__arm__core.a(fatal.c.obj)
                              (--whole-archive)
zephyr/arch/arch/arm/core/libarch__arm__core.a(nmi.c.obj)
                              (--whole-archive)
zephyr/arch/arch/arm/core/libarch__arm__core.a(nmi_on_reset.S.obj)
                              (--whole-archive)
zephyr/arch/arch/arm/core/libarch__arm__core.a(tls.c.obj)
                              (--whole-archive)
zephyr/arch/arch/arm/core/cortex_m/libarch__arm__core__cortex_m.a(exc_exit.S.obj)
                              (--whole-archive)
zephyr/arch/arch/arm/core/cortex_m/libarch__arm__core__cortex_m.a(fault.c.obj)
                              (--whole-archive)
zephyr/arch/arch/arm/core/cortex_m/libarch__arm__core__cortex_m.a(fault_s.S.obj)
                              (--whole-archive)
zephyr/arch/arch/arm/core/cortex_m/libarch__arm__core__cortex_m.a(fpu.c.obj)
                              (--whole-archive)
zephyr/arch/arch/arm/core/cortex_m/libarch__arm__core__cortex_m.a(reset.S.obj)
                              (--whole-archive)
zephyr/arch/arch/arm/core/cortex_m/libarch__arm__core__cortex_m.a(scb.c.obj)
                              (--whole-archive)
zephyr/arch/arch/arm/core/cortex_m/libarch__arm__core__cortex_m.a(thread_abort.c.obj)
                              (--whole-archive)
zephyr/arch/arch/arm/core/cortex_m/libarch__arm__core__cortex_m.a(vector_table.S.obj)
                              (--whole-archive)
zephyr/arch/arch/arm/core/cortex_m/libarch__arm__core__cortex_m.a(swap.c.obj)
                              (--whole-archive)
zephyr/arch/arch/arm/core/cortex_m/libarch__arm__core__cortex_m.a(swap_helper.S.obj)
                              (--whole-archive)
zephyr/arch/arch/arm/core/cortex_m/libarch__arm__core__cortex_m.a(irq_manage.c.obj)
                              (--whole-archive)
zephyr/arch/arch/arm/core/cortex_m/libarch__arm__core__cortex_m.a(prep_c.c.obj)
                              (--whole-archive)
zephyr/arch/arch/arm/core/cortex_m/libarch__arm__core__cortex_m.a(thread.c.obj)
                              (--whole-archive)
zephyr/arch/arch/arm/core/cortex_m/libarch__arm__core__cortex_m.a(cpu_idle.S.obj)
                              (--whole-archive)
zephyr/arch/arch/arm/core/cortex_m/libarch__arm__core__cortex_m.a(irq_init.c.obj)
                              (--whole-archive)
zephyr/arch/arch/arm/core/cortex_m/libarch__arm__core__cortex_m.a(isr_wrapper.S.obj)
[...]
Memory Configuration

Name             Origin             Length             Attributes
FLASH            0x0000000000000000 0x0000000000080000 xr
RAM              0x0000000020000000 0x0000000000010000 xw
IDT_LIST         0x00000000ffff7fff 0x0000000000008000 xw
*default*        0x0000000000000000 0xffffffffffffffff

Linker script and memory map

                0x00000000000107ac                vfprintf = __l_vfprintf
                0x0000000000000000                vfscanf = __l_vfscanf
LOAD zephyr/CMakeFiles/zephyr_final.dir/misc/empty_file.c.obj
LOAD zephyr/CMakeFiles/zephyr_final.dir/isr_tables.c.obj
LOAD zephyr/CMakeFiles/offsets.dir/./arch/arm/core/offsets/offsets.c.obj
LOAD app/libapp.a
LOAD zephyr/libzephyr.a
LOAD zephyr/arch/common/libarch__common.a
LOAD zephyr/arch/arch/arm/core/libarch__arm__core.a
LOAD zephyr/arch/arch/arm/core/cortex_m/libarch__arm__core__cortex_m.a
LOAD zephyr/arch/arch/arm/core/mpu/libarch__arm__core__mpu.a
LOAD zephyr/lib/libc/picolibc/liblib__libc__picolibc.a
LOAD zephyr/lib/libc/common/liblib__libc__common.a
LOAD zephyr/soc/soc/arm/nordic_nrf/libsoc__arm__nordic_nrf.a
LOAD zephyr/drivers/clock_control/libdrivers__clock_control.a
LOAD zephyr/drivers/console/libdrivers__console.a
LOAD zephyr/drivers/display/libdrivers__display.a
LOAD zephyr/drivers/gpio/libdrivers__gpio.a
LOAD zephyr/drivers/i2c/libdrivers__i2c.a
LOAD zephyr/drivers/pinctrl/libdrivers__pinctrl.a
LOAD zephyr/drivers/serial/libdrivers__serial.a
LOAD zephyr/drivers/timer/libdrivers__timer.a
LOAD modules/nrf/lib/fatal_error/lib..__nrf__lib__fatal_error.a
LOAD modules/hal_nordic/nrfx/libmodules__hal_nordic__nrfx.a
LOAD modules/lvgl/libmodules__lvgl.a
LOAD modules/segger/libmodules__segger.a
LOAD zephyr/kernel/libkernel.a
LOAD /home/samuel/ncs/toolchains/2be090971e/opt/zephyr-sdk/arm-zephyr-eabi/bin/../lib/gcc/arm-zephyr-eabi/12.2.0/thumb/v7e-m/nofp/libgcc.a
LOAD zephyr/arch/common/libisr_tables.a
LOAD /home/samuel/ncs/toolchains/2be090971e/opt/zephyr-sdk/arm-zephyr-eabi/bin/../lib/gcc/../../picolibc/arm-zephyr-eabi/lib/thumb/v7e-m/nofp/libc.a
LOAD /home/samuel/ncs/toolchains/2be090971e/opt/zephyr-sdk/arm-zephyr-eabi/bin/../lib/gcc/arm-zephyr-eabi/12.2.0/thumb/v7e-m/nofp/libgcc.a
                0x0000000000000020                _region_min_align = 0x20

.rel.plt        0x0000000000000000        0x0
 *(SORT_BY_ALIGNMENT(.rel.plt))
                [!provide]                        PROVIDE (__rel_iplt_start = .)
 *(SORT_BY_ALIGNMENT(.rel.iplt))
 .rel.iplt      0x0000000000000000        0x0 zephyr/CMakeFiles/zephyr_final.dir/isr_tables.c.obj
                [!provide]                        PROVIDE (__rel_iplt_end = .)

.rela.plt       0x0000000000000000        0x0
 *(SORT_BY_ALIGNMENT(.rela.plt))
                [!provide]                        PROVIDE (__rela_iplt_start = .)
 *(SORT_BY_ALIGNMENT(.rela.iplt))
                [!provide]                        PROVIDE (__rela_iplt_end = .)

.rel.dyn
 *(SORT_BY_ALIGNMENT(.rel.*))

.rela.dyn
 *(SORT_BY_ALIGNMENT(.rela.*))

/DISCARD/
 *(SORT_BY_ALIGNMENT(.plt))

/DISCARD/
 *(SORT_BY_ALIGNMENT(.iplt))
                0x0000000000000000                __rom_region_start = 0x0

rom_start       0x0000000000000000       0xdc
                0x0000000000000000                __rom_start_address = .
 FILL mask 0x00
                0x0000000000000000                . = (. + (0x0 - (. - __rom_start_address)))
                0x0000000000000000                . = ALIGN (0x4)
                0x0000000000000000                . = ALIGN (0x80)
                0x0000000000000000                . = ALIGN (0x100)
                0x0000000000000000                _vector_start = .
 *(SORT_BY_ALIGNMENT(.exc_vector_table))
 *(SORT_BY_ALIGNMENT(.exc_vector_table.*))
 .exc_vector_table._vector_table_section
                0x0000000000000000       0x40 zephyr/arch/arch/arm/core/cortex_m/libarch__arm__core__cortex_m.a(vector_table.S.obj)
                0x0000000000000000                _vector_table
 *(SORT_BY_ALIGNMENT(.vectors))
                0x00000000000000dc                _vector_end = .
                0x0000000000000040                . = ALIGN (0x4)
 *(SORT_BY_ALIGNMENT(.gnu.linkonce.irq_vector_table*))
 .gnu.linkonce.irq_vector_table
                0x0000000000000040       0x9c zephyr/CMakeFiles/zephyr_final.dir/isr_tables.c.obj
                0x0000000000000040                _irq_vector_table
                0x00000000000000dc                _vector_end = .

text            0x00000000000000dc    0x19bd4
                0x00000000000000dc                __text_region_start = .
 *(SORT_BY_ALIGNMENT(.text))
 .text          0x00000000000000dc       0x30 /home/samuel/ncs/toolchains/2be090971e/opt/zephyr-sdk/arm-zephyr-eabi/bin/../lib/gcc/arm-zephyr-eabi/12.2.0/thumb/v7e-m/nofp/libgcc.a(_aeabi_uldivmod.o)
                0x00000000000000dc                __aeabi_uldivmod
 .text          0x000000000000010c        0x4 /home/samuel/ncs/toolchains/2be090971e/opt/zephyr-sdk/arm-zephyr-eabi/bin/../lib/gcc/arm-zephyr-eabi/12.2.0/thumb/v7e-m/nofp/libgcc.a(_dvmd_tls.o)
                0x000000000000010c                __aeabi_ldiv0
                0x000000000000010c                __aeabi_idiv0
 .text          0x0000000000000110      0x2a0 /home/samuel/ncs/toolchains/2be090971e/opt/zephyr-sdk/arm-zephyr-eabi/bin/../lib/gcc/arm-zephyr-eabi/12.2.0/thumb/v7e-m/nofp/libgcc.a(_udivmoddi4.o)
                0x0000000000000110                __udivmoddi4
 .text          0x00000000000003b0       0x14 /home/samuel/ncs/toolchains/2be090971e/opt/zephyr-sdk/arm-zephyr-eabi/bin/../lib/gcc/../../picolibc/arm-zephyr-eabi/lib/thumb/v7e-m/nofp/libc.a(strcmp.S.o)
                0x00000000000003b0                strcmp
 .text          0x00000000000003c4       0x10 /home/samuel/ncs/toolchains/2be090971e/opt/zephyr-sdk/arm-zephyr-eabi/bin/../lib/gcc/../../picolibc/arm-zephyr-eabi/lib/thumb/v7e-m/nofp/libc.a(strcpy.S.o)
                0x00000000000003c4                strcpy
 .text          0x00000000000003d4       0x10 /home/samuel/ncs/toolchains/2be090971e/opt/zephyr-sdk/arm-zephyr-eabi/bin/../lib/gcc/../../picolibc/arm-zephyr-eabi/lib/thumb/v7e-m/nofp/libc.a(strlen.S.o)
                0x00000000000003d4                strlen
 *(SORT_BY_ALIGNMENT(.text.*))
 .text.button_isr_callback
                0x00000000000003e4       0x18 app/libapp.a(main.c.obj)
 .text.main     0x00000000000003fc      0x158 app/libapp.a(main.c.obj)
                0x00000000000003fc                main
 .text.cbvprintf_package
                0x0000000000000554      0x3a4 zephyr/libzephyr.a(cbprintf_packaged.c.obj)
                0x0000000000000554                cbvprintf_package
 .text.cbprintf_package_convert
                0x00000000000008f8      0x3b0 zephyr/libzephyr.a(cbprintf_packaged.c.obj)
                0x00000000000008f8                cbprintf_package_convert
 .text.__printk_hook_install
                0x0000000000000ca8        0xc zephyr/libzephyr.a(printk.c.obj)
                0x0000000000000ca8                __printk_hook_install
 .text.z_thread_entry
                0x0000000000000cb4       0x34 zephyr/libzephyr.a(thread_entry.c.obj)
                0x0000000000000cb4                z_thread_entry
 .text.process_event
                0x0000000000000ce8      0x21c zephyr/libzephyr.a(onoff.c.obj)
 .text.activate_foreach_backend
                0x0000000000000f04       0x64 zephyr/libzephyr.a(log_core.c.obj)
 .text.enable_logger
                0x0000000000000f68       0x5c zephyr/libzephyr.a(log_core.c.obj)
 .text.log_process_thread_timer_expiry_fn
                0x0000000000000fc4        0xc zephyr/libzephyr.a(log_core.c.obj)
 .text.z_log_init
                0x0000000000000fd0       0x90 zephyr/libzephyr.a(log_core.c.obj)
 .text.log_format_func_t_get
                0x0000000000001060        0xc zephyr/libzephyr.a(log_core.c.obj)
                0x0000000000001060                log_format_func_t_get
 .text.log_set_timestamp_func
                0x000000000000106c       0x20 zephyr/libzephyr.a(log_core.c.obj)
                0x000000000000106c                log_set_timestamp_func
 .text.z_log_notify_backend_enabled
                0x000000000000108c       0x1c zephyr/libzephyr.a(log_core.c.obj)
                0x000000000000108c                z_log_notify_backend_enabled
 .text.z_log_dropped
                0x00000000000010a8       0x30 zephyr/libzephyr.a(log_core.c.obj)
                0x00000000000010a8                z_log_dropped
 .text.z_log_dropped_read_and_clear
                0x00000000000010d8       0x20 zephyr/libzephyr.a(log_core.c.obj)
                0x00000000000010d8                z_log_dropped_read_and_clear
 .text.dropped_notify
                0x00000000000010f8       0x30 zephyr/libzephyr.a(log_core.c.obj)
                0x00000000000010f8                dropped_notify
 .text.z_log_msg_init
                0x0000000000001128       0x20 zephyr/libzephyr.a(log_core.c.obj)
                0x0000000000001128                z_log_msg_init
 .text.log_core_init
                0x0000000000001148       0x34 zephyr/libzephyr.a(log_core.c.obj)
                0x0000000000001148                log_core_init
 .text.z_log_msg_alloc
                0x000000000000117c       0x10 zephyr/libzephyr.a(log_core.c.obj)
                0x000000000000117c                z_log_msg_alloc
 .text.z_log_msg_local_claim
                0x000000000000118c        0xc zephyr/libzephyr.a(log_core.c.obj)
                0x000000000000118c                z_log_msg_local_claim
 .text.z_log_msg_free
                0x0000000000001198       0x10 zephyr/libzephyr.a(log_core.c.obj)
                0x0000000000001198                z_log_msg_free
 .text.z_log_msg_pending
                0x00000000000011a8        0xc zephyr/libzephyr.a(log_core.c.obj)
                0x00000000000011a8                z_log_msg_pending
 .text.z_impl_log_process
                0x00000000000011b4       0xbc zephyr/libzephyr.a(log_core.c.obj)
                0x00000000000011b4                z_impl_log_process
 .text.z_impl_log_panic
                0x0000000000001270       0x44 zephyr/libzephyr.a(log_core.c.obj)
                0x0000000000001270                z_impl_log_panic
 .text.log_process_thread_func
                0x00000000000012b4       0xa4 zephyr/libzephyr.a(log_core.c.obj)
 .text.z_log_msg_post_finalize
                0x0000000000001358       0x78 zephyr/libzephyr.a(log_core.c.obj)
 .text.z_log_msg_commit
                0x00000000000013d0       0x24 zephyr/libzephyr.a(log_core.c.obj)
                0x00000000000013d0                z_log_msg_commit
 .text.log_source_name_get
                0x00000000000013f4       0x1c zephyr/libzephyr.a(log_mgmt.c.obj)
                0x00000000000013f4                log_source_name_get
 .text.log_backend_enable
                0x0000000000001410       0x28 zephyr/libzephyr.a(log_mgmt.c.obj)
                0x0000000000001410                log_backend_enable
 .text.z_impl_z_log_msg_static_create
                0x0000000000001438      0x108 zephyr/libzephyr.a(log_msg.c.obj)
                0x0000000000001438                z_impl_z_log_msg_static_create
 .text.z_log_msg_runtime_vcreate
                0x0000000000001540       0x8c zephyr/libzephyr.a(log_msg.c.obj)
                0x0000000000001540                z_log_msg_runtime_vcreate
 .text.print_formatted
                0x00000000000015cc       0x24 zephyr/libzephyr.a(log_output.c.obj)
 .text.newline_print
                0x00000000000015f0       0x1c zephyr/libzephyr.a(log_output.c.obj)
 .text.log_output_process
                0x000000000000160c      0x2a4 zephyr/libzephyr.a(log_output.c.obj)
                0x000000000000160c                log_output_process
 .text.log_output_msg_process
                0x00000000000018b0       0x70 zephyr/libzephyr.a(log_output.c.obj)
                0x00000000000018b0                log_output_msg_process
 .text.log_output_dropped_process
                0x0000000000001920       0x58 zephyr/libzephyr.a(log_output.c.obj)
                0x0000000000001920                log_output_dropped_process
 .text.log_output_timestamp_freq_set
                0x0000000000001978       0x2c zephyr/libzephyr.a(log_output.c.obj)
                0x0000000000001978                log_output_timestamp_freq_set
 .text.log_backend_rtt_init
                0x00000000000019a4        0xc zephyr/libzephyr.a(log_backend_rtt.c.obj)
 .text.format_set
                0x00000000000019b0        0xc zephyr/libzephyr.a(log_backend_rtt.c.obj)
 .text.panic    0x00000000000019bc       0x14 zephyr/libzephyr.a(log_backend_rtt.c.obj)
 .text.dropped  0x00000000000019d0        0xc zephyr/libzephyr.a(log_backend_rtt.c.obj)
 .text.process  0x00000000000019dc       0x24 zephyr/libzephyr.a(log_backend_rtt.c.obj)
 .text.on_failed_write
                0x0000000000001a00       0x28 zephyr/libzephyr.a(log_backend_rtt.c.obj)
 .text.data_out_block_mode
                0x0000000000001a28       0x84 zephyr/libzephyr.a(log_backend_rtt.c.obj)
 .text.char_out
                0x0000000000001aac       0x24 zephyr/libzephyr.a(log_backend_uart.c.obj)
 .text.mem_attr_get_regions
                0x0000000000001ad0        0xc zephyr/libzephyr.a(mem_attr.c.obj)
                0x0000000000001ad0                mem_attr_get_regions
 .text.z_arm_fatal_error
                0x0000000000001adc       0xa0 zephyr/arch/arch/arm/core/libarch__arm__core.a(fatal.c.obj)
                0x0000000000001adc                z_arm_fatal_error
 .text.z_SysNmiOnReset
                0x0000000000001b7c        0x8 zephyr/arch/arch/arm/core/libarch__arm__core.a(nmi_on_reset.S.obj)
                0x0000000000001b7c                z_SysNmiOnReset
 .text.arch_tls_stack_setup
                0x0000000000001b84       0x5c zephyr/arch/arch/arm/core/libarch__arm__core.a(tls.c.obj)
                0x0000000000001b84                arch_tls_stack_setup
 .text._HandlerModeExit
                0x0000000000001be0       0x1c zephyr/arch/arch/arm/core/cortex_m/libarch__arm__core__cortex_m.a(exc_exit.S.obj)
                0x0000000000001be0                z_arm_exc_exit
                0x0000000000001be0                z_arm_int_exit
 .text.bus_fault.constprop.0
                0x0000000000001bfc       0xd0 zephyr/arch/arch/arm/core/cortex_m/libarch__arm__core__cortex_m.a(fault.c.obj)
 .text.usage_fault.constprop.0
                0x0000000000001ccc       0xa8 zephyr/arch/arch/arm/core/cortex_m/libarch__arm__core__cortex_m.a(fault.c.obj)
 .text.mem_manage_fault
                0x0000000000001d74      0x104 zephyr/arch/arch/arm/core/cortex_m/libarch__arm__core__cortex_m.a(fault.c.obj)
 .text.z_arm_fault
                0x0000000000001e78      0x1d4 zephyr/arch/arch/arm/core/cortex_m/libarch__arm__core__cortex_m.a(fault.c.obj)
                0x0000000000001e78                z_arm_fault
 .text.z_arm_fault_init
                0x000000000000204c       0x10 zephyr/arch/arch/arm/core/cortex_m/libarch__arm__core__cortex_m.a(fault.c.obj)
                0x000000000000204c                z_arm_fault_init
 .text.__fault  0x000000000000205c       0x14 zephyr/arch/arch/arm/core/cortex_m/libarch__arm__core__cortex_m.a(fault_s.S.obj)
                0x000000000000205c                z_arm_bus_fault
                0x000000000000205c                z_arm_usage_fault
                0x000000000000205c                z_arm_mpu_fault
                0x000000000000205c                z_arm_exc_spurious
                0x000000000000205c                z_arm_debug_monitor
                0x000000000000205c                z_arm_hard_fault
 .text._reset_section
                0x0000000000002070       0x54 zephyr/arch/arch/arm/core/cortex_m/libarch__arm__core__cortex_m.a(reset.S.obj)
                0x0000000000002070                z_arm_reset
                0x0000000000002070                __start
 .text.sys_arch_reboot
                0x00000000000020c4       0x24 zephyr/arch/arch/arm/core/cortex_m/libarch__arm__core__cortex_m.a(scb.c.obj)
                0x00000000000020c4                sys_arch_reboot
 .text.z_arm_clear_arm_mpu_config
                0x00000000000020e8       0x24 zephyr/arch/arch/arm/core/cortex_m/libarch__arm__core__cortex_m.a(scb.c.obj)
                0x00000000000020e8                z_arm_clear_arm_mpu_config
 .text.z_arm_init_arch_hw_at_boot
                0x000000000000210c       0x64 zephyr/arch/arch/arm/core/cortex_m/libarch__arm__core__cortex_m.a(scb.c.obj)
                0x000000000000210c                z_arm_init_arch_hw_at_boot
 .text.z_impl_k_thread_abort
                0x0000000000002170       0x2c zephyr/arch/arch/arm/core/cortex_m/libarch__arm__core__cortex_m.a(thread_abort.c.obj)
                0x0000000000002170                z_impl_k_thread_abort
 .text.arch_swap
                0x000000000000219c       0x30 zephyr/arch/arch/arm/core/cortex_m/libarch__arm__core__cortex_m.a(swap.c.obj)
                0x000000000000219c                arch_swap
 .text.z_arm_pendsv
                0x00000000000021cc       0x64 zephyr/arch/arch/arm/core/cortex_m/libarch__arm__core__cortex_m.a(swap_helper.S.obj)
                0x00000000000021cc                z_arm_pendsv
 .text.z_arm_svc
                0x0000000000002230       0x20 zephyr/arch/arch/arm/core/cortex_m/libarch__arm__core__cortex_m.a(swap_helper.S.obj)
                0x0000000000002230                z_arm_svc
 .text.arch_irq_enable
                0x0000000000002250       0x1c zephyr/arch/arch/arm/core/cortex_m/libarch__arm__core__cortex_m.a(irq_manage.c.obj)
                0x0000000000002250                arch_irq_enable
 .text.arch_irq_is_enabled
                0x000000000000226c       0x1c zephyr/arch/arch/arm/core/cortex_m/libarch__arm__core__cortex_m.a(irq_manage.c.obj)
                0x000000000000226c                arch_irq_is_enabled
 .text.z_arm_irq_priority_set
                0x0000000000002288       0x30 zephyr/arch/arch/arm/core/cortex_m/libarch__arm__core__cortex_m.a(irq_manage.c.obj)
                0x0000000000002288                z_arm_irq_priority_set
 .text.z_arm_prep_c
                0x00000000000022b8       0x38 zephyr/arch/arch/arm/core/cortex_m/libarch__arm__core__cortex_m.a(prep_c.c.obj)
                0x00000000000022b8                z_arm_prep_c
 .text.arch_new_thread
                0x00000000000022f0       0x38 zephyr/arch/arch/arm/core/cortex_m/libarch__arm__core__cortex_m.a(thread.c.obj)
                0x00000000000022f0                arch_new_thread
 .text.z_check_thread_stack_fail
                0x0000000000002328       0x2c zephyr/arch/arch/arm/core/cortex_m/libarch__arm__core__cortex_m.a(thread.c.obj)
                0x0000000000002328                z_check_thread_stack_fail
 .text.arch_switch_to_main_thread
                0x0000000000002354       0x38 zephyr/arch/arch/arm/core/cortex_m/libarch__arm__core__cortex_m.a(thread.c.obj)
                0x0000000000002354                arch_switch_to_main_thread
 .text.z_arm_cpu_idle_init
                0x000000000000238c        0xc zephyr/arch/arch/arm/core/cortex_m/libarch__arm__core__cortex_m.a(cpu_idle.S.obj)
                0x000000000000238c                z_arm_cpu_idle_init
 .text.arch_cpu_idle
                0x0000000000002398       0x1c zephyr/arch/arch/arm/core/cortex_m/libarch__arm__core__cortex_m.a(cpu_idle.S.obj)
                0x0000000000002398                arch_cpu_idle
 .text.arch_cpu_atomic_idle
                0x00000000000023b4       0x18 zephyr/arch/arch/arm/core/cortex_m/libarch__arm__core__cortex_m.a(cpu_idle.S.obj)
                0x00000000000023b4                arch_cpu_atomic_idle
 .text.z_arm_interrupt_init
                0x00000000000023cc       0x18 zephyr/arch/arch/arm/core/cortex_m/libarch__arm__core__cortex_m.a(irq_init.c.obj)
                0x00000000000023cc                z_arm_interrupt_init
 .text._isr_wrapper
                0x00000000000023e4       0x28 zephyr/arch/arch/arm/core/cortex_m/libarch__arm__core__cortex_m.a(isr_wrapper.S.obj)
                0x00000000000023e4                _isr_wrapper
 .text.z_arm_configure_static_mpu_regions
                0x000000000000240c       0x18 zephyr/arch/arch/arm/core/mpu/libarch__arm__core__mpu.a(arm_core_mpu.c.obj)
                0x000000000000240c                z_arm_configure_static_mpu_regions
 .text.z_arm_configure_dynamic_mpu_regions
                0x0000000000002424       0x20 zephyr/arch/arch/arm/core/mpu/libarch__arm__core__mpu.a(arm_core_mpu.c.obj)
                0x0000000000002424                z_arm_configure_dynamic_mpu_regions
 .text.region_allocate_and_init
                0x0000000000002444       0x48 zephyr/arch/arch/arm/core/mpu/libarch__arm__core__mpu.a(arm_mpu.c.obj)
 .text.mpu_configure_regions
                0x000000000000248c       0x68 zephyr/arch/arch/arm/core/mpu/libarch__arm__core__mpu.a(arm_mpu.c.obj)
 .text.arm_core_mpu_enable
                0x00000000000024f4       0x18 zephyr/arch/arch/arm/core/mpu/libarch__arm__core__mpu.a(arm_mpu.c.obj)
                0x00000000000024f4                arm_core_mpu_enable
 .text.arm_core_mpu_disable
                0x000000000000250c       0x14 zephyr/arch/arch/arm/core/mpu/libarch__arm__core__mpu.a(arm_mpu.c.obj)
                0x000000000000250c                arm_core_mpu_disable
 .text.arm_core_mpu_configure_static_mpu_regions
                0x0000000000002520       0x14 zephyr/arch/arch/arm/core/mpu/libarch__arm__core__mpu.a(arm_mpu.c.obj)
                0x0000000000002520                arm_core_mpu_configure_static_mpu_regions
 .text.arm_core_mpu_configure_dynamic_mpu_regions
                0x0000000000002534       0x30 zephyr/arch/arch/arm/core/mpu/libarch__arm__core__mpu.a(arm_mpu.c.obj)
                0x0000000000002534                arm_core_mpu_configure_dynamic_mpu_regions
 .text.z_arm_mpu_init
                0x0000000000002564      0x158 zephyr/arch/arch/arm/core/mpu/libarch__arm__core__mpu.a(arm_mpu.c.obj)
                0x0000000000002564                z_arm_mpu_init
 .text.z_impl_zephyr_fputc
                0x00000000000026bc       0x10 zephyr/lib/libc/picolibc/liblib__libc__picolibc.a(libc-hooks.c.obj)
                0x00000000000026bc                z_impl_zephyr_fputc
 .text.__stdout_hook_install
                0x00000000000026cc       0x18 zephyr/lib/libc/picolibc/liblib__libc__picolibc.a(libc-hooks.c.obj)
                0x00000000000026cc                __stdout_hook_install
 .text.cbvprintf
                0x00000000000026e4       0x38 zephyr/lib/libc/picolibc/liblib__libc__picolibc.a(libc-hooks.c.obj)
                0x00000000000026e4                cbvprintf
 .text.__chk_fail
                0x000000000000271c       0x18 zephyr/lib/libc/picolibc/liblib__libc__picolibc.a(libc-hooks.c.obj)
                0x000000000000271c                __chk_fail
 .text.malloc_prepare
                0x0000000000002734       0x24 zephyr/lib/libc/common/liblib__libc__common.a(malloc.c.obj)
 .text.nordicsemi_nrf52_init
                0x0000000000002758       0x18 zephyr/soc/soc/arm/nordic_nrf/libsoc__arm__nordic_nrf.a(soc.c.obj)
 .text.arch_busy_wait
                0x0000000000002770       0x14 zephyr/soc/soc/arm/nordic_nrf/libsoc__arm__nordic_nrf.a(soc.c.obj)
                0x0000000000002770                arch_busy_wait
 .text.z_arm_platform_init
                0x0000000000002784        0x4 zephyr/soc/soc/arm/nordic_nrf/libsoc__arm__nordic_nrf.a(soc_nrf_common.S.obj)
                0x0000000000002784                z_arm_platform_init
 .text.onoff_stop
                0x0000000000002788       0x30 zephyr/drivers/clock_control/libdrivers__clock_control.a(clock_control_nrf.c.obj)
 .text.onoff_start
                0x00000000000027b8       0x44 zephyr/drivers/clock_control/libdrivers__clock_control.a(clock_control_nrf.c.obj)
 .text.generic_hfclk_stop
                0x00000000000027fc       0x34 zephyr/drivers/clock_control/libdrivers__clock_control.a(clock_control_nrf.c.obj)
 .text.clk_init
                0x0000000000002830       0x58 zephyr/drivers/clock_control/libdrivers__clock_control.a(clock_control_nrf.c.obj)
 .text.clkstarted_handle.constprop.0
                0x0000000000002888       0x34 zephyr/drivers/clock_control/libdrivers__clock_control.a(clock_control_nrf.c.obj)
 .text.clock_event_handler
                0x00000000000028bc       0x1c zephyr/drivers/clock_control/libdrivers__clock_control.a(clock_control_nrf.c.obj)
 .text.generic_hfclk_start
                0x00000000000028d8       0x64 zephyr/drivers/clock_control/libdrivers__clock_control.a(clock_control_nrf.c.obj)
 .text.api_blocking_start
                0x000000000000293c       0x34 zephyr/drivers/clock_control/libdrivers__clock_control.a(clock_control_nrf.c.obj)
 .text.lfclk_start
                0x0000000000002970       0x24 zephyr/drivers/clock_control/libdrivers__clock_control.a(clock_control_nrf.c.obj)
 .text.z_nrf_clock_control_lf_on
                0x0000000000002994       0xfc zephyr/drivers/clock_control/libdrivers__clock_control.a(clock_control_nrf.c.obj)
                0x0000000000002994                z_nrf_clock_control_lf_on
 .text.uart_console_init
                0x0000000000002a90       0x28 zephyr/drivers/console/libdrivers__console.a(uart_console.c.obj)
 .text.console_out
                0x0000000000002ab8       0x28 zephyr/drivers/console/libdrivers__console.a(uart_console.c.obj)
 .text.ssd1306_set_orientation
                0x0000000000002ae0       0x18 zephyr/drivers/display/libdrivers__display.a(ssd1306.c.obj)
 .text.ssd1306_read
                0x0000000000002af8       0x18 zephyr/drivers/display/libdrivers__display.a(ssd1306.c.obj)
 .text.ssd1306_get_framebuffer
                0x0000000000002b10       0x18 zephyr/drivers/display/libdrivers__display.a(ssd1306.c.obj)
 .text.ssd1306_set_pixel_format.part.0
                0x0000000000002b28       0x18 zephyr/drivers/display/libdrivers__display.a(ssd1306.c.obj)
 .text.ssd1306_write
                0x0000000000002b40      0x110 zephyr/drivers/display/libdrivers__display.a(ssd1306.c.obj)
 .text.ssd1306_init
                0x0000000000002c50      0x214 zephyr/drivers/display/libdrivers__display.a(ssd1306.c.obj)
 .text.gpio_nrfx_init
                0x0000000000002e64       0x48 zephyr/drivers/gpio/libdrivers__gpio.a(gpio_nrfx.c.obj)
 .text.nrfx_gpio_handler
                0x0000000000002eac       0x3c zephyr/drivers/gpio/libdrivers__gpio.a(gpio_nrfx.c.obj)
 .text.gpio_nrfx_pin_configure
                0x0000000000002ee8      0x180 zephyr/drivers/gpio/libdrivers__gpio.a(gpio_nrfx.c.obj)
 .text.gpio_nrfx_pin_interrupt_configure
                0x0000000000003068       0xf4 zephyr/drivers/gpio/libdrivers__gpio.a(gpio_nrfx.c.obj)
 .text.i2c_nrfx_twi_recover_bus
                0x000000000000315c       0x24 zephyr/drivers/i2c/libdrivers__i2c.a(i2c_nrfx_twi.c.obj)
 .text.i2c_nrfx_twi_configure
                0x0000000000003180       0x48 zephyr/drivers/i2c/libdrivers__i2c.a(i2c_nrfx_twi.c.obj)
 .text.twi_0_init
                0x00000000000031c8       0x94 zephyr/drivers/i2c/libdrivers__i2c.a(i2c_nrfx_twi.c.obj)
 .text.event_handler
                0x000000000000325c       0x34 zephyr/drivers/i2c/libdrivers__i2c.a(i2c_nrfx_twi.c.obj)
 .text.i2c_nrfx_twi_transfer
                0x0000000000003290      0x100 zephyr/drivers/i2c/libdrivers__i2c.a(i2c_nrfx_twi.c.obj)
 .text.pinctrl_configure_pins
                0x0000000000003390      0x174 zephyr/drivers/pinctrl/libdrivers__pinctrl.a(pinctrl_nrf.c.obj)
                0x0000000000003390                pinctrl_configure_pins
 .text.uarte_0_init
                0x0000000000003504      0x240 zephyr/drivers/serial/libdrivers__serial.a(uart_nrfx_uarte.c.obj)
 .text.uarte_nrfx_poll_out
                0x0000000000003744       0xcc zephyr/drivers/serial/libdrivers__serial.a(uart_nrfx_uarte.c.obj)
 .text.compare_int_lock
                0x0000000000003810       0x48 zephyr/drivers/timer/libdrivers__timer.a(nrf_rtc_timer.c.obj)
 .text.sys_clock_timeout_handler
                0x0000000000003858       0x48 zephyr/drivers/timer/libdrivers__timer.a(nrf_rtc_timer.c.obj)
 .text.compare_int_unlock
                0x00000000000038a0       0x5c zephyr/drivers/timer/libdrivers__timer.a(nrf_rtc_timer.c.obj)
 .text.z_nrf_rtc_timer_read
                0x00000000000038fc       0x44 zephyr/drivers/timer/libdrivers__timer.a(nrf_rtc_timer.c.obj)
                0x00000000000038fc                z_nrf_rtc_timer_read
 .text.compare_set
                0x0000000000003940      0x130 zephyr/drivers/timer/libdrivers__timer.a(nrf_rtc_timer.c.obj)
 .text.sys_clock_driver_init
                0x0000000000003a70       0x90 zephyr/drivers/timer/libdrivers__timer.a(nrf_rtc_timer.c.obj)
 .text.rtc_nrf_isr
                0x0000000000003b00       0xd4 zephyr/drivers/timer/libdrivers__timer.a(nrf_rtc_timer.c.obj)
                0x0000000000003b00                rtc_nrf_isr
 .text.sys_clock_set_timeout
                0x0000000000003bd4       0x5c zephyr/drivers/timer/libdrivers__timer.a(nrf_rtc_timer.c.obj)
                0x0000000000003bd4                sys_clock_set_timeout
 .text.sys_clock_elapsed
                0x0000000000003c30       0x14 zephyr/drivers/timer/libdrivers__timer.a(nrf_rtc_timer.c.obj)
                0x0000000000003c30                sys_clock_elapsed
 .text.k_sys_fatal_error_handler
                0x0000000000003c44       0x20 modules/nrf/lib/fatal_error/lib..__nrf__lib__fatal_error.a(fatal_error.c.obj)
                0x0000000000003c44                k_sys_fatal_error_handler
 .text.nrf52_errata_16
                0x0000000000003c64       0x28 modules/hal_nordic/nrfx/libmodules__hal_nordic__nrfx.a(system_nrf52.c.obj)
 .text.nvmc_wait
                0x0000000000003c8c       0x10 modules/hal_nordic/nrfx/libmodules__hal_nordic__nrfx.a(system_nrf52.c.obj)
                0x0000000000003c8c                nvmc_wait
 .text.SystemInit
                0x0000000000003c9c      0x278 modules/hal_nordic/nrfx/libmodules__hal_nordic__nrfx.a(system_nrf52.c.obj)
                0x0000000000003c9c                SystemInit
 .text.nrfx_flag32_alloc
                0x0000000000003f14       0x48 modules/hal_nordic/nrfx/libmodules__hal_nordic__nrfx.a(nrfx_flag32_allocator.c.obj)
                0x0000000000003f14                nrfx_flag32_alloc
 .text.nrfx_flag32_free
                0x0000000000003f5c       0x40 modules/hal_nordic/nrfx/libmodules__hal_nordic__nrfx.a(nrfx_flag32_allocator.c.obj)
                0x0000000000003f5c                nrfx_flag32_free
 .text.nrfx_gppi_channels_enable
                0x0000000000003f9c        0xc modules/hal_nordic/nrfx/libmodules__hal_nordic__nrfx.a(nrfx_gppi_ppi.c.obj)
                0x0000000000003f9c                nrfx_gppi_channels_enable
 .text.clock_stop
                0x0000000000003fa8       0xc4 modules/hal_nordic/nrfx/libmodules__hal_nordic__nrfx.a(nrfx_clock.c.obj)
 .text.nrfx_clock_init
                0x000000000000406c       0x20 modules/hal_nordic/nrfx/libmodules__hal_nordic__nrfx.a(nrfx_clock.c.obj)
                0x000000000000406c                nrfx_clock_init
 .text.nrfx_clock_enable
                0x000000000000408c       0x24 modules/hal_nordic/nrfx/libmodules__hal_nordic__nrfx.a(nrfx_clock.c.obj)
                0x000000000000408c                nrfx_clock_enable
 .text.nrfx_clock_start
                0x00000000000040b0       0xec modules/hal_nordic/nrfx/libmodules__hal_nordic__nrfx.a(nrfx_clock.c.obj)
                0x00000000000040b0                nrfx_clock_start
 .text.nrfx_power_clock_irq_handler
                0x000000000000419c       0x68 modules/hal_nordic/nrfx/libmodules__hal_nordic__nrfx.a(nrfx_clock.c.obj)
                0x000000000000419c                nrfx_power_clock_irq_handler
 .text.call_handler.constprop.0
                0x0000000000004204       0x3c modules/hal_nordic/nrfx/libmodules__hal_nordic__nrfx.a(nrfx_gpiote.c.obj)
 .text.release_handler.isra.0
                0x0000000000004240       0x54 modules/hal_nordic/nrfx/libmodules__hal_nordic__nrfx.a(nrfx_gpiote.c.obj)
 .text.__nrfy_internal_gpiote_events_process.constprop.0
                0x0000000000004294       0x5c modules/hal_nordic/nrfx/libmodules__hal_nordic__nrfx.a(nrfx_gpiote.c.obj)
 .text.pin_trigger_disable
                0x00000000000042f0       0x40 modules/hal_nordic/nrfx/libmodules__hal_nordic__nrfx.a(nrfx_gpiote.c.obj)
 .text.pin_uninit
                0x0000000000004330       0x74 modules/hal_nordic/nrfx/libmodules__hal_nordic__nrfx.a(nrfx_gpiote.c.obj)
 .text.nrfx_gpiote_input_configure
                0x00000000000043a4      0x160 modules/hal_nordic/nrfx/libmodules__hal_nordic__nrfx.a(nrfx_gpiote.c.obj)
                0x00000000000043a4                nrfx_gpiote_input_configure
 .text.nrfx_gpiote_output_configure
                0x0000000000004504       0xec modules/hal_nordic/nrfx/libmodules__hal_nordic__nrfx.a(nrfx_gpiote.c.obj)
                0x0000000000004504                nrfx_gpiote_output_configure
 .text.nrfx_gpiote_global_callback_set
                0x00000000000045f0        0xc modules/hal_nordic/nrfx/libmodules__hal_nordic__nrfx.a(nrfx_gpiote.c.obj)
                0x00000000000045f0                nrfx_gpiote_global_callback_set
 .text.nrfx_gpiote_channel_get
                0x00000000000045fc       0x24 modules/hal_nordic/nrfx/libmodules__hal_nordic__nrfx.a(nrfx_gpiote.c.obj)
                0x00000000000045fc                nrfx_gpiote_channel_get
 .text.nrfx_gpiote_init
                0x0000000000004620       0x70 modules/hal_nordic/nrfx/libmodules__hal_nordic__nrfx.a(nrfx_gpiote.c.obj)
                0x0000000000004620                nrfx_gpiote_init
 .text.nrfx_gpiote_init_check
                0x0000000000004690       0x14 modules/hal_nordic/nrfx/libmodules__hal_nordic__nrfx.a(nrfx_gpiote.c.obj)
                0x0000000000004690                nrfx_gpiote_init_check
 .text.nrfx_gpiote_channel_free
                0x00000000000046a4        0xc modules/hal_nordic/nrfx/libmodules__hal_nordic__nrfx.a(nrfx_gpiote.c.obj)
                0x00000000000046a4                nrfx_gpiote_channel_free
 .text.nrfx_gpiote_channel_alloc
                0x00000000000046b0        0xc modules/hal_nordic/nrfx/libmodules__hal_nordic__nrfx.a(nrfx_gpiote.c.obj)
                0x00000000000046b0                nrfx_gpiote_channel_alloc
 .text.nrfx_gpiote_trigger_enable
                0x00000000000046bc       0x84 modules/hal_nordic/nrfx/libmodules__hal_nordic__nrfx.a(nrfx_gpiote.c.obj)
                0x00000000000046bc                nrfx_gpiote_trigger_enable
 .text.nrfx_gpiote_0_irq_handler
                0x0000000000004740      0x160 modules/hal_nordic/nrfx/libmodules__hal_nordic__nrfx.a(nrfx_gpiote.c.obj)
                0x0000000000004740                nrfx_gpiote_0_irq_handler
 .text.nrfx_ppi_channel_alloc
                0x00000000000048a0        0xc modules/hal_nordic/nrfx/libmodules__hal_nordic__nrfx.a(nrfx_ppi.c.obj)
                0x00000000000048a0                nrfx_ppi_channel_alloc
 .text.twi_configure
                0x00000000000048ac       0x3c modules/hal_nordic/nrfx/libmodules__hal_nordic__nrfx.a(nrfx_twi.c.obj)
 .text.twi_tx_start_transfer
                0x00000000000048e8      0x104 modules/hal_nordic/nrfx/libmodules__hal_nordic__nrfx.a(nrfx_twi.c.obj)
 .text.twi_rx_start_transfer
                0x00000000000049ec       0xe4 modules/hal_nordic/nrfx/libmodules__hal_nordic__nrfx.a(nrfx_twi.c.obj)
 .text.nrfx_twi_init
                0x0000000000004ad0       0xc0 modules/hal_nordic/nrfx/libmodules__hal_nordic__nrfx.a(nrfx_twi.c.obj)
                0x0000000000004ad0                nrfx_twi_init
 .text.nrfx_twi_enable
                0x0000000000004b90       0x20 modules/hal_nordic/nrfx/libmodules__hal_nordic__nrfx.a(nrfx_twi.c.obj)
                0x0000000000004b90                nrfx_twi_enable
 .text.nrfx_twi_disable
                0x0000000000004bb0       0x38 modules/hal_nordic/nrfx/libmodules__hal_nordic__nrfx.a(nrfx_twi.c.obj)
                0x0000000000004bb0                nrfx_twi_disable
 .text.nrfx_twi_xfer
                0x0000000000004be8       0xdc modules/hal_nordic/nrfx/libmodules__hal_nordic__nrfx.a(nrfx_twi.c.obj)
                0x0000000000004be8                nrfx_twi_xfer
 .text.nrfx_twi_0_irq_handler
                0x0000000000004cc4       0xd8 modules/hal_nordic/nrfx/libmodules__hal_nordic__nrfx.a(nrfx_twi.c.obj)
                0x0000000000004cc4                nrfx_twi_0_irq_handler
 .text.nrfx_twi_twim_bus_recover
                0x0000000000004d9c       0xdc modules/hal_nordic/nrfx/libmodules__hal_nordic__nrfx.a(nrfx_twi_twim.c.obj)
                0x0000000000004d9c                nrfx_twi_twim_bus_recover
 .text.lv_disp_get_scr_act
                0x0000000000004e78       0x34 modules/lvgl/libmodules__lvgl.a(lv_disp.c.obj)
                0x0000000000004e78                lv_disp_get_scr_act
 .text.lv_disp_get_scr_prev
                0x0000000000004eac       0x34 modules/lvgl/libmodules__lvgl.a(lv_disp.c.obj)
                0x0000000000004eac                lv_disp_get_scr_prev
 .text.lv_disp_get_layer_top
                0x0000000000004ee0       0x34 modules/lvgl/libmodules__lvgl.a(lv_disp.c.obj)
                0x0000000000004ee0                lv_disp_get_layer_top
 .text.lv_disp_get_layer_sys
                0x0000000000004f14       0x34 modules/lvgl/libmodules__lvgl.a(lv_disp.c.obj)
                0x0000000000004f14                lv_disp_get_layer_sys
 .text.lv_disp_is_invalidation_enabled
                0x0000000000004f48       0x40 modules/lvgl/libmodules__lvgl.a(lv_disp.c.obj)
                0x0000000000004f48                lv_disp_is_invalidation_enabled
 .text.event_send_core
                0x0000000000004f88      0x128 modules/lvgl/libmodules__lvgl.a(lv_event.c.obj)
 .text.lv_event_send
                0x00000000000050b0       0x40 modules/lvgl/libmodules__lvgl.a(lv_event.c.obj)
                0x00000000000050b0                lv_event_send
 .text._lv_event_mark_deleted
                0x00000000000050f0       0x24 modules/lvgl/libmodules__lvgl.a(lv_event.c.obj)
                0x00000000000050f0                _lv_event_mark_deleted
 .text.lv_event_get_indev
                0x0000000000005114       0x34 modules/lvgl/libmodules__lvgl.a(lv_event.c.obj)
                0x0000000000005114                lv_event_get_indev
 .text.lv_event_get_draw_ctx
                0x0000000000005148       0x34 modules/lvgl/libmodules__lvgl.a(lv_event.c.obj)
                0x0000000000005148                lv_event_get_draw_ctx
 .text.lv_event_set_ext_draw_size
                0x000000000000517c       0x40 modules/lvgl/libmodules__lvgl.a(lv_event.c.obj)
                0x000000000000517c                lv_event_set_ext_draw_size
 .text._lv_group_init
                0x00000000000051bc        0xc modules/lvgl/libmodules__lvgl.a(lv_group.c.obj)
                0x00000000000051bc                _lv_group_init
 .text.lv_group_get_default
                0x00000000000051c8        0xc modules/lvgl/libmodules__lvgl.a(lv_group.c.obj)
                0x00000000000051c8                lv_group_get_default
 .text.lv_group_focus_next
                0x00000000000051d4       0x28 modules/lvgl/libmodules__lvgl.a(lv_group.c.obj)
                0x00000000000051d4                lv_group_focus_next
 .text.lv_group_focus_prev
                0x00000000000051fc       0x28 modules/lvgl/libmodules__lvgl.a(lv_group.c.obj)
                0x00000000000051fc                lv_group_focus_prev
 .text.lv_group_add_obj
                0x0000000000005224       0xa4 modules/lvgl/libmodules__lvgl.a(lv_group.c.obj)
                0x0000000000005224                lv_group_add_obj
 .text.lv_indev_get_act
                0x00000000000052c8        0xc modules/lvgl/libmodules__lvgl.a(lv_indev.c.obj)
                0x00000000000052c8                lv_indev_get_act
 .text.lv_obj_draw
                0x00000000000052d4      0x444 modules/lvgl/libmodules__lvgl.a(lv_obj.c.obj)
 .text.lv_init  0x0000000000005718       0x74 modules/lvgl/libmodules__lvgl.a(lv_obj.c.obj)
                0x0000000000005718                lv_init
 .text.lv_obj_create
                0x000000000000578c       0x18 modules/lvgl/libmodules__lvgl.a(lv_obj.c.obj)
                0x000000000000578c                lv_obj_create
 .text.lv_obj_destructor
                0x00000000000057a4       0x68 modules/lvgl/libmodules__lvgl.a(lv_obj.c.obj)
 .text.lv_obj_allocate_spec_attr
                0x000000000000580c       0x6c modules/lvgl/libmodules__lvgl.a(lv_obj.c.obj)
                0x000000000000580c                lv_obj_allocate_spec_attr
 .text.lv_obj_class_create_obj
                0x0000000000005878      0x104 modules/lvgl/libmodules__lvgl.a(lv_obj_class.c.obj)
                0x0000000000005878                lv_obj_class_create_obj
 .text.lv_obj_is_layout_positioned
                0x000000000000597c       0x34 modules/lvgl/libmodules__lvgl.a(lv_obj_pos.c.obj)
                0x000000000000597c                lv_obj_is_layout_positioned
 .text.lv_layout_register
                0x00000000000059b0       0x70 modules/lvgl/libmodules__lvgl.a(lv_obj_pos.c.obj)
                0x00000000000059b0                lv_layout_register
 .text.lv_obj_get_self_width
                0x0000000000005a20       0x1c modules/lvgl/libmodules__lvgl.a(lv_obj_pos.c.obj)
                0x0000000000005a20                lv_obj_get_self_width
 .text.lv_obj_refr_pos
                0x0000000000005a3c      0x258 modules/lvgl/libmodules__lvgl.a(lv_obj_pos.c.obj)
                0x0000000000005a3c                lv_obj_refr_pos
 .text.lv_obj_refr_size
                0x0000000000005c94      0x554 modules/lvgl/libmodules__lvgl.a(lv_obj_pos.c.obj)
                0x0000000000005c94                lv_obj_refr_size
 .text.layout_update_core
                0x00000000000061e8       0x7c modules/lvgl/libmodules__lvgl.a(lv_obj_pos.c.obj)
 .text.lv_obj_update_layout
                0x0000000000006264       0x34 modules/lvgl/libmodules__lvgl.a(lv_obj_pos.c.obj)
                0x0000000000006264                lv_obj_update_layout
 .text.lv_obj_get_scroll_bottom
                0x0000000000006298       0xa4 modules/lvgl/libmodules__lvgl.a(lv_obj_scroll.c.obj)
                0x0000000000006298                lv_obj_get_scroll_bottom
 .text.lv_obj_get_scroll_left
                0x000000000000633c       0xd0 modules/lvgl/libmodules__lvgl.a(lv_obj_scroll.c.obj)
                0x000000000000633c                lv_obj_get_scroll_left
 .text.lv_obj_get_scroll_right
                0x000000000000640c       0xb8 modules/lvgl/libmodules__lvgl.a(lv_obj_scroll.c.obj)
                0x000000000000640c                lv_obj_get_scroll_right
 .text.lv_obj_scroll_by
                0x00000000000064c4      0x11c modules/lvgl/libmodules__lvgl.a(lv_obj_scroll.c.obj)
                0x00000000000064c4                lv_obj_scroll_by
 .text.lv_obj_scroll_to_x
                0x00000000000065e0       0x2c modules/lvgl/libmodules__lvgl.a(lv_obj_scroll.c.obj)
                0x00000000000065e0                lv_obj_scroll_to_x
 .text.lv_obj_scroll_to_y
                0x000000000000660c       0x2c modules/lvgl/libmodules__lvgl.a(lv_obj_scroll.c.obj)
                0x000000000000660c                lv_obj_scroll_to_y
 .text.scroll_area_into_view
                0x0000000000006638      0x2f0 modules/lvgl/libmodules__lvgl.a(lv_obj_scroll.c.obj)
 .text.get_local_style
                0x0000000000006928       0xe4 modules/lvgl/libmodules__lvgl.a(lv_obj_style.c.obj)
 .text.trans_del.isra.0
                0x0000000000006a0c       0xa4 modules/lvgl/libmodules__lvgl.a(lv_obj_style.c.obj)
 .text._lv_obj_style_init
                0x0000000000006ab0        0xc modules/lvgl/libmodules__lvgl.a(lv_obj_style.c.obj)
                0x0000000000006ab0                _lv_obj_style_init
 .text.lv_obj_enable_style_refresh
                0x0000000000006abc        0xc modules/lvgl/libmodules__lvgl.a(lv_obj_style.c.obj)
                0x0000000000006abc                lv_obj_enable_style_refresh
 .text.lv_obj_refresh_style
                0x0000000000006ac8      0x1e4 modules/lvgl/libmodules__lvgl.a(lv_obj_style.c.obj)
                0x0000000000006ac8                lv_obj_refresh_style
 .text.trans_anim_cb
                0x0000000000006cac      0x130 modules/lvgl/libmodules__lvgl.a(lv_obj_style.c.obj)
 .text.trans_anim_ready_cb
                0x0000000000006ddc       0xa8 modules/lvgl/libmodules__lvgl.a(lv_obj_style.c.obj)
 .text._lv_obj_style_create_transition
                0x0000000000006e84      0x170 modules/lvgl/libmodules__lvgl.a(lv_obj_style.c.obj)
                0x0000000000006e84                _lv_obj_style_create_transition
 .text.lv_obj_get_disp
                0x0000000000006ff4       0x60 modules/lvgl/libmodules__lvgl.a(lv_obj_tree.c.obj)
                0x0000000000006ff4                lv_obj_get_disp
 .text.refr_obj
                0x0000000000007054      0x338 modules/lvgl/libmodules__lvgl.a(lv_refr.c.obj)
 .text.refr_obj_and_children
                0x000000000000738c       0x8c modules/lvgl/libmodules__lvgl.a(lv_refr.c.obj)
 .text.refr_area_part
                0x0000000000007418      0x5c4 modules/lvgl/libmodules__lvgl.a(lv_refr.c.obj)
 .text._lv_inv_area
                0x00000000000079dc      0x100 modules/lvgl/libmodules__lvgl.a(lv_refr.c.obj)
                0x00000000000079dc                _lv_inv_area
 .text._lv_refr_get_disp_refreshing
                0x0000000000007adc        0xc modules/lvgl/libmodules__lvgl.a(lv_refr.c.obj)
                0x0000000000007adc                _lv_refr_get_disp_refreshing
 .text._lv_disp_refr_timer
                0x0000000000007ae8      0x408 modules/lvgl/libmodules__lvgl.a(lv_refr.c.obj)
                0x0000000000007ae8                _lv_disp_refr_timer
 .text.lv_theme_apply
                0x0000000000007ef0       0x28 modules/lvgl/libmodules__lvgl.a(lv_theme.c.obj)
                0x0000000000007ef0                lv_theme_apply
 .text.lv_img_cf_get_px_size
                0x0000000000007f18       0x14 modules/lvgl/libmodules__lvgl.a(lv_draw_img.c.obj)
                0x0000000000007f18                lv_img_cf_get_px_size
 .text.lv_draw_img
                0x0000000000007f2c      0x284 modules/lvgl/libmodules__lvgl.a(lv_draw_img.c.obj)
                0x0000000000007f2c                lv_draw_img
 .text.lv_draw_label_dsc_init
                0x00000000000081b0       0x30 modules/lvgl/libmodules__lvgl.a(lv_draw_label.c.obj)
                0x00000000000081b0                lv_draw_label_dsc_init
 .text.lv_draw_label
                0x00000000000081e0      0x59c modules/lvgl/libmodules__lvgl.a(lv_draw_label.c.obj)
                0x00000000000081e0                lv_draw_label
 .text.lv_draw_layer_create
                0x000000000000877c       0x94 modules/lvgl/libmodules__lvgl.a(lv_draw_layer.c.obj)
                0x000000000000877c                lv_draw_layer_create
 .text.lv_draw_mask_add
                0x0000000000008810       0x48 modules/lvgl/libmodules__lvgl.a(lv_draw_mask.c.obj)
                0x0000000000008810                lv_draw_mask_add
 .text.lv_draw_mask_apply
                0x0000000000008858       0x40 modules/lvgl/libmodules__lvgl.a(lv_draw_mask.c.obj)
                0x0000000000008858                lv_draw_mask_apply
 .text.lv_draw_mask_remove_id
                0x0000000000008898       0x28 modules/lvgl/libmodules__lvgl.a(lv_draw_mask.c.obj)
                0x0000000000008898                lv_draw_mask_remove_id
 .text.lv_draw_mask_remove_custom
                0x00000000000088c0       0x2c modules/lvgl/libmodules__lvgl.a(lv_draw_mask.c.obj)
                0x00000000000088c0                lv_draw_mask_remove_custom
 .text._lv_draw_mask_cleanup
                0x00000000000088ec       0x28 modules/lvgl/libmodules__lvgl.a(lv_draw_mask.c.obj)
                0x00000000000088ec                _lv_draw_mask_cleanup
 .text.lv_draw_mask_is_any
                0x0000000000008914       0x54 modules/lvgl/libmodules__lvgl.a(lv_draw_mask.c.obj)
                0x0000000000008914                lv_draw_mask_is_any
 .text.lv_draw_mask_line_points_init
                0x0000000000008968      0x124 modules/lvgl/libmodules__lvgl.a(lv_draw_mask.c.obj)
                0x0000000000008968                lv_draw_mask_line_points_init
 .text.lv_draw_mask_angle_init
                0x0000000000008a8c       0xa0 modules/lvgl/libmodules__lvgl.a(lv_draw_mask.c.obj)
                0x0000000000008a8c                lv_draw_mask_angle_init
 .text.lv_draw_mask_radius_init
                0x0000000000008b2c      0x464 modules/lvgl/libmodules__lvgl.a(lv_draw_mask.c.obj)
                0x0000000000008b2c                lv_draw_mask_radius_init
 .text.lv_draw_rect_dsc_init
                0x0000000000008f90       0x38 modules/lvgl/libmodules__lvgl.a(lv_draw_rect.c.obj)
                0x0000000000008f90                lv_draw_rect_dsc_init
 .text.lv_draw_transform
                0x0000000000008fc8       0x70 modules/lvgl/libmodules__lvgl.a(lv_draw_transform.c.obj)
                0x0000000000008fc8                lv_draw_transform
 .text._lv_img_cache_open
                0x0000000000009038       0x78 modules/lvgl/libmodules__lvgl.a(lv_img_cache.c.obj)
                0x0000000000009038                _lv_img_cache_open
 .text.lv_img_decoder_built_in_info
                0x00000000000090b0       0xe0 modules/lvgl/libmodules__lvgl.a(lv_img_decoder.c.obj)
                0x00000000000090b0                lv_img_decoder_built_in_info
 .text.lv_img_decoder_built_in_read_line
                0x0000000000009190      0x354 modules/lvgl/libmodules__lvgl.a(lv_img_decoder.c.obj)
                0x0000000000009190                lv_img_decoder_built_in_read_line
 .text.lv_img_decoder_built_in_open
                0x00000000000094e4      0x228 modules/lvgl/libmodules__lvgl.a(lv_img_decoder.c.obj)
                0x00000000000094e4                lv_img_decoder_built_in_open
 .text.lv_img_decoder_get_info
                0x000000000000970c       0x5c modules/lvgl/libmodules__lvgl.a(lv_img_decoder.c.obj)
                0x000000000000970c                lv_img_decoder_get_info
 .text.lv_img_decoder_open
                0x0000000000009768       0xf0 modules/lvgl/libmodules__lvgl.a(lv_img_decoder.c.obj)
                0x0000000000009768                lv_img_decoder_open
 .text.lv_img_decoder_create
                0x0000000000009858       0x4c modules/lvgl/libmodules__lvgl.a(lv_img_decoder.c.obj)
                0x0000000000009858                lv_img_decoder_create
 .text._lv_img_decoder_init
                0x00000000000098a4       0x68 modules/lvgl/libmodules__lvgl.a(lv_img_decoder.c.obj)
                0x00000000000098a4                _lv_img_decoder_init
 .text.lv_draw_sw_init_ctx
                0x000000000000990c       0x88 modules/lvgl/libmodules__lvgl.a(lv_draw_sw.c.obj)
                0x000000000000990c                lv_draw_sw_init_ctx
 .text.lv_draw_sw_blend_basic
                0x0000000000009994      0x8c8 modules/lvgl/libmodules__lvgl.a(lv_draw_sw_blend.c.obj)
                0x0000000000009994                lv_draw_sw_blend_basic
 .text.iterate_cache
                0x000000000000a25c       0x64 modules/lvgl/libmodules__lvgl.a(lv_draw_sw_gradient.c.obj)
 .text.kill_oldest_item
                0x000000000000a2c0       0x78 modules/lvgl/libmodules__lvgl.a(lv_draw_sw_gradient.c.obj)
 .text.lv_gradient_set_cache_size
                0x000000000000a338       0x64 modules/lvgl/libmodules__lvgl.a(lv_draw_sw_gradient.c.obj)
                0x000000000000a338                lv_gradient_set_cache_size
 .text.lv_gradient_calculate
                0x000000000000a39c       0xe4 modules/lvgl/libmodules__lvgl.a(lv_draw_sw_gradient.c.obj)
                0x000000000000a39c                lv_gradient_calculate
 .text.lv_gradient_get
                0x000000000000a480      0x19c modules/lvgl/libmodules__lvgl.a(lv_draw_sw_gradient.c.obj)
                0x000000000000a480                lv_gradient_get
 .text.lv_draw_sw_layer_create
                0x000000000000a61c      0x124 modules/lvgl/libmodules__lvgl.a(lv_draw_sw_layer.c.obj)
                0x000000000000a61c                lv_draw_sw_layer_create
 .text.lv_draw_sw_letter
                0x000000000000a740      0x460 modules/lvgl/libmodules__lvgl.a(lv_draw_sw_letter.c.obj)
                0x000000000000a740                lv_draw_sw_letter
 .text.lv_draw_sw_line
                0x000000000000aba0      0x74c modules/lvgl/libmodules__lvgl.a(lv_draw_sw_line.c.obj)
                0x000000000000aba0                lv_draw_sw_line
 .text.lv_draw_sw_polygon
                0x000000000000b2ec      0x284 modules/lvgl/libmodules__lvgl.a(lv_draw_sw_polygon.c.obj)
                0x000000000000b2ec                lv_draw_sw_polygon
 .text.draw_bg_img
                0x000000000000b570      0x22c modules/lvgl/libmodules__lvgl.a(lv_draw_sw_rect.c.obj)
 .text.find_track_end
                0x000000000000b79c      0x294 modules/lvgl/libmodules__lvgl.a(lv_flex.c.obj)
 .text.flex_update
                0x000000000000ba30      0x730 modules/lvgl/libmodules__lvgl.a(lv_flex.c.obj)
 .text.lv_flex_init
                0x000000000000c160       0x50 modules/lvgl/libmodules__lvgl.a(lv_flex.c.obj)
                0x000000000000c160                lv_flex_init
 .text.grid_align
                0x000000000000c1b0      0x130 modules/lvgl/libmodules__lvgl.a(lv_grid.c.obj)
 .text.grid_update
                0x000000000000c2e0      0x81c modules/lvgl/libmodules__lvgl.a(lv_grid.c.obj)
 .text.lv_grid_init
                0x000000000000cafc       0xa4 modules/lvgl/libmodules__lvgl.a(lv_grid.c.obj)
                0x000000000000cafc                lv_grid_init
 .text.lv_font_get_glyph_bitmap
                0x000000000000cba0       0x3c modules/lvgl/libmodules__lvgl.a(lv_font.c.obj)
                0x000000000000cba0                lv_font_get_glyph_bitmap
 .text.lv_font_get_glyph_dsc
                0x000000000000cbdc       0xe8 modules/lvgl/libmodules__lvgl.a(lv_font.c.obj)
                0x000000000000cbdc                lv_font_get_glyph_dsc
 .text.lv_font_get_glyph_width
                0x000000000000ccc4       0x48 modules/lvgl/libmodules__lvgl.a(lv_font.c.obj)
                0x000000000000ccc4                lv_font_get_glyph_width
 .text.get_glyph_dsc_id
                0x000000000000cd0c       0xd8 modules/lvgl/libmodules__lvgl.a(lv_font_fmt_txt.c.obj)
 .text.lv_font_get_bitmap_fmt_txt
                0x000000000000cde4       0x48 modules/lvgl/libmodules__lvgl.a(lv_font_fmt_txt.c.obj)
                0x000000000000cde4                lv_font_get_bitmap_fmt_txt
 .text.lv_font_get_glyph_dsc_fmt_txt
                0x000000000000ce2c      0x144 modules/lvgl/libmodules__lvgl.a(lv_font_fmt_txt.c.obj)
                0x000000000000ce2c                lv_font_get_glyph_dsc_fmt_txt
 .text.lv_disp_drv_init
                0x000000000000cf70       0x44 modules/lvgl/libmodules__lvgl.a(lv_hal_disp.c.obj)
                0x000000000000cf70                lv_disp_drv_init
 .text.lv_disp_drv_register
                0x000000000000cfb4      0x16c modules/lvgl/libmodules__lvgl.a(lv_hal_disp.c.obj)
                0x000000000000cfb4                lv_disp_drv_register
 .text.lv_disp_get_default
                0x000000000000d120        0xc modules/lvgl/libmodules__lvgl.a(lv_hal_disp.c.obj)
                0x000000000000d120                lv_disp_get_default
 .text.lv_disp_get_hor_res
                0x000000000000d12c       0x20 modules/lvgl/libmodules__lvgl.a(lv_hal_disp.c.obj)
                0x000000000000d12c                lv_disp_get_hor_res
 .text.lv_disp_get_ver_res
                0x000000000000d14c       0x20 modules/lvgl/libmodules__lvgl.a(lv_hal_disp.c.obj)
                0x000000000000d14c                lv_disp_get_ver_res
 .text.lv_disp_get_dpi
                0x000000000000d16c       0x1c modules/lvgl/libmodules__lvgl.a(lv_hal_disp.c.obj)
                0x000000000000d16c                lv_disp_get_dpi
 .text.lv_indev_get_next
                0x000000000000d188       0x14 modules/lvgl/libmodules__lvgl.a(lv_hal_indev.c.obj)
                0x000000000000d188                lv_indev_get_next
 .text.anim_mark_list_change
                0x000000000000d19c       0x34 modules/lvgl/libmodules__lvgl.a(lv_anim.c.obj)
 .text.anim_timer
                0x000000000000d1d0      0x17c modules/lvgl/libmodules__lvgl.a(lv_anim.c.obj)
 .text._lv_anim_core_init
                0x000000000000d34c       0x34 modules/lvgl/libmodules__lvgl.a(lv_anim.c.obj)
                0x000000000000d34c                _lv_anim_core_init
 .text.lv_anim_init
                0x000000000000d380       0x2c modules/lvgl/libmodules__lvgl.a(lv_anim.c.obj)
                0x000000000000d380                lv_anim_init
 .text.lv_anim_del
                0x000000000000d3ac       0x60 modules/lvgl/libmodules__lvgl.a(lv_anim.c.obj)
                0x000000000000d3ac                lv_anim_del
 .text.lv_anim_start
                0x000000000000d40c       0xb4 modules/lvgl/libmodules__lvgl.a(lv_anim.c.obj)
                0x000000000000d40c                lv_anim_start
 .text.lv_anim_get
                0x000000000000d4c0       0x30 modules/lvgl/libmodules__lvgl.a(lv_anim.c.obj)
                0x000000000000d4c0                lv_anim_get
 .text.lv_point_transform
                0x000000000000d4f0      0x130 modules/lvgl/libmodules__lvgl.a(lv_area.c.obj)
                0x000000000000d4f0                lv_point_transform
 .text.lv_palette_main
                0x000000000000d620       0x3c modules/lvgl/libmodules__lvgl.a(lv_color.c.obj)
                0x000000000000d620                lv_palette_main
 .text._lv_fs_init
                0x000000000000d65c        0xc modules/lvgl/libmodules__lvgl.a(lv_fs.c.obj)
                0x000000000000d65c                _lv_fs_init
 .text.lv_fs_read
                0x000000000000d668      0x1b0 modules/lvgl/libmodules__lvgl.a(lv_fs.c.obj)
                0x000000000000d668                lv_fs_read
 .text.lv_fs_get_drv
                0x000000000000d818       0x2c modules/lvgl/libmodules__lvgl.a(lv_fs.c.obj)
                0x000000000000d818                lv_fs_get_drv
 .text.lv_fs_open
                0x000000000000d844      0x100 modules/lvgl/libmodules__lvgl.a(lv_fs.c.obj)
                0x000000000000d844                lv_fs_open
 .text.lv_fs_get_ext
                0x000000000000d944       0x2c modules/lvgl/libmodules__lvgl.a(lv_fs.c.obj)
                0x000000000000d944                lv_fs_get_ext
 .text.lv_log_register_print_cb
                0x000000000000d970        0xc modules/lvgl/libmodules__lvgl.a(lv_log.c.obj)
                0x000000000000d970                lv_log_register_print_cb
 .text._lv_log_add
                0x000000000000d97c       0xb8 modules/lvgl/libmodules__lvgl.a(lv_log.c.obj)
                0x000000000000d97c                _lv_log_add
 .text.lv_trigo_sin
                0x000000000000da34       0x58 modules/lvgl/libmodules__lvgl.a(lv_math.c.obj)
                0x000000000000da34                lv_trigo_sin
 .text.lv_mem_alloc
                0x000000000000da8c       0x10 modules/lvgl/libmodules__lvgl.a(lv_mem.c.obj)
                0x000000000000da8c                lv_mem_alloc
 .text.lv_mem_free
                0x000000000000da9c       0x14 modules/lvgl/libmodules__lvgl.a(lv_mem.c.obj)
                0x000000000000da9c                lv_mem_free
 .text.lv_mem_realloc
                0x000000000000dab0       0x4c modules/lvgl/libmodules__lvgl.a(lv_mem.c.obj)
                0x000000000000dab0                lv_mem_realloc
 .text.lv_mem_buf_get
                0x000000000000dafc      0x100 modules/lvgl/libmodules__lvgl.a(lv_mem.c.obj)
                0x000000000000dafc                lv_mem_buf_get
 .text.lv_mem_buf_release
                0x000000000000dbfc       0x48 modules/lvgl/libmodules__lvgl.a(lv_mem.c.obj)
                0x000000000000dbfc                lv_mem_buf_release
 .text.lv_mem_buf_free_all
                0x000000000000dc44       0x34 modules/lvgl/libmodules__lvgl.a(lv_mem.c.obj)
                0x000000000000dc44                lv_mem_buf_free_all
 .text.lv_style_reset
                0x000000000000dc78       0x48 modules/lvgl/libmodules__lvgl.a(lv_style.c.obj)
                0x000000000000dc78                lv_style_reset
 .text.lv_style_register_prop
                0x000000000000dcc0       0xe0 modules/lvgl/libmodules__lvgl.a(lv_style.c.obj)
                0x000000000000dcc0                lv_style_register_prop
 .text.lv_style_remove_prop
                0x000000000000dda0       0xdc modules/lvgl/libmodules__lvgl.a(lv_style.c.obj)
                0x000000000000dda0                lv_style_remove_prop
 .text.lv_style_prop_get_default
                0x000000000000de7c       0x98 modules/lvgl/libmodules__lvgl.a(lv_style.c.obj)
                0x000000000000de7c                lv_style_prop_get_default
 .text.lv_style_set_prop_internal
                0x000000000000df14      0x118 modules/lvgl/libmodules__lvgl.a(lv_style.c.obj)
 .text.lv_style_set_prop
                0x000000000000e02c        0xc modules/lvgl/libmodules__lvgl.a(lv_style.c.obj)
                0x000000000000e02c                lv_style_set_prop
 .text._lv_style_prop_lookup_flags
                0x000000000000e038       0x40 modules/lvgl/libmodules__lvgl.a(lv_style.c.obj)
                0x000000000000e038                _lv_style_prop_lookup_flags
 .text._lv_timer_core_init
                0x000000000000e078       0x1c modules/lvgl/libmodules__lvgl.a(lv_timer.c.obj)
                0x000000000000e078                _lv_timer_core_init
 .text.lv_timer_create
                0x000000000000e094       0x70 modules/lvgl/libmodules__lvgl.a(lv_timer.c.obj)
                0x000000000000e094                lv_timer_create
 .text.lv_timer_del
                0x000000000000e104       0x24 modules/lvgl/libmodules__lvgl.a(lv_timer.c.obj)
                0x000000000000e104                lv_timer_del
 .text.lv_timer_handler
                0x000000000000e128      0x1c4 modules/lvgl/libmodules__lvgl.a(lv_timer.c.obj)
                0x000000000000e128                lv_timer_handler
 .text.lv_txt_utf8_prev
                0x000000000000e2ec       0x48 modules/lvgl/libmodules__lvgl.a(lv_txt.c.obj)
 .text.lv_txt_utf8_get_byte_id
                0x000000000000e334       0x38 modules/lvgl/libmodules__lvgl.a(lv_txt.c.obj)
 .text.lv_txt_utf8_get_char_id
                0x000000000000e36c       0x28 modules/lvgl/libmodules__lvgl.a(lv_txt.c.obj)
 .text.lv_txt_utf8_get_length
                0x000000000000e394       0x28 modules/lvgl/libmodules__lvgl.a(lv_txt.c.obj)
 .text._lv_txt_get_next_line
                0x000000000000e3bc      0x22c modules/lvgl/libmodules__lvgl.a(lv_txt.c.obj)
                0x000000000000e3bc                _lv_txt_get_next_line
 .text._lv_txt_encoded_letter_next_2
                0x000000000000e5e8       0x34 modules/lvgl/libmodules__lvgl.a(lv_txt.c.obj)
                0x000000000000e5e8                _lv_txt_encoded_letter_next_2
 .text.lv_txt_get_size
                0x000000000000e61c       0xdc modules/lvgl/libmodules__lvgl.a(lv_txt.c.obj)
                0x000000000000e61c                lv_txt_get_size
 .text.lv_label_revert_dots
                0x000000000000e6f8       0x58 modules/lvgl/libmodules__lvgl.a(lv_label.c.obj)
 .text.lv_label_create
                0x000000000000e750       0x18 modules/lvgl/libmodules__lvgl.a(lv_label.c.obj)
                0x000000000000e750                lv_label_create
 .text.lv_label_get_letter_on
                0x000000000000e768      0x220 modules/lvgl/libmodules__lvgl.a(lv_label.c.obj)
                0x000000000000e768                lv_label_get_letter_on
 .text.lv_label_refr_text
                0x000000000000e988      0x4dc modules/lvgl/libmodules__lvgl.a(lv_label.c.obj)
 .text.lv_label_set_text
                0x000000000000ee64       0xc0 modules/lvgl/libmodules__lvgl.a(lv_label.c.obj)
                0x000000000000ee64                lv_label_set_text
 .text.lv_label_set_long_mode
                0x000000000000ef24       0x60 modules/lvgl/libmodules__lvgl.a(lv_label.c.obj)
                0x000000000000ef24                lv_label_set_long_mode
 .text.lv_label_constructor
                0x000000000000ef84       0x4c modules/lvgl/libmodules__lvgl.a(lv_label.c.obj)
 .text.lv_label_event
                0x000000000000efd0      0x338 modules/lvgl/libmodules__lvgl.a(lv_label.c.obj)
 .text.lvgl_log
                0x000000000000f308       0x6c modules/lvgl/libmodules__lvgl.a(lvgl.c.obj)
 .text.lvgl_init
                0x000000000000f374      0x118 modules/lvgl/libmodules__lvgl.a(lvgl.c.obj)
 .text.set_lvgl_rendering_cb
                0x000000000000f48c       0x84 modules/lvgl/libmodules__lvgl.a(lvgl_display.c.obj)
                0x000000000000f48c                set_lvgl_rendering_cb
 .text.lvgl_malloc
                0x000000000000f510       0x28 modules/lvgl/libmodules__lvgl.a(lvgl_mem.c.obj)
                0x000000000000f510                lvgl_malloc
 .text.lvgl_realloc
                0x000000000000f538       0x2c modules/lvgl/libmodules__lvgl.a(lvgl_mem.c.obj)
                0x000000000000f538                lvgl_realloc
 .text.lvgl_free
                0x000000000000f564       0x28 modules/lvgl/libmodules__lvgl.a(lvgl_mem.c.obj)
                0x000000000000f564                lvgl_free
 .text.lvgl_heap_init
                0x000000000000f58c       0x14 modules/lvgl/libmodules__lvgl.a(lvgl_mem.c.obj)
                0x000000000000f58c                lvgl_heap_init
 .text._DoInit  0x000000000000f5a0       0x60 modules/segger/libmodules__segger.a(SEGGER_RTT.c.obj)
 .text.SEGGER_RTT_WriteSkipNoLock
                0x000000000000f600       0x88 modules/segger/libmodules__segger.a(SEGGER_RTT.c.obj)
                0x000000000000f600                SEGGER_RTT_WriteSkipNoLock
 .text.SEGGER_RTT_HasDataUp
                0x000000000000f688       0x14 modules/segger/libmodules__segger.a(SEGGER_RTT.c.obj)
                0x000000000000f688                SEGGER_RTT_HasDataUp
 .text.zephyr_rtt_mutex_lock
                0x000000000000f69c       0x14 modules/segger/libmodules__segger.a(SEGGER_RTT_zephyr.c.obj)
                0x000000000000f69c                zephyr_rtt_mutex_lock
 .text.zephyr_rtt_mutex_unlock
                0x000000000000f6b0        0xc modules/segger/libmodules__segger.a(SEGGER_RTT_zephyr.c.obj)
                0x000000000000f6b0                zephyr_rtt_mutex_unlock
 .text.z_fatal_error
                0x000000000000f6bc       0xe8 zephyr/kernel/libkernel.a(fatal.c.obj)
                0x000000000000f6bc                z_fatal_error
 .text.z_sys_init_run_level
                0x000000000000f7a4       0x48 zephyr/kernel/libkernel.a(init.c.obj)
 .text.bg_thread_main
                0x000000000000f7ec       0x34 zephyr/kernel/libkernel.a(init.c.obj)
 .text.z_bss_zero
                0x000000000000f820       0x18 zephyr/kernel/libkernel.a(init.c.obj)
                0x000000000000f820                z_bss_zero
 .text.z_init_cpu
                0x000000000000f838       0x8c zephyr/kernel/libkernel.a(init.c.obj)
                0x000000000000f838                z_init_cpu
 .text.z_cstart
                0x000000000000f8c4       0xe0 zephyr/kernel/libkernel.a(init.c.obj)
                0x000000000000f8c4                z_cstart
 .text.z_setup_new_thread
                0x000000000000f9a4       0x80 zephyr/kernel/libkernel.a(thread.c.obj)
                0x000000000000f9a4                z_setup_new_thread
 .text.z_impl_k_thread_create
                0x000000000000fa24       0x58 zephyr/kernel/libkernel.a(thread.c.obj)
                0x000000000000fa24                z_impl_k_thread_create
 .text.z_init_static_threads
                0x000000000000fa7c       0x98 zephyr/kernel/libkernel.a(thread.c.obj)
                0x000000000000fa7c                z_init_static_threads
 .text.z_impl_k_mutex_unlock
                0x000000000000fb14       0x78 zephyr/kernel/libkernel.a(mutex.c.obj)
                0x000000000000fb14                z_impl_k_mutex_unlock
 .text.z_impl_k_mutex_lock
                0x000000000000fb8c       0xf4 zephyr/kernel/libkernel.a(mutex.c.obj)
                0x000000000000fb8c                z_impl_k_mutex_lock
 .text.z_impl_k_sem_give
                0x000000000000fc80       0x48 zephyr/kernel/libkernel.a(sem.c.obj)
                0x000000000000fc80                z_impl_k_sem_give
 .text.z_impl_k_sem_take
                0x000000000000fcc8       0x50 zephyr/kernel/libkernel.a(sem.c.obj)
                0x000000000000fcc8                z_impl_k_sem_take
 .text.sliceable
                0x000000000000fd18       0x3c zephyr/kernel/libkernel.a(sched.c.obj)
 .text.slice_timeout
                0x000000000000fd54       0x20 zephyr/kernel/libkernel.a(sched.c.obj)
 .text.z_reset_time_slice
                0x000000000000fd74       0x50 zephyr/kernel/libkernel.a(sched.c.obj)
                0x000000000000fd74                z_reset_time_slice
 .text.update_cache
                0x000000000000fdc4       0x3c zephyr/kernel/libkernel.a(sched.c.obj)
 .text.move_thread_to_end_of_prio_q
                0x000000000000fe00       0x74 zephyr/kernel/libkernel.a(sched.c.obj)
 .text.ready_thread
                0x000000000000fe74       0x68 zephyr/kernel/libkernel.a(sched.c.obj)
 .text.unready_thread
                0x000000000000fedc       0x30 zephyr/kernel/libkernel.a(sched.c.obj)
 .text.pend_locked
                0x000000000000ff0c       0x30 zephyr/kernel/libkernel.a(sched.c.obj)
 .text.z_thread_halt
                0x000000000000ff3c       0xa0 zephyr/kernel/libkernel.a(sched.c.obj)
 .text.z_time_slice
                0x000000000000ffdc       0x60 zephyr/kernel/libkernel.a(sched.c.obj)
                0x000000000000ffdc                z_time_slice
 .text.z_pend_curr
                0x000000000001003c       0x3c zephyr/kernel/libkernel.a(sched.c.obj)
                0x000000000001003c                z_pend_curr
 .text.z_set_prio
                0x0000000000010078       0x8c zephyr/kernel/libkernel.a(sched.c.obj)
                0x0000000000010078                z_set_prio
 .text.z_reschedule
                0x0000000000010104       0x24 zephyr/kernel/libkernel.a(sched.c.obj)
                0x0000000000010104                z_reschedule
 .text.z_sched_start
                0x0000000000010128       0x3c zephyr/kernel/libkernel.a(sched.c.obj)
                0x0000000000010128                z_sched_start
 .text.k_sched_lock
                0x0000000000010164       0x28 zephyr/kernel/libkernel.a(sched.c.obj)
                0x0000000000010164                k_sched_lock
 .text.k_sched_unlock
                0x000000000001018c       0x38 zephyr/kernel/libkernel.a(sched.c.obj)
                0x000000000001018c                k_sched_unlock
 .text.z_sched_init
                0x00000000000101c4       0x10 zephyr/kernel/libkernel.a(sched.c.obj)
                0x00000000000101c4                z_sched_init
 .text.z_impl_k_yield
                0x00000000000101d4       0x7c zephyr/kernel/libkernel.a(sched.c.obj)
                0x00000000000101d4                z_impl_k_yield
 .text.z_tick_sleep
                0x0000000000010250       0x88 zephyr/kernel/libkernel.a(sched.c.obj)
 .text.z_impl_k_sleep
                0x00000000000102d8       0x34 zephyr/kernel/libkernel.a(sched.c.obj)
                0x00000000000102d8                z_impl_k_sleep
 .text.z_impl_k_sched_current_thread_query
                0x000000000001030c        0xc zephyr/kernel/libkernel.a(sched.c.obj)
                0x000000000001030c                z_impl_k_sched_current_thread_query
 .text.z_data_copy
                0x0000000000010318       0x34 zephyr/kernel/libkernel.a(xip.c.obj)
                0x0000000000010318                z_data_copy
 .text.elapsed  0x000000000001034c       0x14 zephyr/kernel/libkernel.a(timeout.c.obj)
 .text.next_timeout
                0x0000000000010360       0x40 zephyr/kernel/libkernel.a(timeout.c.obj)
 .text.remove_timeout
                0x00000000000103a0       0x38 zephyr/kernel/libkernel.a(timeout.c.obj)
 .text.z_add_timeout
                0x00000000000103d8       0xec zephyr/kernel/libkernel.a(timeout.c.obj)
                0x00000000000103d8                z_add_timeout
 .text.sys_clock_announce
                0x00000000000104c4       0xd4 zephyr/kernel/libkernel.a(timeout.c.obj)
                0x00000000000104c4                sys_clock_announce
 .text.sys_clock_tick_get
                0x0000000000010598       0x34 zephyr/kernel/libkernel.a(timeout.c.obj)
                0x0000000000010598                sys_clock_tick_get
 .text.z_timer_expiration_handler
                0x00000000000105cc       0xe4 zephyr/kernel/libkernel.a(timer.c.obj)
                0x00000000000105cc                z_timer_expiration_handler
 .text.z_impl_k_timer_start
                0x00000000000106b0       0x74 zephyr/kernel/libkernel.a(timer.c.obj)
                0x00000000000106b0                z_impl_k_timer_start
 .text.boot_banner
                0x0000000000010724        0xc zephyr/kernel/libkernel.a(banner.c.obj)
                0x0000000000010724                boot_banner
 .text.statics_init
                0x0000000000010730       0x24 zephyr/kernel/libkernel.a(kheap.c.obj)
 .text.snprintf
                0x0000000000010754       0x58 /home/samuel/ncs/toolchains/2be090971e/opt/zephyr-sdk/arm-zephyr-eabi/bin/../lib/gcc/../../picolibc/arm-zephyr-eabi/lib/thumb/v7e-m/nofp/libc.a(libc_tinystdio_snprintf.c.o)
                0x0000000000010754                snprintf
 .text.__l_vfprintf
                0x00000000000107ac      0x4b8 /home/samuel/ncs/toolchains/2be090971e/opt/zephyr-sdk/arm-zephyr-eabi/bin/../lib/gcc/../../picolibc/arm-zephyr-eabi/lib/thumb/v7e-m/nofp/libc.a(libc_tinystdio_vflprintf.c.o)
                0x00000000000107ac                __l_vfprintf
 .text.vsnprintf
                0x0000000000010c64       0x50 /home/samuel/ncs/toolchains/2be090971e/opt/zephyr-sdk/arm-zephyr-eabi/bin/../lib/gcc/../../picolibc/arm-zephyr-eabi/lib/thumb/v7e-m/nofp/libc.a(libc_tinystdio_vsnprintf.c.o)
                0x0000000000010c64                vsnprintf
 .text.vsprintf
                0x0000000000010cb4       0x44 /home/samuel/ncs/toolchains/2be090971e/opt/zephyr-sdk/arm-zephyr-eabi/bin/../lib/gcc/../../picolibc/arm-zephyr-eabi/lib/thumb/v7e-m/nofp/libc.a(libc_tinystdio_vsprintf.c.o)
                0x0000000000010cb4                vsprintf
 .text._OffsetAbsSyms
                0x0000000000010cf8        0x2 zephyr/CMakeFiles/offsets.dir/./arch/arm/core/offsets/offsets.c.obj
                0x0000000000010cf8                _OffsetAbsSyms
 .text.cbpprintf_external
                0x0000000000010cfa       0x62 zephyr/libzephyr.a(cbprintf_packaged.c.obj)
                0x0000000000010cfa                cbpprintf_external
 .text.is_ptr   0x0000000000010d5c       0x4a zephyr/libzephyr.a(cbprintf_packaged.c.obj)
                0x0000000000010d5c                is_ptr
 .text.arch_printk_char_out
                0x0000000000010da6        0x4 zephyr/libzephyr.a(printk.c.obj)
                0x0000000000010da6                arch_printk_char_out
 .text.printk   0x0000000000010daa       0x1a zephyr/libzephyr.a(printk.c.obj)
                0x0000000000010daa                printk
 .text.chunk_size
                0x0000000000010dc4        0xa zephyr/libzephyr.a(heap.c.obj)
 .text.free_list_add
                0x0000000000010dce       0x4e zephyr/libzephyr.a(heap.c.obj)
 .text.free_list_remove_bidx
                0x0000000000010e1c       0x3a zephyr/libzephyr.a(heap.c.obj)
 .text.free_list_remove
                0x0000000000010e56       0x1a zephyr/libzephyr.a(heap.c.obj)
 .text.alloc_chunk
                0x0000000000010e70       0x6e zephyr/libzephyr.a(heap.c.obj)
 .text.merge_chunks
                0x0000000000010ede       0x2c zephyr/libzephyr.a(heap.c.obj)
 .text.split_chunks
                0x0000000000010f0a       0x34 zephyr/libzephyr.a(heap.c.obj)
 .text.free_chunk
                0x0000000000010f3e       0x62 zephyr/libzephyr.a(heap.c.obj)
 .text.sys_heap_free
                0x0000000000010fa0       0x1e zephyr/libzephyr.a(heap.c.obj)
                0x0000000000010fa0                sys_heap_free
 .text.sys_heap_alloc
                0x0000000000010fbe       0x52 zephyr/libzephyr.a(heap.c.obj)
                0x0000000000010fbe                sys_heap_alloc
 .text.sys_heap_aligned_alloc
                0x0000000000011010       0xd0 zephyr/libzephyr.a(heap.c.obj)
                0x0000000000011010                sys_heap_aligned_alloc
 .text.sys_heap_aligned_realloc
                0x00000000000110e0      0x128 zephyr/libzephyr.a(heap.c.obj)
                0x00000000000110e0                sys_heap_aligned_realloc
 .text.sys_heap_init
                0x0000000000011208       0x7a zephyr/libzephyr.a(heap.c.obj)
                0x0000000000011208                sys_heap_init
 .text.process_recheck
                0x0000000000011282       0x38 zephyr/libzephyr.a(onoff.c.obj)
 .text.validate_args
                0x00000000000112ba       0x20 zephyr/libzephyr.a(onoff.c.obj)
 .text.notify_one
                0x00000000000112da       0x2c zephyr/libzephyr.a(onoff.c.obj)
 .text.transition_complete
                0x0000000000011306       0x1c zephyr/libzephyr.a(onoff.c.obj)
 .text.onoff_manager_init
                0x0000000000011322       0x26 zephyr/libzephyr.a(onoff.c.obj)
                0x0000000000011322                onoff_manager_init
 .text.onoff_request
                0x0000000000011348       0xb0 zephyr/libzephyr.a(onoff.c.obj)
                0x0000000000011348                onoff_request
 .text.sys_notify_validate
                0x00000000000113f8       0x22 zephyr/libzephyr.a(notify.c.obj)
                0x00000000000113f8                sys_notify_validate
 .text.sys_notify_finalize
                0x000000000001141a       0x1a zephyr/libzephyr.a(notify.c.obj)
                0x000000000001141a                sys_notify_finalize
 .text.free_space
                0x0000000000011434       0x26 zephyr/libzephyr.a(mpsc_pbuf.c.obj)
 .text.get_usage
                0x000000000001145a       0x22 zephyr/libzephyr.a(mpsc_pbuf.c.obj)
 .text.idx_inc  0x000000000001147c       0x1c zephyr/libzephyr.a(mpsc_pbuf.c.obj)
 .text.rd_idx_inc
                0x0000000000011498       0x18 zephyr/libzephyr.a(mpsc_pbuf.c.obj)
 .text.add_skip_item
                0x00000000000114b0       0x3a zephyr/libzephyr.a(mpsc_pbuf.c.obj)
 .text.drop_item_locked
                0x00000000000114ea       0xee zephyr/libzephyr.a(mpsc_pbuf.c.obj)
 .text.post_drop_action
                0x00000000000115d8       0x36 zephyr/libzephyr.a(mpsc_pbuf.c.obj)
 .text.max_utilization_update
                0x000000000001160e       0x1a zephyr/libzephyr.a(mpsc_pbuf.c.obj)
 .text.mpsc_pbuf_init
                0x0000000000011628       0x42 zephyr/libzephyr.a(mpsc_pbuf.c.obj)
                0x0000000000011628                mpsc_pbuf_init
 .text.mpsc_pbuf_alloc
                0x000000000001166a       0xfc zephyr/libzephyr.a(mpsc_pbuf.c.obj)
                0x000000000001166a                mpsc_pbuf_alloc
 .text.mpsc_pbuf_commit
                0x0000000000011766       0x40 zephyr/libzephyr.a(mpsc_pbuf.c.obj)
                0x0000000000011766                mpsc_pbuf_commit
 .text.mpsc_pbuf_claim
                0x00000000000117a6       0xa4 zephyr/libzephyr.a(mpsc_pbuf.c.obj)
                0x00000000000117a6                mpsc_pbuf_claim
 .text.mpsc_pbuf_free
                0x000000000001184a       0x78 zephyr/libzephyr.a(mpsc_pbuf.c.obj)
                0x000000000001184a                mpsc_pbuf_free
 .text.mpsc_pbuf_is_pending
                0x00000000000118c2       0x1a zephyr/libzephyr.a(mpsc_pbuf.c.obj)
                0x00000000000118c2                mpsc_pbuf_is_pending
 .text._ConfigAbsSyms
                0x00000000000118dc        0x2 zephyr/libzephyr.a(configs.c.obj)
                0x00000000000118dc                _ConfigAbsSyms
 .text.log_msg_generic_get_wlen
                0x00000000000118de       0x20 zephyr/libzephyr.a(log_core.c.obj)
 .text.dummy_timestamp
                0x00000000000118fe        0x4 zephyr/libzephyr.a(log_core.c.obj)
 .text.default_get_timestamp
                0x0000000000011902        0x4 zephyr/libzephyr.a(log_core.c.obj)
 .text.atomic_inc
                0x0000000000011906       0x1a zephyr/libzephyr.a(log_core.c.obj)
 .text.z_log_vprintk
                0x0000000000011920       0x1c zephyr/libzephyr.a(log_core.c.obj)
                0x0000000000011920                z_log_vprintk
 .text.z_log_notify_drop
                0x000000000001193c        0x6 zephyr/libzephyr.a(log_core.c.obj)
 .text.z_log_get_tag
                0x0000000000011942        0x4 zephyr/libzephyr.a(log_core.c.obj)
                0x0000000000011942                z_log_get_tag
 .text.z_cbprintf_cpy
                0x0000000000011946       0x2c zephyr/libzephyr.a(log_msg.c.obj)
 .text.z_log_msg_finalize
                0x0000000000011972       0x32 zephyr/libzephyr.a(log_msg.c.obj)
                0x0000000000011972                z_log_msg_finalize
 .text.z_log_msg_simple_create
                0x00000000000119a4       0x6e zephyr/libzephyr.a(log_msg.c.obj)
 .text.z_impl_z_log_msg_simple_create_0
                0x0000000000011a12       0x12 zephyr/libzephyr.a(log_msg.c.obj)
                0x0000000000011a12                z_impl_z_log_msg_simple_create_0
 .text.z_impl_z_log_msg_simple_create_1
                0x0000000000011a24       0x14 zephyr/libzephyr.a(log_msg.c.obj)
                0x0000000000011a24                z_impl_z_log_msg_simple_create_1
 .text.buffer_write
                0x0000000000011a38       0x1a zephyr/libzephyr.a(log_output.c.obj)
 .text.log_output_flush
                0x0000000000011a52       0x1a zephyr/libzephyr.a(log_output.c.obj)
                0x0000000000011a52                log_output_flush
 .text.out_func
                0x0000000000011a6c       0x36 zephyr/libzephyr.a(log_output.c.obj)
 .text.cr_out_func
                0x0000000000011aa2       0x1c zephyr/libzephyr.a(log_output.c.obj)
 .text.format_set
                0x0000000000011abe        0xc zephyr/libzephyr.a(log_backend_uart.c.obj)
 .text.log_backend_uart_init
                0x0000000000011aca        0xc zephyr/libzephyr.a(log_backend_uart.c.obj)
 .text.panic    0x0000000000011ad6       0x10 zephyr/libzephyr.a(log_backend_uart.c.obj)
 .text.dropped  0x0000000000011ae6        0xa zephyr/libzephyr.a(log_backend_uart.c.obj)
 .text.process  0x0000000000011af0       0x1e zephyr/libzephyr.a(log_backend_uart.c.obj)
 .text.z_do_kernel_oops
                0x0000000000011b0e        0x8 zephyr/arch/arch/arm/core/libarch__arm__core.a(fatal.c.obj)
                0x0000000000011b0e                z_do_kernel_oops
 .text.z_arm_nmi
                0x0000000000011b16        0xe zephyr/arch/arch/arm/core/libarch__arm__core.a(nmi.c.obj)
                0x0000000000011b16                z_arm_nmi
 .text.z_log_msg_simple_create_0.constprop.0
                0x0000000000011b24        0x8 zephyr/arch/arch/arm/core/cortex_m/libarch__arm__core__cortex_m.a(fault.c.obj)
 .text.z_irq_spurious
                0x0000000000011b2c        0x8 zephyr/arch/arch/arm/core/cortex_m/libarch__arm__core__cortex_m.a(irq_manage.c.obj)
                0x0000000000011b2c                z_irq_spurious
 .text.size_to_mpu_rasr_size
                0x0000000000011b34       0x20 zephyr/arch/arch/arm/core/mpu/libarch__arm__core__mpu.a(arm_mpu.c.obj)
 .text.cbputc   0x0000000000011b54        0xc zephyr/lib/libc/picolibc/liblib__libc__picolibc.a(libc-hooks.c.obj)
 .text.picolibc_put
                0x0000000000011b60        0xa zephyr/lib/libc/picolibc/liblib__libc__picolibc.a(libc-hooks.c.obj)
 .text.get_status
                0x0000000000011b6a       0x12 zephyr/drivers/clock_control/libdrivers__clock_control.a(clock_control_nrf.c.obj)
 .text.set_on_state
                0x0000000000011b7c       0x26 zephyr/drivers/clock_control/libdrivers__clock_control.a(clock_control_nrf.c.obj)
 .text.stop     0x0000000000011ba2       0x52 zephyr/drivers/clock_control/libdrivers__clock_control.a(clock_control_nrf.c.obj)
 .text.api_stop
                0x0000000000011bf4        0x6 zephyr/drivers/clock_control/libdrivers__clock_control.a(clock_control_nrf.c.obj)
 .text.async_start
                0x0000000000011bfa       0x5c zephyr/drivers/clock_control/libdrivers__clock_control.a(clock_control_nrf.c.obj)
 .text.api_start
                0x0000000000011c56        0xe zephyr/drivers/clock_control/libdrivers__clock_control.a(clock_control_nrf.c.obj)
 .text.onoff_started_callback
                0x0000000000011c64       0x12 zephyr/drivers/clock_control/libdrivers__clock_control.a(clock_control_nrf.c.obj)
 .text.lfclk_stop
                0x0000000000011c76        0x6 zephyr/drivers/clock_control/libdrivers__clock_control.a(clock_control_nrf.c.obj)
 .text.blocking_start_callback
                0x0000000000011c7c        0x6 zephyr/drivers/clock_control/libdrivers__clock_control.a(clock_control_nrf.c.obj)
 .text.ssd1306_bus_name_i2c
                0x0000000000011c82        0x8 zephyr/drivers/display/libdrivers__display.a(ssd1306.c.obj)
 .text.ssd1306_write_bus
                0x0000000000011c8a        0xc zephyr/drivers/display/libdrivers__display.a(ssd1306.c.obj)
 .text.ssd1306_resume
                0x0000000000011c96       0x18 zephyr/drivers/display/libdrivers__display.a(ssd1306.c.obj)
 .text.ssd1306_suspend
                0x0000000000011cae       0x18 zephyr/drivers/display/libdrivers__display.a(ssd1306.c.obj)
 .text.ssd1306_set_brightness
                0x0000000000011cc6        0x6 zephyr/drivers/display/libdrivers__display.a(ssd1306.c.obj)
 .text.ssd1306_set_contrast
                0x0000000000011ccc       0x1c zephyr/drivers/display/libdrivers__display.a(ssd1306.c.obj)
 .text.ssd1306_get_capabilities
                0x0000000000011ce8       0x24 zephyr/drivers/display/libdrivers__display.a(ssd1306.c.obj)
 .text.ssd1306_write_bus_i2c
                0x0000000000011d0c       0x3c zephyr/drivers/display/libdrivers__display.a(ssd1306.c.obj)
 .text.z_log_msg_simple_create_0.constprop.0
                0x0000000000011d48        0x8 zephyr/drivers/display/libdrivers__display.a(ssd1306.c.obj)
 .text.ssd1306_set_pixel_format
                0x0000000000011d50        0xc zephyr/drivers/display/libdrivers__display.a(ssd1306.c.obj)
 .text.ssd1306_bus_ready_i2c
                0x0000000000011d5c        0x8 zephyr/drivers/display/libdrivers__display.a(ssd1306.c.obj)
 .text.gpio_pin_set_dt.isra.0
                0x0000000000011d64       0x28 zephyr/drivers/display/libdrivers__display.a(ssd1306.c.obj)
 .text.gpio_nrfx_port_get_raw
                0x0000000000011d8c        0xe zephyr/drivers/gpio/libdrivers__gpio.a(gpio_nrfx.c.obj)
 .text.gpio_nrfx_port_set_masked_raw
                0x0000000000011d9a       0x18 zephyr/drivers/gpio/libdrivers__gpio.a(gpio_nrfx.c.obj)
 .text.gpio_nrfx_port_set_bits_raw
                0x0000000000011db2        0xc zephyr/drivers/gpio/libdrivers__gpio.a(gpio_nrfx.c.obj)
 .text.gpio_nrfx_port_clear_bits_raw
                0x0000000000011dbe        0xc zephyr/drivers/gpio/libdrivers__gpio.a(gpio_nrfx.c.obj)
 .text.gpio_nrfx_port_toggle_bits
                0x0000000000011dca       0x1a zephyr/drivers/gpio/libdrivers__gpio.a(gpio_nrfx.c.obj)
 .text.gpio_nrfx_manage_callback
                0x0000000000011de4       0x52 zephyr/drivers/gpio/libdrivers__gpio.a(gpio_nrfx.c.obj)
 .text.pinctrl_lookup_state
                0x0000000000011e36       0x26 zephyr/drivers/pinctrl/libdrivers__pinctrl.a(common.c.obj)
                0x0000000000011e36                pinctrl_lookup_state
 .text.uarte_nrfx_err_check
                0x0000000000011e5c        0xe zephyr/drivers/serial/libdrivers__serial.a(uart_nrfx_uarte.c.obj)
 .text.uarte_nrfx_poll_in
                0x0000000000011e6a       0x28 zephyr/drivers/serial/libdrivers__serial.a(uart_nrfx_uarte.c.obj)
 .text.is_tx_ready.isra.0
                0x0000000000011e92       0x20 zephyr/drivers/serial/libdrivers__serial.a(uart_nrfx_uarte.c.obj)
 .text.uarte_nrfx_isr_int
                0x0000000000011eb2       0x72 zephyr/drivers/serial/libdrivers__serial.a(uart_nrfx_uarte.c.obj)
 .text.event_clear
                0x0000000000011f24       0x18 zephyr/drivers/timer/libdrivers__timer.a(nrf_rtc_timer.c.obj)
 .text.sys_clock_cycle_get_32
                0x0000000000011f3c        0x8 zephyr/drivers/timer/libdrivers__timer.a(nrf_rtc_timer.c.obj)
                0x0000000000011f3c                sys_clock_cycle_get_32
 .text.nrf52_errata_12
                0x0000000000011f44       0x1c modules/hal_nordic/nrfx/libmodules__hal_nordic__nrfx.a(system_nrf52.c.obj)
 .text.nrfx_isr
                0x0000000000011f60        0x2 modules/hal_nordic/nrfx/libmodules__hal_nordic__nrfx.a(nrfx_glue.c.obj)
                0x0000000000011f60                nrfx_isr
 .text.nrfx_busy_wait
                0x0000000000011f62        0x4 modules/hal_nordic/nrfx/libmodules__hal_nordic__nrfx.a(nrfx_glue.c.obj)
                0x0000000000011f62                nrfx_busy_wait
 .text.nrfx_gppi_channel_endpoints_setup
                0x0000000000011f66       0x14 modules/hal_nordic/nrfx/libmodules__hal_nordic__nrfx.a(nrfx_gppi_ppi.c.obj)
                0x0000000000011f66                nrfx_gppi_channel_endpoints_setup
 .text.nrfx_clock_stop
                0x0000000000011f7a        0x4 modules/hal_nordic/nrfx/libmodules__hal_nordic__nrfx.a(nrfx_clock.c.obj)
                0x0000000000011f7a                nrfx_clock_stop
 .text.nrf_gpio_pin_port_decode
                0x0000000000011f7e       0x14 modules/hal_nordic/nrfx/libmodules__hal_nordic__nrfx.a(nrfx_gpiote.c.obj)
 .text.nrf_gpio_reconfigure
                0x0000000000011f92       0x92 modules/hal_nordic/nrfx/libmodules__hal_nordic__nrfx.a(nrfx_gpiote.c.obj)
 .text.nrf_gpio_cfg_sense_set
                0x0000000000012024       0x1e modules/hal_nordic/nrfx/libmodules__hal_nordic__nrfx.a(nrfx_gpiote.c.obj)
 .text.latch_pending_read_and_check
                0x0000000000012042       0x1c modules/hal_nordic/nrfx/libmodules__hal_nordic__nrfx.a(nrfx_gpiote.c.obj)
 .text.nrfx_gpiote_pin_uninit
                0x000000000001205e        0x4 modules/hal_nordic/nrfx/libmodules__hal_nordic__nrfx.a(nrfx_gpiote.c.obj)
                0x000000000001205e                nrfx_gpiote_pin_uninit
 .text.nrfx_gpiote_trigger_disable
                0x0000000000012062        0x4 modules/hal_nordic/nrfx/libmodules__hal_nordic__nrfx.a(nrfx_gpiote.c.obj)
                0x0000000000012062                nrfx_gpiote_trigger_disable
 .text.twi_transfer
                0x0000000000012066      0x130 modules/hal_nordic/nrfx/libmodules__hal_nordic__nrfx.a(nrfx_twi.c.obj)
 .text.nrf_gpio_pin_port_decode
                0x0000000000012196       0x14 modules/hal_nordic/nrfx/libmodules__hal_nordic__nrfx.a(nrfx_twi_twim.c.obj)
 .text.nrf_gpio_pin_set
                0x00000000000121aa       0x1a modules/hal_nordic/nrfx/libmodules__hal_nordic__nrfx.a(nrfx_twi_twim.c.obj)
 .text.lv_disp_get_theme
                0x00000000000121c4        0xc modules/lvgl/libmodules__lvgl.a(lv_disp.c.obj)
                0x00000000000121c4                lv_disp_get_theme
 .text.lv_obj_get_event_dsc.isra.0
                0x00000000000121d0       0x1a modules/lvgl/libmodules__lvgl.a(lv_event.c.obj)
 .text.lv_obj_event_base
                0x00000000000121ea       0x2c modules/lvgl/libmodules__lvgl.a(lv_event.c.obj)
                0x00000000000121ea                lv_obj_event_base
 .text.lv_event_get_target
                0x0000000000012216        0x4 modules/lvgl/libmodules__lvgl.a(lv_event.c.obj)
                0x0000000000012216                lv_event_get_target
 .text.lv_event_get_current_target
                0x000000000001221a        0x4 modules/lvgl/libmodules__lvgl.a(lv_event.c.obj)
                0x000000000001221a                lv_event_get_current_target
 .text.lv_event_get_code
                0x000000000001221e        0x8 modules/lvgl/libmodules__lvgl.a(lv_event.c.obj)
                0x000000000001221e                lv_event_get_code
 .text.lv_event_get_param
                0x0000000000012226        0x4 modules/lvgl/libmodules__lvgl.a(lv_event.c.obj)
                0x0000000000012226                lv_event_get_param
 .text.get_indev
                0x000000000001222a       0x4c modules/lvgl/libmodules__lvgl.a(lv_group.c.obj)
 .text.focus_next_core
                0x0000000000012276       0xe4 modules/lvgl/libmodules__lvgl.a(lv_group.c.obj)
 .text.lv_group_refocus
                0x000000000001235a       0x28 modules/lvgl/libmodules__lvgl.a(lv_group.c.obj)
 .text.lv_group_remove_obj
                0x0000000000012382       0x90 modules/lvgl/libmodules__lvgl.a(lv_group.c.obj)
                0x0000000000012382                lv_group_remove_obj
 .text.lv_group_get_editing
                0x0000000000012412        0xa modules/lvgl/libmodules__lvgl.a(lv_group.c.obj)
                0x0000000000012412                lv_group_get_editing
 .text.lv_indev_get_type
                0x000000000001241c        0x8 modules/lvgl/libmodules__lvgl.a(lv_indev.c.obj)
                0x000000000001241c                lv_indev_get_type
 .text.lv_indev_get_scroll_dir
                0x0000000000012424       0x1c modules/lvgl/libmodules__lvgl.a(lv_indev.c.obj)
                0x0000000000012424                lv_indev_get_scroll_dir
 .text.lv_indev_get_scroll_obj
                0x0000000000012440       0x16 modules/lvgl/libmodules__lvgl.a(lv_indev.c.obj)
                0x0000000000012440                lv_indev_get_scroll_obj
 .text.lv_memset_00
                0x0000000000012456        0x8 modules/lvgl/libmodules__lvgl.a(lv_obj.c.obj)
 .text.lv_obj_constructor
                0x000000000001245e       0x5c modules/lvgl/libmodules__lvgl.a(lv_obj.c.obj)
 .text.lv_obj_set_state
                0x00000000000124ba      0x246 modules/lvgl/libmodules__lvgl.a(lv_obj.c.obj)
 .text.lv_obj_clear_flag
                0x0000000000012700       0x78 modules/lvgl/libmodules__lvgl.a(lv_obj.c.obj)
                0x0000000000012700                lv_obj_clear_flag
 .text.lv_obj_add_state
                0x0000000000012778       0x14 modules/lvgl/libmodules__lvgl.a(lv_obj.c.obj)
                0x0000000000012778                lv_obj_add_state
 .text.lv_obj_clear_state
                0x000000000001278c       0x12 modules/lvgl/libmodules__lvgl.a(lv_obj.c.obj)