Archive member included to satisfy reference by file (symbol)

app/libapp.a(main.c.obj)      (--whole-archive)
zephyr/libzephyr.a(cbprintf_packaged.c.obj)
                              (--whole-archive)
zephyr/libzephyr.a(dec.c.obj)
                              (--whole-archive)
zephyr/libzephyr.a(hex.c.obj)
                              (--whole-archive)
zephyr/libzephyr.a(printk.c.obj)
                              (--whole-archive)
zephyr/libzephyr.a(rb.c.obj)  (--whole-archive)
zephyr/libzephyr.a(sem.c.obj)
                              (--whole-archive)
zephyr/libzephyr.a(thread_entry.c.obj)
                              (--whole-archive)
zephyr/libzephyr.a(timeutil.c.obj)
                              (--whole-archive)
zephyr/libzephyr.a(heap.c.obj)
                              (--whole-archive)
zephyr/libzephyr.a(heap-validate.c.obj)
                              (--whole-archive)
zephyr/libzephyr.a(bitarray.c.obj)
                              (--whole-archive)
zephyr/libzephyr.a(multi_heap.c.obj)
                              (--whole-archive)
zephyr/libzephyr.a(onoff.c.obj)
                              (--whole-archive)
zephyr/libzephyr.a(notify.c.obj)
                              (--whole-archive)
zephyr/libzephyr.a(cbprintf_complete.c.obj)
                              (--whole-archive)
zephyr/libzephyr.a(assert.c.obj)
                              (--whole-archive)
zephyr/libzephyr.a(mpsc_pbuf.c.obj)
                              (--whole-archive)
zephyr/libzephyr.a(reboot.c.obj)
                              (--whole-archive)
zephyr/libzephyr.a(configs.c.obj)
                              (--whole-archive)
zephyr/libzephyr.a(log_core.c.obj)
                              (--whole-archive)
zephyr/libzephyr.a(log_mgmt.c.obj)
                              (--whole-archive)
zephyr/libzephyr.a(log_cache.c.obj)
                              (--whole-archive)
zephyr/libzephyr.a(log_msg.c.obj)
                              (--whole-archive)
zephyr/libzephyr.a(log_output.c.obj)
                              (--whole-archive)
zephyr/libzephyr.a(log_backend_rtt.c.obj)
                              (--whole-archive)
zephyr/libzephyr.a(log_backend_uart.c.obj)
                              (--whole-archive)
zephyr/libzephyr.a(mem_attr.c.obj)
                              (--whole-archive)
zephyr/libzephyr.a(tracing_none.c.obj)
                              (--whole-archive)
zephyr/arch/common/libarch__common.a(sw_isr_common.c.obj)
                              (--whole-archive)
zephyr/arch/arch/arm/core/libarch__arm__core.a(fatal.c.obj)
                              (--whole-archive)
zephyr/arch/arch/arm/core/libarch__arm__core.a(nmi.c.obj)
                              (--whole-archive)
zephyr/arch/arch/arm/core/libarch__arm__core.a(nmi_on_reset.S.obj)
                              (--whole-archive)
zephyr/arch/arch/arm/core/libarch__arm__core.a(tls.c.obj)
                              (--whole-archive)
zephyr/arch/arch/arm/core/cortex_m/libarch__arm__core__cortex_m.a(exc_exit.S.obj)
                              (--whole-archive)
zephyr/arch/arch/arm/core/cortex_m/libarch__arm__core__cortex_m.a(fault.c.obj)
                              (--whole-archive)
zephyr/arch/arch/arm/core/cortex_m/libarch__arm__core__cortex_m.a(fault_s.S.obj)
                              (--whole-archive)
zephyr/arch/arch/arm/core/cortex_m/libarch__arm__core__cortex_m.a(fpu.c.obj)
                              (--whole-archive)
zephyr/arch/arch/arm/core/cortex_m/libarch__arm__core__cortex_m.a(reset.S.obj)
                              (--whole-archive)
zephyr/arch/arch/arm/core/cortex_m/libarch__arm__core__cortex_m.a(scb.c.obj)
                              (--whole-archive)
zephyr/arch/arch/arm/core/cortex_m/libarch__arm__core__cortex_m.a(thread_abort.c.obj)
                              (--whole-archive)
zephyr/arch/arch/arm/core/cortex_m/libarch__arm__core__cortex_m.a(vector_table.S.obj)
                              (--whole-archive)
zephyr/arch/arch/arm/core/cortex_m/libarch__arm__core__cortex_m.a(swap.c.obj)
                              (--whole-archive)
zephyr/arch/arch/arm/core/cortex_m/libarch__arm__core__cortex_m.a(swap_helper.S.obj)
                              (--whole-archive)
zephyr/arch/arch/arm/core/cortex_m/libarch__arm__core__cortex_m.a(irq_manage.c.obj)
                              (--whole-archive)
zephyr/arch/arch/arm/core/cortex_m/libarch__arm__core__cortex_m.a(prep_c.c.obj)
                              (--whole-archive)
zephyr/arch/arch/arm/core/cortex_m/libarch__arm__core__cortex_m.a(thread.c.obj)
                              (--whole-archive)
zephyr/arch/arch/arm/core/cortex_m/libarch__arm__core__cortex_m.a(cpu_idle.S.obj)
                              (--whole-archive)
zephyr/arch/arch/arm/core/cortex_m/libarch__arm__core__cortex_m.a(irq_init.c.obj)
                              (--whole-archive)
zephyr/arch/arch/arm/core/cortex_m/libarch__arm__core__cortex_m.a(isr_wrapper.S.obj)
[...]
Memory Configuration

Name             Origin             Length             Attributes
FLASH            0x0000000000000000 0x0000000000080000 xr
RAM              0x0000000020000000 0x0000000000010000 xw
IDT_LIST         0x00000000ffff7fff 0x0000000000008000 xw
*default*        0x0000000000000000 0xffffffffffffffff

Linker script and memory map

                0x00000000000107cc                vfprintf = __l_vfprintf
                0x0000000000000000                vfscanf = __l_vfscanf
LOAD zephyr/CMakeFiles/zephyr_pre0.dir/misc/empty_file.c.obj
LOAD zephyr/CMakeFiles/offsets.dir/./arch/arm/core/offsets/offsets.c.obj
LOAD app/libapp.a
LOAD zephyr/libzephyr.a
LOAD zephyr/arch/common/libarch__common.a
LOAD zephyr/arch/arch/arm/core/libarch__arm__core.a
LOAD zephyr/arch/arch/arm/core/cortex_m/libarch__arm__core__cortex_m.a
LOAD zephyr/arch/arch/arm/core/mpu/libarch__arm__core__mpu.a
LOAD zephyr/lib/libc/picolibc/liblib__libc__picolibc.a
LOAD zephyr/lib/libc/common/liblib__libc__common.a
LOAD zephyr/soc/soc/arm/nordic_nrf/libsoc__arm__nordic_nrf.a
LOAD zephyr/drivers/clock_control/libdrivers__clock_control.a
LOAD zephyr/drivers/console/libdrivers__console.a
LOAD zephyr/drivers/display/libdrivers__display.a
LOAD zephyr/drivers/gpio/libdrivers__gpio.a
LOAD zephyr/drivers/i2c/libdrivers__i2c.a
LOAD zephyr/drivers/pinctrl/libdrivers__pinctrl.a
LOAD zephyr/drivers/serial/libdrivers__serial.a
LOAD zephyr/drivers/timer/libdrivers__timer.a
LOAD modules/nrf/lib/fatal_error/lib..__nrf__lib__fatal_error.a
LOAD modules/hal_nordic/nrfx/libmodules__hal_nordic__nrfx.a
LOAD modules/lvgl/libmodules__lvgl.a
LOAD modules/segger/libmodules__segger.a
LOAD zephyr/kernel/libkernel.a
LOAD /home/samuel/ncs/toolchains/2be090971e/opt/zephyr-sdk/arm-zephyr-eabi/bin/../lib/gcc/arm-zephyr-eabi/12.2.0/thumb/v7e-m/nofp/libgcc.a
LOAD zephyr/arch/common/libisr_tables.a
LOAD /home/samuel/ncs/toolchains/2be090971e/opt/zephyr-sdk/arm-zephyr-eabi/bin/../lib/gcc/../../picolibc/arm-zephyr-eabi/lib/thumb/v7e-m/nofp/libc.a
LOAD /home/samuel/ncs/toolchains/2be090971e/opt/zephyr-sdk/arm-zephyr-eabi/bin/../lib/gcc/arm-zephyr-eabi/12.2.0/thumb/v7e-m/nofp/libgcc.a
                0x0000000000000020                _region_min_align = 0x20

.rel.plt        0x0000000000000000        0x0
 *(SORT_BY_ALIGNMENT(.rel.plt))
                [!provide]                        PROVIDE (__rel_iplt_start = .)
 *(SORT_BY_ALIGNMENT(.rel.iplt))
 .rel.iplt      0x0000000000000000        0x0 app/libapp.a(main.c.obj)
                [!provide]                        PROVIDE (__rel_iplt_end = .)

.rela.plt       0x0000000000000000        0x0
 *(SORT_BY_ALIGNMENT(.rela.plt))
                [!provide]                        PROVIDE (__rela_iplt_start = .)
 *(SORT_BY_ALIGNMENT(.rela.iplt))
                [!provide]                        PROVIDE (__rela_iplt_end = .)

.rel.dyn
 *(SORT_BY_ALIGNMENT(.rel.*))

.rela.dyn
 *(SORT_BY_ALIGNMENT(.rela.*))

/DISCARD/
 *(SORT_BY_ALIGNMENT(.plt))

/DISCARD/
 *(SORT_BY_ALIGNMENT(.iplt))
                0x0000000000000000                __rom_region_start = 0x0

rom_start       0x0000000000000000       0xdc
                0x0000000000000000                __rom_start_address = .
 FILL mask 0x00
                0x0000000000000000                . = (. + (0x0 - (. - __rom_start_address)))
                0x0000000000000000                . = ALIGN (0x4)
                0x0000000000000000                . = ALIGN (0x80)
                0x0000000000000000                . = ALIGN (0x100)
                0x0000000000000000                _vector_start = .
 *(SORT_BY_ALIGNMENT(.exc_vector_table))
 *(SORT_BY_ALIGNMENT(.exc_vector_table.*))
 .exc_vector_table._vector_table_section
                0x0000000000000000       0x40 zephyr/arch/arch/arm/core/cortex_m/libarch__arm__core__cortex_m.a(vector_table.S.obj)
                0x0000000000000000                _vector_table
 *(SORT_BY_ALIGNMENT(.vectors))
                0x00000000000000dc                _vector_end = .
                0x0000000000000040                . = ALIGN (0x4)
 *(SORT_BY_ALIGNMENT(.gnu.linkonce.irq_vector_table*))
 .gnu.linkonce.irq_vector_table
                0x0000000000000040       0x9c zephyr/arch/common/libisr_tables.a(isr_tables.c.obj)
                0x0000000000000040                _irq_vector_table
                0x00000000000000dc                _vector_end = .

text            0x00000000000000dc    0x19bf4
                0x00000000000000dc                __text_region_start = .
 *(SORT_BY_ALIGNMENT(.text))
 .text          0x00000000000000dc       0x30 /home/samuel/ncs/toolchains/2be090971e/opt/zephyr-sdk/arm-zephyr-eabi/bin/../lib/gcc/arm-zephyr-eabi/12.2.0/thumb/v7e-m/nofp/libgcc.a(_aeabi_uldivmod.o)
                0x00000000000000dc                __aeabi_uldivmod
 .text          0x000000000000010c        0x4 /home/samuel/ncs/toolchains/2be090971e/opt/zephyr-sdk/arm-zephyr-eabi/bin/../lib/gcc/arm-zephyr-eabi/12.2.0/thumb/v7e-m/nofp/libgcc.a(_dvmd_tls.o)
                0x000000000000010c                __aeabi_ldiv0
                0x000000000000010c                __aeabi_idiv0
 .text          0x0000000000000110      0x2a0 /home/samuel/ncs/toolchains/2be090971e/opt/zephyr-sdk/arm-zephyr-eabi/bin/../lib/gcc/arm-zephyr-eabi/12.2.0/thumb/v7e-m/nofp/libgcc.a(_udivmoddi4.o)
                0x0000000000000110                __udivmoddi4
 .text          0x00000000000003b0       0x14 /home/samuel/ncs/toolchains/2be090971e/opt/zephyr-sdk/arm-zephyr-eabi/bin/../lib/gcc/../../picolibc/arm-zephyr-eabi/lib/thumb/v7e-m/nofp/libc.a(strcmp.S.o)
                0x00000000000003b0                strcmp
 .text          0x00000000000003c4       0x10 /home/samuel/ncs/toolchains/2be090971e/opt/zephyr-sdk/arm-zephyr-eabi/bin/../lib/gcc/../../picolibc/arm-zephyr-eabi/lib/thumb/v7e-m/nofp/libc.a(strcpy.S.o)
                0x00000000000003c4                strcpy
 .text          0x00000000000003d4       0x10 /home/samuel/ncs/toolchains/2be090971e/opt/zephyr-sdk/arm-zephyr-eabi/bin/../lib/gcc/../../picolibc/arm-zephyr-eabi/lib/thumb/v7e-m/nofp/libc.a(strlen.S.o)
                0x00000000000003d4                strlen
 *(SORT_BY_ALIGNMENT(.text.*))
 .text.button_isr_callback
                0x00000000000003e4       0x18 app/libapp.a(main.c.obj)
 .text.main     0x00000000000003fc      0x164 app/libapp.a(main.c.obj)
                0x00000000000003fc                main
 .text.cbvprintf_package
                0x0000000000000560      0x3a4 zephyr/libzephyr.a(cbprintf_packaged.c.obj)
                0x0000000000000560                cbvprintf_package
 .text.cbprintf_package_convert
                0x0000000000000904      0x3b0 zephyr/libzephyr.a(cbprintf_packaged.c.obj)
                0x0000000000000904                cbprintf_package_convert
 .text.__printk_hook_install
                0x0000000000000cb4        0xc zephyr/libzephyr.a(printk.c.obj)
                0x0000000000000cb4                __printk_hook_install
 .text.z_thread_entry
                0x0000000000000cc0       0x34 zephyr/libzephyr.a(thread_entry.c.obj)
                0x0000000000000cc0                z_thread_entry
 .text.process_event
                0x0000000000000cf4      0x21c zephyr/libzephyr.a(onoff.c.obj)
 .text.activate_foreach_backend
                0x0000000000000f10       0x64 zephyr/libzephyr.a(log_core.c.obj)
 .text.enable_logger
                0x0000000000000f74       0x5c zephyr/libzephyr.a(log_core.c.obj)
 .text.log_process_thread_timer_expiry_fn
                0x0000000000000fd0        0xc zephyr/libzephyr.a(log_core.c.obj)
 .text.z_log_init
                0x0000000000000fdc       0x90 zephyr/libzephyr.a(log_core.c.obj)
 .text.log_format_func_t_get
                0x000000000000106c        0xc zephyr/libzephyr.a(log_core.c.obj)
                0x000000000000106c                log_format_func_t_get
 .text.log_set_timestamp_func
                0x0000000000001078       0x20 zephyr/libzephyr.a(log_core.c.obj)
                0x0000000000001078                log_set_timestamp_func
 .text.z_log_notify_backend_enabled
                0x0000000000001098       0x1c zephyr/libzephyr.a(log_core.c.obj)
                0x0000000000001098                z_log_notify_backend_enabled
 .text.z_log_dropped
                0x00000000000010b4       0x30 zephyr/libzephyr.a(log_core.c.obj)
                0x00000000000010b4                z_log_dropped
 .text.z_log_dropped_read_and_clear
                0x00000000000010e4       0x20 zephyr/libzephyr.a(log_core.c.obj)
                0x00000000000010e4                z_log_dropped_read_and_clear
 .text.dropped_notify
                0x0000000000001104       0x30 zephyr/libzephyr.a(log_core.c.obj)
                0x0000000000001104                dropped_notify
 .text.z_log_msg_init
                0x0000000000001134       0x20 zephyr/libzephyr.a(log_core.c.obj)
                0x0000000000001134                z_log_msg_init
 .text.log_core_init
                0x0000000000001154       0x34 zephyr/libzephyr.a(log_core.c.obj)
                0x0000000000001154                log_core_init
 .text.z_log_msg_alloc
                0x0000000000001188       0x10 zephyr/libzephyr.a(log_core.c.obj)
                0x0000000000001188                z_log_msg_alloc
 .text.z_log_msg_local_claim
                0x0000000000001198        0xc zephyr/libzephyr.a(log_core.c.obj)
                0x0000000000001198                z_log_msg_local_claim
 .text.z_log_msg_free
                0x00000000000011a4       0x10 zephyr/libzephyr.a(log_core.c.obj)
                0x00000000000011a4                z_log_msg_free
 .text.z_log_msg_pending
                0x00000000000011b4        0xc zephyr/libzephyr.a(log_core.c.obj)
                0x00000000000011b4                z_log_msg_pending
 .text.z_impl_log_process
                0x00000000000011c0       0xbc zephyr/libzephyr.a(log_core.c.obj)
                0x00000000000011c0                z_impl_log_process
 .text.z_impl_log_panic
                0x000000000000127c       0x44 zephyr/libzephyr.a(log_core.c.obj)
                0x000000000000127c                z_impl_log_panic
 .text.log_process_thread_func
                0x00000000000012c0       0xa4 zephyr/libzephyr.a(log_core.c.obj)
 .text.z_log_msg_post_finalize
                0x0000000000001364       0x78 zephyr/libzephyr.a(log_core.c.obj)
 .text.z_log_msg_commit
                0x00000000000013dc       0x24 zephyr/libzephyr.a(log_core.c.obj)
                0x00000000000013dc                z_log_msg_commit
 .text.log_source_name_get
                0x0000000000001400       0x1c zephyr/libzephyr.a(log_mgmt.c.obj)
                0x0000000000001400                log_source_name_get
 .text.log_backend_enable
                0x000000000000141c       0x28 zephyr/libzephyr.a(log_mgmt.c.obj)
                0x000000000000141c                log_backend_enable
 .text.z_impl_z_log_msg_static_create
                0x0000000000001444      0x108 zephyr/libzephyr.a(log_msg.c.obj)
                0x0000000000001444                z_impl_z_log_msg_static_create
 .text.z_log_msg_runtime_vcreate
                0x000000000000154c       0x8c zephyr/libzephyr.a(log_msg.c.obj)
                0x000000000000154c                z_log_msg_runtime_vcreate
 .text.print_formatted
                0x00000000000015d8       0x24 zephyr/libzephyr.a(log_output.c.obj)
 .text.newline_print
                0x00000000000015fc       0x1c zephyr/libzephyr.a(log_output.c.obj)
 .text.log_output_process
                0x0000000000001618      0x2a4 zephyr/libzephyr.a(log_output.c.obj)
                0x0000000000001618                log_output_process
 .text.log_output_msg_process
                0x00000000000018bc       0x70 zephyr/libzephyr.a(log_output.c.obj)
                0x00000000000018bc                log_output_msg_process
 .text.log_output_dropped_process
                0x000000000000192c       0x58 zephyr/libzephyr.a(log_output.c.obj)
                0x000000000000192c                log_output_dropped_process
 .text.log_output_timestamp_freq_set
                0x0000000000001984       0x2c zephyr/libzephyr.a(log_output.c.obj)
                0x0000000000001984                log_output_timestamp_freq_set
 .text.log_backend_rtt_init
                0x00000000000019b0        0xc zephyr/libzephyr.a(log_backend_rtt.c.obj)
 .text.format_set
                0x00000000000019bc        0xc zephyr/libzephyr.a(log_backend_rtt.c.obj)
 .text.panic    0x00000000000019c8       0x14 zephyr/libzephyr.a(log_backend_rtt.c.obj)
 .text.dropped  0x00000000000019dc        0xc zephyr/libzephyr.a(log_backend_rtt.c.obj)
 .text.process  0x00000000000019e8       0x24 zephyr/libzephyr.a(log_backend_rtt.c.obj)
 .text.on_failed_write
                0x0000000000001a0c       0x28 zephyr/libzephyr.a(log_backend_rtt.c.obj)
 .text.data_out_block_mode
                0x0000000000001a34       0x84 zephyr/libzephyr.a(log_backend_rtt.c.obj)
 .text.char_out
                0x0000000000001ab8       0x24 zephyr/libzephyr.a(log_backend_uart.c.obj)
 .text.mem_attr_get_regions
                0x0000000000001adc        0xc zephyr/libzephyr.a(mem_attr.c.obj)
                0x0000000000001adc                mem_attr_get_regions
 .text.z_arm_fatal_error
                0x0000000000001ae8       0xa0 zephyr/arch/arch/arm/core/libarch__arm__core.a(fatal.c.obj)
                0x0000000000001ae8                z_arm_fatal_error
 .text.z_SysNmiOnReset
                0x0000000000001b88        0x8 zephyr/arch/arch/arm/core/libarch__arm__core.a(nmi_on_reset.S.obj)
                0x0000000000001b88                z_SysNmiOnReset
 .text.arch_tls_stack_setup
                0x0000000000001b90       0x5c zephyr/arch/arch/arm/core/libarch__arm__core.a(tls.c.obj)
                0x0000000000001b90                arch_tls_stack_setup
 .text._HandlerModeExit
                0x0000000000001bec       0x1c zephyr/arch/arch/arm/core/cortex_m/libarch__arm__core__cortex_m.a(exc_exit.S.obj)
                0x0000000000001bec                z_arm_exc_exit
                0x0000000000001bec                z_arm_int_exit
 .text.bus_fault.constprop.0
                0x0000000000001c08       0xd0 zephyr/arch/arch/arm/core/cortex_m/libarch__arm__core__cortex_m.a(fault.c.obj)
 .text.usage_fault.constprop.0
                0x0000000000001cd8       0xa8 zephyr/arch/arch/arm/core/cortex_m/libarch__arm__core__cortex_m.a(fault.c.obj)
 .text.mem_manage_fault
                0x0000000000001d80      0x104 zephyr/arch/arch/arm/core/cortex_m/libarch__arm__core__cortex_m.a(fault.c.obj)
 .text.z_arm_fault
                0x0000000000001e84      0x1d4 zephyr/arch/arch/arm/core/cortex_m/libarch__arm__core__cortex_m.a(fault.c.obj)
                0x0000000000001e84                z_arm_fault
 .text.z_arm_fault_init
                0x0000000000002058       0x10 zephyr/arch/arch/arm/core/cortex_m/libarch__arm__core__cortex_m.a(fault.c.obj)
                0x0000000000002058                z_arm_fault_init
 .text.__fault  0x0000000000002068       0x14 zephyr/arch/arch/arm/core/cortex_m/libarch__arm__core__cortex_m.a(fault_s.S.obj)
                0x0000000000002068                z_arm_bus_fault
                0x0000000000002068                z_arm_usage_fault
                0x0000000000002068                z_arm_mpu_fault
                0x0000000000002068                z_arm_exc_spurious
                0x0000000000002068                z_arm_debug_monitor
                0x0000000000002068                z_arm_hard_fault
 .text._reset_section
                0x000000000000207c       0x54 zephyr/arch/arch/arm/core/cortex_m/libarch__arm__core__cortex_m.a(reset.S.obj)
                0x000000000000207c                z_arm_reset
                0x000000000000207c                __start
 .text.sys_arch_reboot
                0x00000000000020d0       0x24 zephyr/arch/arch/arm/core/cortex_m/libarch__arm__core__cortex_m.a(scb.c.obj)
                0x00000000000020d0                sys_arch_reboot
 .text.z_arm_clear_arm_mpu_config
                0x00000000000020f4       0x24 zephyr/arch/arch/arm/core/cortex_m/libarch__arm__core__cortex_m.a(scb.c.obj)
                0x00000000000020f4                z_arm_clear_arm_mpu_config
 .text.z_arm_init_arch_hw_at_boot
                0x0000000000002118       0x64 zephyr/arch/arch/arm/core/cortex_m/libarch__arm__core__cortex_m.a(scb.c.obj)
                0x0000000000002118                z_arm_init_arch_hw_at_boot
 .text.z_impl_k_thread_abort
                0x000000000000217c       0x2c zephyr/arch/arch/arm/core/cortex_m/libarch__arm__core__cortex_m.a(thread_abort.c.obj)
                0x000000000000217c                z_impl_k_thread_abort
 .text.arch_swap
                0x00000000000021a8       0x30 zephyr/arch/arch/arm/core/cortex_m/libarch__arm__core__cortex_m.a(swap.c.obj)
                0x00000000000021a8                arch_swap
 .text.z_arm_pendsv
                0x00000000000021d8       0x64 zephyr/arch/arch/arm/core/cortex_m/libarch__arm__core__cortex_m.a(swap_helper.S.obj)
                0x00000000000021d8                z_arm_pendsv
 .text.z_arm_svc
                0x000000000000223c       0x20 zephyr/arch/arch/arm/core/cortex_m/libarch__arm__core__cortex_m.a(swap_helper.S.obj)
                0x000000000000223c                z_arm_svc
 .text.arch_irq_enable
                0x000000000000225c       0x1c zephyr/arch/arch/arm/core/cortex_m/libarch__arm__core__cortex_m.a(irq_manage.c.obj)
                0x000000000000225c                arch_irq_enable
 .text.arch_irq_is_enabled
                0x0000000000002278       0x1c zephyr/arch/arch/arm/core/cortex_m/libarch__arm__core__cortex_m.a(irq_manage.c.obj)
                0x0000000000002278                arch_irq_is_enabled
 .text.z_arm_irq_priority_set
                0x0000000000002294       0x30 zephyr/arch/arch/arm/core/cortex_m/libarch__arm__core__cortex_m.a(irq_manage.c.obj)
                0x0000000000002294                z_arm_irq_priority_set
 .text.z_arm_prep_c
                0x00000000000022c4       0x38 zephyr/arch/arch/arm/core/cortex_m/libarch__arm__core__cortex_m.a(prep_c.c.obj)
                0x00000000000022c4                z_arm_prep_c
 .text.arch_new_thread
                0x00000000000022fc       0x38 zephyr/arch/arch/arm/core/cortex_m/libarch__arm__core__cortex_m.a(thread.c.obj)
                0x00000000000022fc                arch_new_thread
 .text.z_check_thread_stack_fail
                0x0000000000002334       0x2c zephyr/arch/arch/arm/core/cortex_m/libarch__arm__core__cortex_m.a(thread.c.obj)
                0x0000000000002334                z_check_thread_stack_fail
 .text.arch_switch_to_main_thread
                0x0000000000002360       0x38 zephyr/arch/arch/arm/core/cortex_m/libarch__arm__core__cortex_m.a(thread.c.obj)
                0x0000000000002360                arch_switch_to_main_thread
 .text.z_arm_cpu_idle_init
                0x0000000000002398        0xc zephyr/arch/arch/arm/core/cortex_m/libarch__arm__core__cortex_m.a(cpu_idle.S.obj)
                0x0000000000002398                z_arm_cpu_idle_init
 .text.arch_cpu_idle
                0x00000000000023a4       0x1c zephyr/arch/arch/arm/core/cortex_m/libarch__arm__core__cortex_m.a(cpu_idle.S.obj)
                0x00000000000023a4                arch_cpu_idle
 .text.arch_cpu_atomic_idle
                0x00000000000023c0       0x18 zephyr/arch/arch/arm/core/cortex_m/libarch__arm__core__cortex_m.a(cpu_idle.S.obj)
                0x00000000000023c0                arch_cpu_atomic_idle
 .text.z_arm_interrupt_init
                0x00000000000023d8       0x18 zephyr/arch/arch/arm/core/cortex_m/libarch__arm__core__cortex_m.a(irq_init.c.obj)
                0x00000000000023d8                z_arm_interrupt_init
 .text._isr_wrapper
                0x00000000000023f0       0x28 zephyr/arch/arch/arm/core/cortex_m/libarch__arm__core__cortex_m.a(isr_wrapper.S.obj)
                0x00000000000023f0                _isr_wrapper
 .text.z_arm_configure_static_mpu_regions
                0x0000000000002418       0x18 zephyr/arch/arch/arm/core/mpu/libarch__arm__core__mpu.a(arm_core_mpu.c.obj)
                0x0000000000002418                z_arm_configure_static_mpu_regions
 .text.z_arm_configure_dynamic_mpu_regions
                0x0000000000002430       0x20 zephyr/arch/arch/arm/core/mpu/libarch__arm__core__mpu.a(arm_core_mpu.c.obj)
                0x0000000000002430                z_arm_configure_dynamic_mpu_regions
 .text.region_allocate_and_init
                0x0000000000002450       0x48 zephyr/arch/arch/arm/core/mpu/libarch__arm__core__mpu.a(arm_mpu.c.obj)
 .text.mpu_configure_regions
                0x0000000000002498       0x68 zephyr/arch/arch/arm/core/mpu/libarch__arm__core__mpu.a(arm_mpu.c.obj)
 .text.arm_core_mpu_enable
                0x0000000000002500       0x18 zephyr/arch/arch/arm/core/mpu/libarch__arm__core__mpu.a(arm_mpu.c.obj)
                0x0000000000002500                arm_core_mpu_enable
 .text.arm_core_mpu_disable
                0x0000000000002518       0x14 zephyr/arch/arch/arm/core/mpu/libarch__arm__core__mpu.a(arm_mpu.c.obj)
                0x0000000000002518                arm_core_mpu_disable
 .text.arm_core_mpu_configure_static_mpu_regions
                0x000000000000252c       0x14 zephyr/arch/arch/arm/core/mpu/libarch__arm__core__mpu.a(arm_mpu.c.obj)
                0x000000000000252c                arm_core_mpu_configure_static_mpu_regions
 .text.arm_core_mpu_configure_dynamic_mpu_regions
                0x0000000000002540       0x30 zephyr/arch/arch/arm/core/mpu/libarch__arm__core__mpu.a(arm_mpu.c.obj)
                0x0000000000002540                arm_core_mpu_configure_dynamic_mpu_regions
 .text.z_arm_mpu_init
                0x0000000000002570      0x158 zephyr/arch/arch/arm/core/mpu/libarch__arm__core__mpu.a(arm_mpu.c.obj)
                0x0000000000002570                z_arm_mpu_init
 .text.z_impl_zephyr_fputc
                0x00000000000026c8       0x10 zephyr/lib/libc/picolibc/liblib__libc__picolibc.a(libc-hooks.c.obj)
                0x00000000000026c8                z_impl_zephyr_fputc
 .text.__stdout_hook_install
                0x00000000000026d8       0x18 zephyr/lib/libc/picolibc/liblib__libc__picolibc.a(libc-hooks.c.obj)
                0x00000000000026d8                __stdout_hook_install
 .text.cbvprintf
                0x00000000000026f0       0x38 zephyr/lib/libc/picolibc/liblib__libc__picolibc.a(libc-hooks.c.obj)
                0x00000000000026f0                cbvprintf
 .text.__chk_fail
                0x0000000000002728       0x18 zephyr/lib/libc/picolibc/liblib__libc__picolibc.a(libc-hooks.c.obj)
                0x0000000000002728                __chk_fail
 .text.malloc_prepare
                0x0000000000002740       0x24 zephyr/lib/libc/common/liblib__libc__common.a(malloc.c.obj)
 .text.nordicsemi_nrf52_init
                0x0000000000002764       0x18 zephyr/soc/soc/arm/nordic_nrf/libsoc__arm__nordic_nrf.a(soc.c.obj)
 .text.arch_busy_wait
                0x000000000000277c       0x14 zephyr/soc/soc/arm/nordic_nrf/libsoc__arm__nordic_nrf.a(soc.c.obj)
                0x000000000000277c                arch_busy_wait
 .text.z_arm_platform_init
                0x0000000000002790        0x4 zephyr/soc/soc/arm/nordic_nrf/libsoc__arm__nordic_nrf.a(soc_nrf_common.S.obj)
                0x0000000000002790                z_arm_platform_init
 .text.onoff_stop
                0x0000000000002794       0x30 zephyr/drivers/clock_control/libdrivers__clock_control.a(clock_control_nrf.c.obj)
 .text.onoff_start
                0x00000000000027c4       0x44 zephyr/drivers/clock_control/libdrivers__clock_control.a(clock_control_nrf.c.obj)
 .text.generic_hfclk_stop
                0x0000000000002808       0x34 zephyr/drivers/clock_control/libdrivers__clock_control.a(clock_control_nrf.c.obj)
 .text.clk_init
                0x000000000000283c       0x58 zephyr/drivers/clock_control/libdrivers__clock_control.a(clock_control_nrf.c.obj)
 .text.clkstarted_handle.constprop.0
                0x0000000000002894       0x34 zephyr/drivers/clock_control/libdrivers__clock_control.a(clock_control_nrf.c.obj)
 .text.clock_event_handler
                0x00000000000028c8       0x1c zephyr/drivers/clock_control/libdrivers__clock_control.a(clock_control_nrf.c.obj)
 .text.generic_hfclk_start
                0x00000000000028e4       0x64 zephyr/drivers/clock_control/libdrivers__clock_control.a(clock_control_nrf.c.obj)
 .text.api_blocking_start
                0x0000000000002948       0x34 zephyr/drivers/clock_control/libdrivers__clock_control.a(clock_control_nrf.c.obj)
 .text.lfclk_start
                0x000000000000297c       0x24 zephyr/drivers/clock_control/libdrivers__clock_control.a(clock_control_nrf.c.obj)
 .text.z_nrf_clock_control_lf_on
                0x00000000000029a0       0xfc zephyr/drivers/clock_control/libdrivers__clock_control.a(clock_control_nrf.c.obj)
                0x00000000000029a0                z_nrf_clock_control_lf_on
 .text.uart_console_init
                0x0000000000002a9c       0x28 zephyr/drivers/console/libdrivers__console.a(uart_console.c.obj)
 .text.console_out
                0x0000000000002ac4       0x28 zephyr/drivers/console/libdrivers__console.a(uart_console.c.obj)
 .text.ssd1306_read
                0x0000000000002aec       0x18 zephyr/drivers/display/libdrivers__display.a(ssd1306.c.obj)
 .text.ssd1306_get_framebuffer
                0x0000000000002b04       0x18 zephyr/drivers/display/libdrivers__display.a(ssd1306.c.obj)
 .text.ssd1306_set_pixel_format.part.0
                0x0000000000002b1c       0x18 zephyr/drivers/display/libdrivers__display.a(ssd1306.c.obj)
 .text.ssd1306_set_orientation
                0x0000000000002b34       0x18 zephyr/drivers/display/libdrivers__display.a(ssd1306.c.obj)
 .text.ssd1306_write
                0x0000000000002b4c      0x124 zephyr/drivers/display/libdrivers__display.a(ssd1306.c.obj)
 .text.ssd1306_init
                0x0000000000002c70      0x214 zephyr/drivers/display/libdrivers__display.a(ssd1306.c.obj)
 .text.gpio_nrfx_init
                0x0000000000002e84       0x48 zephyr/drivers/gpio/libdrivers__gpio.a(gpio_nrfx.c.obj)
 .text.nrfx_gpio_handler
                0x0000000000002ecc       0x3c zephyr/drivers/gpio/libdrivers__gpio.a(gpio_nrfx.c.obj)
 .text.gpio_nrfx_pin_configure
                0x0000000000002f08      0x180 zephyr/drivers/gpio/libdrivers__gpio.a(gpio_nrfx.c.obj)
 .text.gpio_nrfx_pin_interrupt_configure
                0x0000000000003088       0xf4 zephyr/drivers/gpio/libdrivers__gpio.a(gpio_nrfx.c.obj)
 .text.i2c_nrfx_twi_recover_bus
                0x000000000000317c       0x24 zephyr/drivers/i2c/libdrivers__i2c.a(i2c_nrfx_twi.c.obj)
 .text.i2c_nrfx_twi_configure
                0x00000000000031a0       0x48 zephyr/drivers/i2c/libdrivers__i2c.a(i2c_nrfx_twi.c.obj)
 .text.twi_0_init
                0x00000000000031e8       0x94 zephyr/drivers/i2c/libdrivers__i2c.a(i2c_nrfx_twi.c.obj)
 .text.event_handler
                0x000000000000327c       0x34 zephyr/drivers/i2c/libdrivers__i2c.a(i2c_nrfx_twi.c.obj)
 .text.i2c_nrfx_twi_transfer
                0x00000000000032b0      0x100 zephyr/drivers/i2c/libdrivers__i2c.a(i2c_nrfx_twi.c.obj)
 .text.pinctrl_configure_pins
                0x00000000000033b0      0x174 zephyr/drivers/pinctrl/libdrivers__pinctrl.a(pinctrl_nrf.c.obj)
                0x00000000000033b0                pinctrl_configure_pins
 .text.uarte_0_init
                0x0000000000003524      0x240 zephyr/drivers/serial/libdrivers__serial.a(uart_nrfx_uarte.c.obj)
 .text.uarte_nrfx_poll_out
                0x0000000000003764       0xcc zephyr/drivers/serial/libdrivers__serial.a(uart_nrfx_uarte.c.obj)
 .text.compare_int_lock
                0x0000000000003830       0x48 zephyr/drivers/timer/libdrivers__timer.a(nrf_rtc_timer.c.obj)
 .text.sys_clock_timeout_handler
                0x0000000000003878       0x48 zephyr/drivers/timer/libdrivers__timer.a(nrf_rtc_timer.c.obj)
 .text.compare_int_unlock
                0x00000000000038c0       0x5c zephyr/drivers/timer/libdrivers__timer.a(nrf_rtc_timer.c.obj)
 .text.z_nrf_rtc_timer_read
                0x000000000000391c       0x44 zephyr/drivers/timer/libdrivers__timer.a(nrf_rtc_timer.c.obj)
                0x000000000000391c                z_nrf_rtc_timer_read
 .text.compare_set
                0x0000000000003960      0x130 zephyr/drivers/timer/libdrivers__timer.a(nrf_rtc_timer.c.obj)
 .text.sys_clock_driver_init
                0x0000000000003a90       0x90 zephyr/drivers/timer/libdrivers__timer.a(nrf_rtc_timer.c.obj)
 .text.rtc_nrf_isr
                0x0000000000003b20       0xd4 zephyr/drivers/timer/libdrivers__timer.a(nrf_rtc_timer.c.obj)
                0x0000000000003b20                rtc_nrf_isr
 .text.sys_clock_set_timeout
                0x0000000000003bf4       0x5c zephyr/drivers/timer/libdrivers__timer.a(nrf_rtc_timer.c.obj)
                0x0000000000003bf4                sys_clock_set_timeout
 .text.sys_clock_elapsed
                0x0000000000003c50       0x14 zephyr/drivers/timer/libdrivers__timer.a(nrf_rtc_timer.c.obj)
                0x0000000000003c50                sys_clock_elapsed
 .text.k_sys_fatal_error_handler
                0x0000000000003c64       0x20 modules/nrf/lib/fatal_error/lib..__nrf__lib__fatal_error.a(fatal_error.c.obj)
                0x0000000000003c64                k_sys_fatal_error_handler
 .text.nrf52_errata_16
                0x0000000000003c84       0x28 modules/hal_nordic/nrfx/libmodules__hal_nordic__nrfx.a(system_nrf52.c.obj)
 .text.nvmc_wait
                0x0000000000003cac       0x10 modules/hal_nordic/nrfx/libmodules__hal_nordic__nrfx.a(system_nrf52.c.obj)
                0x0000000000003cac                nvmc_wait
 .text.SystemInit
                0x0000000000003cbc      0x278 modules/hal_nordic/nrfx/libmodules__hal_nordic__nrfx.a(system_nrf52.c.obj)
                0x0000000000003cbc                SystemInit
 .text.nrfx_flag32_alloc
                0x0000000000003f34       0x48 modules/hal_nordic/nrfx/libmodules__hal_nordic__nrfx.a(nrfx_flag32_allocator.c.obj)
                0x0000000000003f34                nrfx_flag32_alloc
 .text.nrfx_flag32_free
                0x0000000000003f7c       0x40 modules/hal_nordic/nrfx/libmodules__hal_nordic__nrfx.a(nrfx_flag32_allocator.c.obj)
                0x0000000000003f7c                nrfx_flag32_free
 .text.nrfx_gppi_channels_enable
                0x0000000000003fbc        0xc modules/hal_nordic/nrfx/libmodules__hal_nordic__nrfx.a(nrfx_gppi_ppi.c.obj)
                0x0000000000003fbc                nrfx_gppi_channels_enable
 .text.clock_stop
                0x0000000000003fc8       0xc4 modules/hal_nordic/nrfx/libmodules__hal_nordic__nrfx.a(nrfx_clock.c.obj)
 .text.nrfx_clock_init
                0x000000000000408c       0x20 modules/hal_nordic/nrfx/libmodules__hal_nordic__nrfx.a(nrfx_clock.c.obj)
                0x000000000000408c                nrfx_clock_init
 .text.nrfx_clock_enable
                0x00000000000040ac       0x24 modules/hal_nordic/nrfx/libmodules__hal_nordic__nrfx.a(nrfx_clock.c.obj)
                0x00000000000040ac                nrfx_clock_enable
 .text.nrfx_clock_start
                0x00000000000040d0       0xec modules/hal_nordic/nrfx/libmodules__hal_nordic__nrfx.a(nrfx_clock.c.obj)
                0x00000000000040d0                nrfx_clock_start
 .text.nrfx_power_clock_irq_handler
                0x00000000000041bc       0x68 modules/hal_nordic/nrfx/libmodules__hal_nordic__nrfx.a(nrfx_clock.c.obj)
                0x00000000000041bc                nrfx_power_clock_irq_handler
 .text.call_handler.constprop.0
                0x0000000000004224       0x3c modules/hal_nordic/nrfx/libmodules__hal_nordic__nrfx.a(nrfx_gpiote.c.obj)
 .text.release_handler.isra.0
                0x0000000000004260       0x54 modules/hal_nordic/nrfx/libmodules__hal_nordic__nrfx.a(nrfx_gpiote.c.obj)
 .text.__nrfy_internal_gpiote_events_process.constprop.0
                0x00000000000042b4       0x5c modules/hal_nordic/nrfx/libmodules__hal_nordic__nrfx.a(nrfx_gpiote.c.obj)
 .text.pin_trigger_disable
                0x0000000000004310       0x40 modules/hal_nordic/nrfx/libmodules__hal_nordic__nrfx.a(nrfx_gpiote.c.obj)
 .text.pin_uninit
                0x0000000000004350       0x74 modules/hal_nordic/nrfx/libmodules__hal_nordic__nrfx.a(nrfx_gpiote.c.obj)
 .text.nrfx_gpiote_input_configure
                0x00000000000043c4      0x160 modules/hal_nordic/nrfx/libmodules__hal_nordic__nrfx.a(nrfx_gpiote.c.obj)
                0x00000000000043c4                nrfx_gpiote_input_configure
 .text.nrfx_gpiote_output_configure
                0x0000000000004524       0xec modules/hal_nordic/nrfx/libmodules__hal_nordic__nrfx.a(nrfx_gpiote.c.obj)
                0x0000000000004524                nrfx_gpiote_output_configure
 .text.nrfx_gpiote_global_callback_set
                0x0000000000004610        0xc modules/hal_nordic/nrfx/libmodules__hal_nordic__nrfx.a(nrfx_gpiote.c.obj)
                0x0000000000004610                nrfx_gpiote_global_callback_set
 .text.nrfx_gpiote_channel_get
                0x000000000000461c       0x24 modules/hal_nordic/nrfx/libmodules__hal_nordic__nrfx.a(nrfx_gpiote.c.obj)
                0x000000000000461c                nrfx_gpiote_channel_get
 .text.nrfx_gpiote_init
                0x0000000000004640       0x70 modules/hal_nordic/nrfx/libmodules__hal_nordic__nrfx.a(nrfx_gpiote.c.obj)
                0x0000000000004640                nrfx_gpiote_init
 .text.nrfx_gpiote_init_check
                0x00000000000046b0       0x14 modules/hal_nordic/nrfx/libmodules__hal_nordic__nrfx.a(nrfx_gpiote.c.obj)
                0x00000000000046b0                nrfx_gpiote_init_check
 .text.nrfx_gpiote_channel_free
                0x00000000000046c4        0xc modules/hal_nordic/nrfx/libmodules__hal_nordic__nrfx.a(nrfx_gpiote.c.obj)
                0x00000000000046c4                nrfx_gpiote_channel_free
 .text.nrfx_gpiote_channel_alloc
                0x00000000000046d0        0xc modules/hal_nordic/nrfx/libmodules__hal_nordic__nrfx.a(nrfx_gpiote.c.obj)
                0x00000000000046d0                nrfx_gpiote_channel_alloc
 .text.nrfx_gpiote_trigger_enable
                0x00000000000046dc       0x84 modules/hal_nordic/nrfx/libmodules__hal_nordic__nrfx.a(nrfx_gpiote.c.obj)
                0x00000000000046dc                nrfx_gpiote_trigger_enable
 .text.nrfx_gpiote_0_irq_handler
                0x0000000000004760      0x160 modules/hal_nordic/nrfx/libmodules__hal_nordic__nrfx.a(nrfx_gpiote.c.obj)
                0x0000000000004760                nrfx_gpiote_0_irq_handler
 .text.nrfx_ppi_channel_alloc
                0x00000000000048c0        0xc modules/hal_nordic/nrfx/libmodules__hal_nordic__nrfx.a(nrfx_ppi.c.obj)
                0x00000000000048c0                nrfx_ppi_channel_alloc
 .text.twi_configure
                0x00000000000048cc       0x3c modules/hal_nordic/nrfx/libmodules__hal_nordic__nrfx.a(nrfx_twi.c.obj)
 .text.twi_tx_start_transfer
                0x0000000000004908      0x104 modules/hal_nordic/nrfx/libmodules__hal_nordic__nrfx.a(nrfx_twi.c.obj)
 .text.twi_rx_start_transfer
                0x0000000000004a0c       0xe4 modules/hal_nordic/nrfx/libmodules__hal_nordic__nrfx.a(nrfx_twi.c.obj)
 .text.nrfx_twi_init
                0x0000000000004af0       0xc0 modules/hal_nordic/nrfx/libmodules__hal_nordic__nrfx.a(nrfx_twi.c.obj)
                0x0000000000004af0                nrfx_twi_init
 .text.nrfx_twi_enable
                0x0000000000004bb0       0x20 modules/hal_nordic/nrfx/libmodules__hal_nordic__nrfx.a(nrfx_twi.c.obj)
                0x0000000000004bb0                nrfx_twi_enable
 .text.nrfx_twi_disable
                0x0000000000004bd0       0x38 modules/hal_nordic/nrfx/libmodules__hal_nordic__nrfx.a(nrfx_twi.c.obj)
                0x0000000000004bd0                nrfx_twi_disable
 .text.nrfx_twi_xfer
                0x0000000000004c08       0xdc modules/hal_nordic/nrfx/libmodules__hal_nordic__nrfx.a(nrfx_twi.c.obj)
                0x0000000000004c08                nrfx_twi_xfer
 .text.nrfx_twi_0_irq_handler
                0x0000000000004ce4       0xd8 modules/hal_nordic/nrfx/libmodules__hal_nordic__nrfx.a(nrfx_twi.c.obj)
                0x0000000000004ce4                nrfx_twi_0_irq_handler
 .text.nrfx_twi_twim_bus_recover
                0x0000000000004dbc       0xdc modules/hal_nordic/nrfx/libmodules__hal_nordic__nrfx.a(nrfx_twi_twim.c.obj)
                0x0000000000004dbc                nrfx_twi_twim_bus_recover
 .text.lv_disp_get_scr_act
                0x0000000000004e98       0x34 modules/lvgl/libmodules__lvgl.a(lv_disp.c.obj)
                0x0000000000004e98                lv_disp_get_scr_act
 .text.lv_disp_get_scr_prev
                0x0000000000004ecc       0x34 modules/lvgl/libmodules__lvgl.a(lv_disp.c.obj)
                0x0000000000004ecc                lv_disp_get_scr_prev
 .text.lv_disp_get_layer_top
                0x0000000000004f00       0x34 modules/lvgl/libmodules__lvgl.a(lv_disp.c.obj)
                0x0000000000004f00                lv_disp_get_layer_top
 .text.lv_disp_get_layer_sys
                0x0000000000004f34       0x34 modules/lvgl/libmodules__lvgl.a(lv_disp.c.obj)
                0x0000000000004f34                lv_disp_get_layer_sys
 .text.lv_disp_is_invalidation_enabled
                0x0000000000004f68       0x40 modules/lvgl/libmodules__lvgl.a(lv_disp.c.obj)
                0x0000000000004f68                lv_disp_is_invalidation_enabled
 .text.event_send_core
                0x0000000000004fa8      0x128 modules/lvgl/libmodules__lvgl.a(lv_event.c.obj)
 .text.lv_event_send
                0x00000000000050d0       0x40 modules/lvgl/libmodules__lvgl.a(lv_event.c.obj)
                0x00000000000050d0                lv_event_send
 .text._lv_event_mark_deleted
                0x0000000000005110       0x24 modules/lvgl/libmodules__lvgl.a(lv_event.c.obj)
                0x0000000000005110                _lv_event_mark_deleted
 .text.lv_event_get_indev
                0x0000000000005134       0x34 modules/lvgl/libmodules__lvgl.a(lv_event.c.obj)
                0x0000000000005134                lv_event_get_indev
 .text.lv_event_get_draw_ctx
                0x0000000000005168       0x34 modules/lvgl/libmodules__lvgl.a(lv_event.c.obj)
                0x0000000000005168                lv_event_get_draw_ctx
 .text.lv_event_set_ext_draw_size
                0x000000000000519c       0x40 modules/lvgl/libmodules__lvgl.a(lv_event.c.obj)
                0x000000000000519c                lv_event_set_ext_draw_size
 .text._lv_group_init
                0x00000000000051dc        0xc modules/lvgl/libmodules__lvgl.a(lv_group.c.obj)
                0x00000000000051dc                _lv_group_init
 .text.lv_group_get_default
                0x00000000000051e8        0xc modules/lvgl/libmodules__lvgl.a(lv_group.c.obj)
                0x00000000000051e8                lv_group_get_default
 .text.lv_group_focus_next
                0x00000000000051f4       0x28 modules/lvgl/libmodules__lvgl.a(lv_group.c.obj)
                0x00000000000051f4                lv_group_focus_next
 .text.lv_group_focus_prev
                0x000000000000521c       0x28 modules/lvgl/libmodules__lvgl.a(lv_group.c.obj)
                0x000000000000521c                lv_group_focus_prev
 .text.lv_group_add_obj
                0x0000000000005244       0xa4 modules/lvgl/libmodules__lvgl.a(lv_group.c.obj)
                0x0000000000005244                lv_group_add_obj
 .text.lv_indev_get_act
                0x00000000000052e8        0xc modules/lvgl/libmodules__lvgl.a(lv_indev.c.obj)
                0x00000000000052e8                lv_indev_get_act
 .text.lv_obj_draw
                0x00000000000052f4      0x444 modules/lvgl/libmodules__lvgl.a(lv_obj.c.obj)
 .text.lv_init  0x0000000000005738       0x74 modules/lvgl/libmodules__lvgl.a(lv_obj.c.obj)
                0x0000000000005738                lv_init
 .text.lv_obj_create
                0x00000000000057ac       0x18 modules/lvgl/libmodules__lvgl.a(lv_obj.c.obj)
                0x00000000000057ac                lv_obj_create
 .text.lv_obj_destructor
                0x00000000000057c4       0x68 modules/lvgl/libmodules__lvgl.a(lv_obj.c.obj)
 .text.lv_obj_allocate_spec_attr
                0x000000000000582c       0x6c modules/lvgl/libmodules__lvgl.a(lv_obj.c.obj)
                0x000000000000582c                lv_obj_allocate_spec_attr
 .text.lv_obj_class_create_obj
                0x0000000000005898      0x104 modules/lvgl/libmodules__lvgl.a(lv_obj_class.c.obj)
                0x0000000000005898                lv_obj_class_create_obj
 .text.lv_obj_is_layout_positioned
                0x000000000000599c       0x34 modules/lvgl/libmodules__lvgl.a(lv_obj_pos.c.obj)
                0x000000000000599c                lv_obj_is_layout_positioned
 .text.lv_layout_register
                0x00000000000059d0       0x70 modules/lvgl/libmodules__lvgl.a(lv_obj_pos.c.obj)
                0x00000000000059d0                lv_layout_register
 .text.lv_obj_get_self_width
                0x0000000000005a40       0x1c modules/lvgl/libmodules__lvgl.a(lv_obj_pos.c.obj)
                0x0000000000005a40                lv_obj_get_self_width
 .text.lv_obj_refr_pos
                0x0000000000005a5c      0x258 modules/lvgl/libmodules__lvgl.a(lv_obj_pos.c.obj)
                0x0000000000005a5c                lv_obj_refr_pos
 .text.lv_obj_refr_size
                0x0000000000005cb4      0x554 modules/lvgl/libmodules__lvgl.a(lv_obj_pos.c.obj)
                0x0000000000005cb4                lv_obj_refr_size
 .text.layout_update_core
                0x0000000000006208       0x7c modules/lvgl/libmodules__lvgl.a(lv_obj_pos.c.obj)
 .text.lv_obj_update_layout
                0x0000000000006284       0x34 modules/lvgl/libmodules__lvgl.a(lv_obj_pos.c.obj)
                0x0000000000006284                lv_obj_update_layout
 .text.lv_obj_get_scroll_bottom
                0x00000000000062b8       0xa4 modules/lvgl/libmodules__lvgl.a(lv_obj_scroll.c.obj)
                0x00000000000062b8                lv_obj_get_scroll_bottom
 .text.lv_obj_get_scroll_left
                0x000000000000635c       0xd0 modules/lvgl/libmodules__lvgl.a(lv_obj_scroll.c.obj)
                0x000000000000635c                lv_obj_get_scroll_left
 .text.lv_obj_get_scroll_right
                0x000000000000642c       0xb8 modules/lvgl/libmodules__lvgl.a(lv_obj_scroll.c.obj)
                0x000000000000642c                lv_obj_get_scroll_right
 .text.lv_obj_scroll_by
                0x00000000000064e4      0x11c modules/lvgl/libmodules__lvgl.a(lv_obj_scroll.c.obj)
                0x00000000000064e4                lv_obj_scroll_by
 .text.lv_obj_scroll_to_x
                0x0000000000006600       0x2c modules/lvgl/libmodules__lvgl.a(lv_obj_scroll.c.obj)
                0x0000000000006600                lv_obj_scroll_to_x
 .text.lv_obj_scroll_to_y
                0x000000000000662c       0x2c modules/lvgl/libmodules__lvgl.a(lv_obj_scroll.c.obj)
                0x000000000000662c                lv_obj_scroll_to_y
 .text.scroll_area_into_view
                0x0000000000006658      0x2f0 modules/lvgl/libmodules__lvgl.a(lv_obj_scroll.c.obj)
 .text.get_local_style
                0x0000000000006948       0xe4 modules/lvgl/libmodules__lvgl.a(lv_obj_style.c.obj)
 .text.trans_del.isra.0
                0x0000000000006a2c       0xa4 modules/lvgl/libmodules__lvgl.a(lv_obj_style.c.obj)
 .text._lv_obj_style_init
                0x0000000000006ad0        0xc modules/lvgl/libmodules__lvgl.a(lv_obj_style.c.obj)
                0x0000000000006ad0                _lv_obj_style_init
 .text.lv_obj_enable_style_refresh
                0x0000000000006adc        0xc modules/lvgl/libmodules__lvgl.a(lv_obj_style.c.obj)
                0x0000000000006adc                lv_obj_enable_style_refresh
 .text.lv_obj_refresh_style
                0x0000000000006ae8      0x1e4 modules/lvgl/libmodules__lvgl.a(lv_obj_style.c.obj)
                0x0000000000006ae8                lv_obj_refresh_style
 .text.trans_anim_cb
                0x0000000000006ccc      0x130 modules/lvgl/libmodules__lvgl.a(lv_obj_style.c.obj)
 .text.trans_anim_ready_cb
                0x0000000000006dfc       0xa8 modules/lvgl/libmodules__lvgl.a(lv_obj_style.c.obj)
 .text._lv_obj_style_create_transition
                0x0000000000006ea4      0x170 modules/lvgl/libmodules__lvgl.a(lv_obj_style.c.obj)
                0x0000000000006ea4                _lv_obj_style_create_transition
 .text.lv_obj_get_disp
                0x0000000000007014       0x60 modules/lvgl/libmodules__lvgl.a(lv_obj_tree.c.obj)
                0x0000000000007014                lv_obj_get_disp
 .text.refr_obj
                0x0000000000007074      0x338 modules/lvgl/libmodules__lvgl.a(lv_refr.c.obj)
 .text.refr_obj_and_children
                0x00000000000073ac       0x8c modules/lvgl/libmodules__lvgl.a(lv_refr.c.obj)
 .text.refr_area_part
                0x0000000000007438      0x5c4 modules/lvgl/libmodules__lvgl.a(lv_refr.c.obj)
 .text._lv_inv_area
                0x00000000000079fc      0x100 modules/lvgl/libmodules__lvgl.a(lv_refr.c.obj)
                0x00000000000079fc                _lv_inv_area
 .text._lv_refr_get_disp_refreshing
                0x0000000000007afc        0xc modules/lvgl/libmodules__lvgl.a(lv_refr.c.obj)
                0x0000000000007afc                _lv_refr_get_disp_refreshing
 .text._lv_disp_refr_timer
                0x0000000000007b08      0x408 modules/lvgl/libmodules__lvgl.a(lv_refr.c.obj)
                0x0000000000007b08                _lv_disp_refr_timer
 .text.lv_theme_apply
                0x0000000000007f10       0x28 modules/lvgl/libmodules__lvgl.a(lv_theme.c.obj)
                0x0000000000007f10                lv_theme_apply
 .text.lv_img_cf_get_px_size
                0x0000000000007f38       0x14 modules/lvgl/libmodules__lvgl.a(lv_draw_img.c.obj)
                0x0000000000007f38                lv_img_cf_get_px_size
 .text.lv_draw_img
                0x0000000000007f4c      0x284 modules/lvgl/libmodules__lvgl.a(lv_draw_img.c.obj)
                0x0000000000007f4c                lv_draw_img
 .text.lv_draw_label_dsc_init
                0x00000000000081d0       0x30 modules/lvgl/libmodules__lvgl.a(lv_draw_label.c.obj)
                0x00000000000081d0                lv_draw_label_dsc_init
 .text.lv_draw_label
                0x0000000000008200      0x59c modules/lvgl/libmodules__lvgl.a(lv_draw_label.c.obj)
                0x0000000000008200                lv_draw_label
 .text.lv_draw_layer_create
                0x000000000000879c       0x94 modules/lvgl/libmodules__lvgl.a(lv_draw_layer.c.obj)
                0x000000000000879c                lv_draw_layer_create
 .text.lv_draw_mask_add
                0x0000000000008830       0x48 modules/lvgl/libmodules__lvgl.a(lv_draw_mask.c.obj)
                0x0000000000008830                lv_draw_mask_add
 .text.lv_draw_mask_apply
                0x0000000000008878       0x40 modules/lvgl/libmodules__lvgl.a(lv_draw_mask.c.obj)
                0x0000000000008878                lv_draw_mask_apply
 .text.lv_draw_mask_remove_id
                0x00000000000088b8       0x28 modules/lvgl/libmodules__lvgl.a(lv_draw_mask.c.obj)
                0x00000000000088b8                lv_draw_mask_remove_id
 .text.lv_draw_mask_remove_custom
                0x00000000000088e0       0x2c modules/lvgl/libmodules__lvgl.a(lv_draw_mask.c.obj)
                0x00000000000088e0                lv_draw_mask_remove_custom
 .text._lv_draw_mask_cleanup
                0x000000000000890c       0x28 modules/lvgl/libmodules__lvgl.a(lv_draw_mask.c.obj)
                0x000000000000890c                _lv_draw_mask_cleanup
 .text.lv_draw_mask_is_any
                0x0000000000008934       0x54 modules/lvgl/libmodules__lvgl.a(lv_draw_mask.c.obj)
                0x0000000000008934                lv_draw_mask_is_any
 .text.lv_draw_mask_line_points_init
                0x0000000000008988      0x124 modules/lvgl/libmodules__lvgl.a(lv_draw_mask.c.obj)
                0x0000000000008988                lv_draw_mask_line_points_init
 .text.lv_draw_mask_angle_init
                0x0000000000008aac       0xa0 modules/lvgl/libmodules__lvgl.a(lv_draw_mask.c.obj)
                0x0000000000008aac                lv_draw_mask_angle_init
 .text.lv_draw_mask_radius_init
                0x0000000000008b4c      0x464 modules/lvgl/libmodules__lvgl.a(lv_draw_mask.c.obj)
                0x0000000000008b4c                lv_draw_mask_radius_init
 .text.lv_draw_rect_dsc_init
                0x0000000000008fb0       0x38 modules/lvgl/libmodules__lvgl.a(lv_draw_rect.c.obj)
                0x0000000000008fb0                lv_draw_rect_dsc_init
 .text.lv_draw_transform
                0x0000000000008fe8       0x70 modules/lvgl/libmodules__lvgl.a(lv_draw_transform.c.obj)
                0x0000000000008fe8                lv_draw_transform
 .text._lv_img_cache_open
                0x0000000000009058       0x78 modules/lvgl/libmodules__lvgl.a(lv_img_cache.c.obj)
                0x0000000000009058                _lv_img_cache_open
 .text.lv_img_decoder_built_in_info
                0x00000000000090d0       0xe0 modules/lvgl/libmodules__lvgl.a(lv_img_decoder.c.obj)
                0x00000000000090d0                lv_img_decoder_built_in_info
 .text.lv_img_decoder_built_in_read_line
                0x00000000000091b0      0x354 modules/lvgl/libmodules__lvgl.a(lv_img_decoder.c.obj)
                0x00000000000091b0                lv_img_decoder_built_in_read_line
 .text.lv_img_decoder_built_in_open
                0x0000000000009504      0x228 modules/lvgl/libmodules__lvgl.a(lv_img_decoder.c.obj)
                0x0000000000009504                lv_img_decoder_built_in_open
 .text.lv_img_decoder_get_info
                0x000000000000972c       0x5c modules/lvgl/libmodules__lvgl.a(lv_img_decoder.c.obj)
                0x000000000000972c                lv_img_decoder_get_info
 .text.lv_img_decoder_open
                0x0000000000009788       0xf0 modules/lvgl/libmodules__lvgl.a(lv_img_decoder.c.obj)
                0x0000000000009788                lv_img_decoder_open
 .text.lv_img_decoder_create
                0x0000000000009878       0x4c modules/lvgl/libmodules__lvgl.a(lv_img_decoder.c.obj)
                0x0000000000009878                lv_img_decoder_create
 .text._lv_img_decoder_init
                0x00000000000098c4       0x68 modules/lvgl/libmodules__lvgl.a(lv_img_decoder.c.obj)
                0x00000000000098c4                _lv_img_decoder_init
 .text.lv_draw_sw_init_ctx
                0x000000000000992c       0x88 modules/lvgl/libmodules__lvgl.a(lv_draw_sw.c.obj)
                0x000000000000992c                lv_draw_sw_init_ctx
 .text.lv_draw_sw_blend_basic
                0x00000000000099b4      0x8c8 modules/lvgl/libmodules__lvgl.a(lv_draw_sw_blend.c.obj)
                0x00000000000099b4                lv_draw_sw_blend_basic
 .text.iterate_cache
                0x000000000000a27c       0x64 modules/lvgl/libmodules__lvgl.a(lv_draw_sw_gradient.c.obj)
 .text.kill_oldest_item
                0x000000000000a2e0       0x78 modules/lvgl/libmodules__lvgl.a(lv_draw_sw_gradient.c.obj)
 .text.lv_gradient_set_cache_size
                0x000000000000a358       0x64 modules/lvgl/libmodules__lvgl.a(lv_draw_sw_gradient.c.obj)
                0x000000000000a358                lv_gradient_set_cache_size
 .text.lv_gradient_calculate
                0x000000000000a3bc       0xe4 modules/lvgl/libmodules__lvgl.a(lv_draw_sw_gradient.c.obj)
                0x000000000000a3bc                lv_gradient_calculate
 .text.lv_gradient_get
                0x000000000000a4a0      0x19c modules/lvgl/libmodules__lvgl.a(lv_draw_sw_gradient.c.obj)
                0x000000000000a4a0                lv_gradient_get
 .text.lv_draw_sw_layer_create
                0x000000000000a63c      0x124 modules/lvgl/libmodules__lvgl.a(lv_draw_sw_layer.c.obj)
                0x000000000000a63c                lv_draw_sw_layer_create
 .text.lv_draw_sw_letter
                0x000000000000a760      0x460 modules/lvgl/libmodules__lvgl.a(lv_draw_sw_letter.c.obj)
                0x000000000000a760                lv_draw_sw_letter
 .text.lv_draw_sw_line
                0x000000000000abc0      0x74c modules/lvgl/libmodules__lvgl.a(lv_draw_sw_line.c.obj)
                0x000000000000abc0                lv_draw_sw_line
 .text.lv_draw_sw_polygon
                0x000000000000b30c      0x284 modules/lvgl/libmodules__lvgl.a(lv_draw_sw_polygon.c.obj)
                0x000000000000b30c                lv_draw_sw_polygon
 .text.draw_bg_img
                0x000000000000b590      0x22c modules/lvgl/libmodules__lvgl.a(lv_draw_sw_rect.c.obj)
 .text.find_track_end
                0x000000000000b7bc      0x294 modules/lvgl/libmodules__lvgl.a(lv_flex.c.obj)
 .text.flex_update
                0x000000000000ba50      0x730 modules/lvgl/libmodules__lvgl.a(lv_flex.c.obj)
 .text.lv_flex_init
                0x000000000000c180       0x50 modules/lvgl/libmodules__lvgl.a(lv_flex.c.obj)
                0x000000000000c180                lv_flex_init
 .text.grid_align
                0x000000000000c1d0      0x130 modules/lvgl/libmodules__lvgl.a(lv_grid.c.obj)
 .text.grid_update
                0x000000000000c300      0x81c modules/lvgl/libmodules__lvgl.a(lv_grid.c.obj)
 .text.lv_grid_init
                0x000000000000cb1c       0xa4 modules/lvgl/libmodules__lvgl.a(lv_grid.c.obj)
                0x000000000000cb1c                lv_grid_init
 .text.lv_font_get_glyph_bitmap
                0x000000000000cbc0       0x3c modules/lvgl/libmodules__lvgl.a(lv_font.c.obj)
                0x000000000000cbc0                lv_font_get_glyph_bitmap
 .text.lv_font_get_glyph_dsc
                0x000000000000cbfc       0xe8 modules/lvgl/libmodules__lvgl.a(lv_font.c.obj)
                0x000000000000cbfc                lv_font_get_glyph_dsc
 .text.lv_font_get_glyph_width
                0x000000000000cce4       0x48 modules/lvgl/libmodules__lvgl.a(lv_font.c.obj)
                0x000000000000cce4                lv_font_get_glyph_width
 .text.get_glyph_dsc_id
                0x000000000000cd2c       0xd8 modules/lvgl/libmodules__lvgl.a(lv_font_fmt_txt.c.obj)
 .text.lv_font_get_bitmap_fmt_txt
                0x000000000000ce04       0x48 modules/lvgl/libmodules__lvgl.a(lv_font_fmt_txt.c.obj)
                0x000000000000ce04                lv_font_get_bitmap_fmt_txt
 .text.lv_font_get_glyph_dsc_fmt_txt
                0x000000000000ce4c      0x144 modules/lvgl/libmodules__lvgl.a(lv_font_fmt_txt.c.obj)
                0x000000000000ce4c                lv_font_get_glyph_dsc_fmt_txt
 .text.lv_disp_drv_init
                0x000000000000cf90       0x44 modules/lvgl/libmodules__lvgl.a(lv_hal_disp.c.obj)
                0x000000000000cf90                lv_disp_drv_init
 .text.lv_disp_drv_register
                0x000000000000cfd4      0x16c modules/lvgl/libmodules__lvgl.a(lv_hal_disp.c.obj)
                0x000000000000cfd4                lv_disp_drv_register
 .text.lv_disp_get_default
                0x000000000000d140        0xc modules/lvgl/libmodules__lvgl.a(lv_hal_disp.c.obj)
                0x000000000000d140                lv_disp_get_default
 .text.lv_disp_get_hor_res
                0x000000000000d14c       0x20 modules/lvgl/libmodules__lvgl.a(lv_hal_disp.c.obj)
                0x000000000000d14c                lv_disp_get_hor_res
 .text.lv_disp_get_ver_res
                0x000000000000d16c       0x20 modules/lvgl/libmodules__lvgl.a(lv_hal_disp.c.obj)
                0x000000000000d16c                lv_disp_get_ver_res
 .text.lv_disp_get_dpi
                0x000000000000d18c       0x1c modules/lvgl/libmodules__lvgl.a(lv_hal_disp.c.obj)
                0x000000000000d18c                lv_disp_get_dpi
 .text.lv_indev_get_next
                0x000000000000d1a8       0x14 modules/lvgl/libmodules__lvgl.a(lv_hal_indev.c.obj)
                0x000000000000d1a8                lv_indev_get_next
 .text.anim_mark_list_change
                0x000000000000d1bc       0x34 modules/lvgl/libmodules__lvgl.a(lv_anim.c.obj)
 .text.anim_timer
                0x000000000000d1f0      0x17c modules/lvgl/libmodules__lvgl.a(lv_anim.c.obj)
 .text._lv_anim_core_init
                0x000000000000d36c       0x34 modules/lvgl/libmodules__lvgl.a(lv_anim.c.obj)
                0x000000000000d36c                _lv_anim_core_init
 .text.lv_anim_init
                0x000000000000d3a0       0x2c modules/lvgl/libmodules__lvgl.a(lv_anim.c.obj)
                0x000000000000d3a0                lv_anim_init
 .text.lv_anim_del
                0x000000000000d3cc       0x60 modules/lvgl/libmodules__lvgl.a(lv_anim.c.obj)
                0x000000000000d3cc                lv_anim_del
 .text.lv_anim_start
                0x000000000000d42c       0xb4 modules/lvgl/libmodules__lvgl.a(lv_anim.c.obj)
                0x000000000000d42c                lv_anim_start
 .text.lv_anim_get
                0x000000000000d4e0       0x30 modules/lvgl/libmodules__lvgl.a(lv_anim.c.obj)
                0x000000000000d4e0                lv_anim_get
 .text.lv_point_transform
                0x000000000000d510      0x130 modules/lvgl/libmodules__lvgl.a(lv_area.c.obj)
                0x000000000000d510                lv_point_transform
 .text.lv_palette_main
                0x000000000000d640       0x3c modules/lvgl/libmodules__lvgl.a(lv_color.c.obj)
                0x000000000000d640                lv_palette_main
 .text._lv_fs_init
                0x000000000000d67c        0xc modules/lvgl/libmodules__lvgl.a(lv_fs.c.obj)
                0x000000000000d67c                _lv_fs_init
 .text.lv_fs_read
                0x000000000000d688      0x1b0 modules/lvgl/libmodules__lvgl.a(lv_fs.c.obj)
                0x000000000000d688                lv_fs_read
 .text.lv_fs_get_drv
                0x000000000000d838       0x2c modules/lvgl/libmodules__lvgl.a(lv_fs.c.obj)
                0x000000000000d838                lv_fs_get_drv
 .text.lv_fs_open
                0x000000000000d864      0x100 modules/lvgl/libmodules__lvgl.a(lv_fs.c.obj)
                0x000000000000d864                lv_fs_open
 .text.lv_fs_get_ext
                0x000000000000d964       0x2c modules/lvgl/libmodules__lvgl.a(lv_fs.c.obj)
                0x000000000000d964                lv_fs_get_ext
 .text.lv_log_register_print_cb
                0x000000000000d990        0xc modules/lvgl/libmodules__lvgl.a(lv_log.c.obj)
                0x000000000000d990                lv_log_register_print_cb
 .text._lv_log_add
                0x000000000000d99c       0xb8 modules/lvgl/libmodules__lvgl.a(lv_log.c.obj)
                0x000000000000d99c                _lv_log_add
 .text.lv_trigo_sin
                0x000000000000da54       0x58 modules/lvgl/libmodules__lvgl.a(lv_math.c.obj)
                0x000000000000da54                lv_trigo_sin
 .text.lv_mem_alloc
                0x000000000000daac       0x10 modules/lvgl/libmodules__lvgl.a(lv_mem.c.obj)
                0x000000000000daac                lv_mem_alloc
 .text.lv_mem_free
                0x000000000000dabc       0x14 modules/lvgl/libmodules__lvgl.a(lv_mem.c.obj)
                0x000000000000dabc                lv_mem_free
 .text.lv_mem_realloc
                0x000000000000dad0       0x4c modules/lvgl/libmodules__lvgl.a(lv_mem.c.obj)
                0x000000000000dad0                lv_mem_realloc
 .text.lv_mem_buf_get
                0x000000000000db1c      0x100 modules/lvgl/libmodules__lvgl.a(lv_mem.c.obj)
                0x000000000000db1c                lv_mem_buf_get
 .text.lv_mem_buf_release
                0x000000000000dc1c       0x48 modules/lvgl/libmodules__lvgl.a(lv_mem.c.obj)
                0x000000000000dc1c                lv_mem_buf_release
 .text.lv_mem_buf_free_all
                0x000000000000dc64       0x34 modules/lvgl/libmodules__lvgl.a(lv_mem.c.obj)
                0x000000000000dc64                lv_mem_buf_free_all
 .text.lv_style_reset
                0x000000000000dc98       0x48 modules/lvgl/libmodules__lvgl.a(lv_style.c.obj)
                0x000000000000dc98                lv_style_reset
 .text.lv_style_register_prop
                0x000000000000dce0       0xe0 modules/lvgl/libmodules__lvgl.a(lv_style.c.obj)
                0x000000000000dce0                lv_style_register_prop
 .text.lv_style_remove_prop
                0x000000000000ddc0       0xdc modules/lvgl/libmodules__lvgl.a(lv_style.c.obj)
                0x000000000000ddc0                lv_style_remove_prop
 .text.lv_style_prop_get_default
                0x000000000000de9c       0x98 modules/lvgl/libmodules__lvgl.a(lv_style.c.obj)
                0x000000000000de9c                lv_style_prop_get_default
 .text.lv_style_set_prop_internal
                0x000000000000df34      0x118 modules/lvgl/libmodules__lvgl.a(lv_style.c.obj)
 .text.lv_style_set_prop
                0x000000000000e04c        0xc modules/lvgl/libmodules__lvgl.a(lv_style.c.obj)
                0x000000000000e04c                lv_style_set_prop
 .text._lv_style_prop_lookup_flags
                0x000000000000e058       0x40 modules/lvgl/libmodules__lvgl.a(lv_style.c.obj)
                0x000000000000e058                _lv_style_prop_lookup_flags
 .text._lv_timer_core_init
                0x000000000000e098       0x1c modules/lvgl/libmodules__lvgl.a(lv_timer.c.obj)
                0x000000000000e098                _lv_timer_core_init
 .text.lv_timer_create
                0x000000000000e0b4       0x70 modules/lvgl/libmodules__lvgl.a(lv_timer.c.obj)
                0x000000000000e0b4                lv_timer_create
 .text.lv_timer_del
                0x000000000000e124       0x24 modules/lvgl/libmodules__lvgl.a(lv_timer.c.obj)
                0x000000000000e124                lv_timer_del
 .text.lv_timer_handler
                0x000000000000e148      0x1c4 modules/lvgl/libmodules__lvgl.a(lv_timer.c.obj)
                0x000000000000e148                lv_timer_handler
 .text.lv_txt_utf8_prev
                0x000000000000e30c       0x48 modules/lvgl/libmodules__lvgl.a(lv_txt.c.obj)
 .text.lv_txt_utf8_get_byte_id
                0x000000000000e354       0x38 modules/lvgl/libmodules__lvgl.a(lv_txt.c.obj)
 .text.lv_txt_utf8_get_char_id
                0x000000000000e38c       0x28 modules/lvgl/libmodules__lvgl.a(lv_txt.c.obj)
 .text.lv_txt_utf8_get_length
                0x000000000000e3b4       0x28 modules/lvgl/libmodules__lvgl.a(lv_txt.c.obj)
 .text._lv_txt_get_next_line
                0x000000000000e3dc      0x22c modules/lvgl/libmodules__lvgl.a(lv_txt.c.obj)
                0x000000000000e3dc                _lv_txt_get_next_line
 .text._lv_txt_encoded_letter_next_2
                0x000000000000e608       0x34 modules/lvgl/libmodules__lvgl.a(lv_txt.c.obj)
                0x000000000000e608                _lv_txt_encoded_letter_next_2
 .text.lv_txt_get_size
                0x000000000000e63c       0xdc modules/lvgl/libmodules__lvgl.a(lv_txt.c.obj)
                0x000000000000e63c                lv_txt_get_size
 .text.lv_label_revert_dots
                0x000000000000e718       0x58 modules/lvgl/libmodules__lvgl.a(lv_label.c.obj)
 .text.lv_label_create
                0x000000000000e770       0x18 modules/lvgl/libmodules__lvgl.a(lv_label.c.obj)
                0x000000000000e770                lv_label_create
 .text.lv_label_get_letter_on
                0x000000000000e788      0x220 modules/lvgl/libmodules__lvgl.a(lv_label.c.obj)
                0x000000000000e788                lv_label_get_letter_on
 .text.lv_label_refr_text
                0x000000000000e9a8      0x4dc modules/lvgl/libmodules__lvgl.a(lv_label.c.obj)
 .text.lv_label_set_text
                0x000000000000ee84       0xc0 modules/lvgl/libmodules__lvgl.a(lv_label.c.obj)
                0x000000000000ee84                lv_label_set_text
 .text.lv_label_set_long_mode
                0x000000000000ef44       0x60 modules/lvgl/libmodules__lvgl.a(lv_label.c.obj)
                0x000000000000ef44                lv_label_set_long_mode
 .text.lv_label_constructor
                0x000000000000efa4       0x4c modules/lvgl/libmodules__lvgl.a(lv_label.c.obj)
 .text.lv_label_event
                0x000000000000eff0      0x338 modules/lvgl/libmodules__lvgl.a(lv_label.c.obj)
 .text.lvgl_log
                0x000000000000f328       0x6c modules/lvgl/libmodules__lvgl.a(lvgl.c.obj)
 .text.lvgl_init
                0x000000000000f394      0x118 modules/lvgl/libmodules__lvgl.a(lvgl.c.obj)
 .text.set_lvgl_rendering_cb
                0x000000000000f4ac       0x84 modules/lvgl/libmodules__lvgl.a(lvgl_display.c.obj)
                0x000000000000f4ac                set_lvgl_rendering_cb
 .text.lvgl_malloc
                0x000000000000f530       0x28 modules/lvgl/libmodules__lvgl.a(lvgl_mem.c.obj)
                0x000000000000f530                lvgl_malloc
 .text.lvgl_realloc
                0x000000000000f558       0x2c modules/lvgl/libmodules__lvgl.a(lvgl_mem.c.obj)
                0x000000000000f558                lvgl_realloc
 .text.lvgl_free
                0x000000000000f584       0x28 modules/lvgl/libmodules__lvgl.a(lvgl_mem.c.obj)
                0x000000000000f584                lvgl_free
 .text.lvgl_heap_init
                0x000000000000f5ac       0x14 modules/lvgl/libmodules__lvgl.a(lvgl_mem.c.obj)
                0x000000000000f5ac                lvgl_heap_init
 .text._DoInit  0x000000000000f5c0       0x60 modules/segger/libmodules__segger.a(SEGGER_RTT.c.obj)
 .text.SEGGER_RTT_WriteSkipNoLock
                0x000000000000f620       0x88 modules/segger/libmodules__segger.a(SEGGER_RTT.c.obj)
                0x000000000000f620                SEGGER_RTT_WriteSkipNoLock
 .text.SEGGER_RTT_HasDataUp
                0x000000000000f6a8       0x14 modules/segger/libmodules__segger.a(SEGGER_RTT.c.obj)
                0x000000000000f6a8                SEGGER_RTT_HasDataUp
 .text.zephyr_rtt_mutex_lock
                0x000000000000f6bc       0x14 modules/segger/libmodules__segger.a(SEGGER_RTT_zephyr.c.obj)
                0x000000000000f6bc                zephyr_rtt_mutex_lock
 .text.zephyr_rtt_mutex_unlock
                0x000000000000f6d0        0xc modules/segger/libmodules__segger.a(SEGGER_RTT_zephyr.c.obj)
                0x000000000000f6d0                zephyr_rtt_mutex_unlock
 .text.z_fatal_error
                0x000000000000f6dc       0xe8 zephyr/kernel/libkernel.a(fatal.c.obj)
                0x000000000000f6dc                z_fatal_error
 .text.z_sys_init_run_level
                0x000000000000f7c4       0x48 zephyr/kernel/libkernel.a(init.c.obj)
 .text.bg_thread_main
                0x000000000000f80c       0x34 zephyr/kernel/libkernel.a(init.c.obj)
 .text.z_bss_zero
                0x000000000000f840       0x18 zephyr/kernel/libkernel.a(init.c.obj)
                0x000000000000f840                z_bss_zero
 .text.z_init_cpu
                0x000000000000f858       0x8c zephyr/kernel/libkernel.a(init.c.obj)
                0x000000000000f858                z_init_cpu
 .text.z_cstart
                0x000000000000f8e4       0xe0 zephyr/kernel/libkernel.a(init.c.obj)
                0x000000000000f8e4                z_cstart
 .text.z_setup_new_thread
                0x000000000000f9c4       0x80 zephyr/kernel/libkernel.a(thread.c.obj)
                0x000000000000f9c4                z_setup_new_thread
 .text.z_impl_k_thread_create
                0x000000000000fa44       0x58 zephyr/kernel/libkernel.a(thread.c.obj)
                0x000000000000fa44                z_impl_k_thread_create
 .text.z_init_static_threads
                0x000000000000fa9c       0x98 zephyr/kernel/libkernel.a(thread.c.obj)
                0x000000000000fa9c                z_init_static_threads
 .text.z_impl_k_mutex_unlock
                0x000000000000fb34       0x78 zephyr/kernel/libkernel.a(mutex.c.obj)
                0x000000000000fb34                z_impl_k_mutex_unlock
 .text.z_impl_k_mutex_lock
                0x000000000000fbac       0xf4 zephyr/kernel/libkernel.a(mutex.c.obj)
                0x000000000000fbac                z_impl_k_mutex_lock
 .text.z_impl_k_sem_give
                0x000000000000fca0       0x48 zephyr/kernel/libkernel.a(sem.c.obj)
                0x000000000000fca0                z_impl_k_sem_give
 .text.z_impl_k_sem_take
                0x000000000000fce8       0x50 zephyr/kernel/libkernel.a(sem.c.obj)
                0x000000000000fce8                z_impl_k_sem_take
 .text.sliceable
                0x000000000000fd38       0x3c zephyr/kernel/libkernel.a(sched.c.obj)
 .text.slice_timeout
                0x000000000000fd74       0x20 zephyr/kernel/libkernel.a(sched.c.obj)
 .text.z_reset_time_slice
                0x000000000000fd94       0x50 zephyr/kernel/libkernel.a(sched.c.obj)
                0x000000000000fd94                z_reset_time_slice
 .text.update_cache
                0x000000000000fde4       0x3c zephyr/kernel/libkernel.a(sched.c.obj)
 .text.move_thread_to_end_of_prio_q
                0x000000000000fe20       0x74 zephyr/kernel/libkernel.a(sched.c.obj)
 .text.ready_thread
                0x000000000000fe94       0x68 zephyr/kernel/libkernel.a(sched.c.obj)
 .text.unready_thread
                0x000000000000fefc       0x30 zephyr/kernel/libkernel.a(sched.c.obj)
 .text.pend_locked
                0x000000000000ff2c       0x30 zephyr/kernel/libkernel.a(sched.c.obj)
 .text.z_thread_halt
                0x000000000000ff5c       0xa0 zephyr/kernel/libkernel.a(sched.c.obj)
 .text.z_time_slice
                0x000000000000fffc       0x60 zephyr/kernel/libkernel.a(sched.c.obj)
                0x000000000000fffc                z_time_slice
 .text.z_pend_curr
                0x000000000001005c       0x3c zephyr/kernel/libkernel.a(sched.c.obj)
                0x000000000001005c                z_pend_curr
 .text.z_set_prio
                0x0000000000010098       0x8c zephyr/kernel/libkernel.a(sched.c.obj)
                0x0000000000010098                z_set_prio
 .text.z_reschedule
                0x0000000000010124       0x24 zephyr/kernel/libkernel.a(sched.c.obj)
                0x0000000000010124                z_reschedule
 .text.z_sched_start
                0x0000000000010148       0x3c zephyr/kernel/libkernel.a(sched.c.obj)
                0x0000000000010148                z_sched_start
 .text.k_sched_lock
                0x0000000000010184       0x28 zephyr/kernel/libkernel.a(sched.c.obj)
                0x0000000000010184                k_sched_lock
 .text.k_sched_unlock
                0x00000000000101ac       0x38 zephyr/kernel/libkernel.a(sched.c.obj)
                0x00000000000101ac                k_sched_unlock
 .text.z_sched_init
                0x00000000000101e4       0x10 zephyr/kernel/libkernel.a(sched.c.obj)
                0x00000000000101e4                z_sched_init
 .text.z_impl_k_yield
                0x00000000000101f4       0x7c zephyr/kernel/libkernel.a(sched.c.obj)
                0x00000000000101f4                z_impl_k_yield
 .text.z_tick_sleep
                0x0000000000010270       0x88 zephyr/kernel/libkernel.a(sched.c.obj)
 .text.z_impl_k_sleep
                0x00000000000102f8       0x34 zephyr/kernel/libkernel.a(sched.c.obj)
                0x00000000000102f8                z_impl_k_sleep
 .text.z_impl_k_sched_current_thread_query
                0x000000000001032c        0xc zephyr/kernel/libkernel.a(sched.c.obj)
                0x000000000001032c                z_impl_k_sched_current_thread_query
 .text.z_data_copy
                0x0000000000010338       0x34 zephyr/kernel/libkernel.a(xip.c.obj)
                0x0000000000010338                z_data_copy
 .text.elapsed  0x000000000001036c       0x14 zephyr/kernel/libkernel.a(timeout.c.obj)
 .text.next_timeout
                0x0000000000010380       0x40 zephyr/kernel/libkernel.a(timeout.c.obj)
 .text.remove_timeout
                0x00000000000103c0       0x38 zephyr/kernel/libkernel.a(timeout.c.obj)
 .text.z_add_timeout
                0x00000000000103f8       0xec zephyr/kernel/libkernel.a(timeout.c.obj)
                0x00000000000103f8                z_add_timeout
 .text.sys_clock_announce
                0x00000000000104e4       0xd4 zephyr/kernel/libkernel.a(timeout.c.obj)
                0x00000000000104e4                sys_clock_announce
 .text.sys_clock_tick_get
                0x00000000000105b8       0x34 zephyr/kernel/libkernel.a(timeout.c.obj)
                0x00000000000105b8                sys_clock_tick_get
 .text.z_timer_expiration_handler
                0x00000000000105ec       0xe4 zephyr/kernel/libkernel.a(timer.c.obj)
                0x00000000000105ec                z_timer_expiration_handler
 .text.z_impl_k_timer_start
                0x00000000000106d0       0x74 zephyr/kernel/libkernel.a(timer.c.obj)
                0x00000000000106d0                z_impl_k_timer_start
 .text.boot_banner
                0x0000000000010744        0xc zephyr/kernel/libkernel.a(banner.c.obj)
                0x0000000000010744                boot_banner
 .text.statics_init
                0x0000000000010750       0x24 zephyr/kernel/libkernel.a(kheap.c.obj)
 .text.snprintf
                0x0000000000010774       0x58 /home/samuel/ncs/toolchains/2be090971e/opt/zephyr-sdk/arm-zephyr-eabi/bin/../lib/gcc/../../picolibc/arm-zephyr-eabi/lib/thumb/v7e-m/nofp/libc.a(libc_tinystdio_snprintf.c.o)
                0x0000000000010774                snprintf
 .text.__l_vfprintf
                0x00000000000107cc      0x4b8 /home/samuel/ncs/toolchains/2be090971e/opt/zephyr-sdk/arm-zephyr-eabi/bin/../lib/gcc/../../picolibc/arm-zephyr-eabi/lib/thumb/v7e-m/nofp/libc.a(libc_tinystdio_vflprintf.c.o)
                0x00000000000107cc                __l_vfprintf
 .text.vsnprintf
                0x0000000000010c84       0x50 /home/samuel/ncs/toolchains/2be090971e/opt/zephyr-sdk/arm-zephyr-eabi/bin/../lib/gcc/../../picolibc/arm-zephyr-eabi/lib/thumb/v7e-m/nofp/libc.a(libc_tinystdio_vsnprintf.c.o)
                0x0000000000010c84                vsnprintf
 .text.vsprintf
                0x0000000000010cd4       0x44 /home/samuel/ncs/toolchains/2be090971e/opt/zephyr-sdk/arm-zephyr-eabi/bin/../lib/gcc/../../picolibc/arm-zephyr-eabi/lib/thumb/v7e-m/nofp/libc.a(libc_tinystdio_vsprintf.c.o)
                0x0000000000010cd4                vsprintf
 .text._OffsetAbsSyms
                0x0000000000010d18        0x2 zephyr/CMakeFiles/offsets.dir/./arch/arm/core/offsets/offsets.c.obj
                0x0000000000010d18                _OffsetAbsSyms
 .text.cbpprintf_external
                0x0000000000010d1a       0x62 zephyr/libzephyr.a(cbprintf_packaged.c.obj)
                0x0000000000010d1a                cbpprintf_external
 .text.is_ptr   0x0000000000010d7c       0x4a zephyr/libzephyr.a(cbprintf_packaged.c.obj)
                0x0000000000010d7c                is_ptr
 .text.arch_printk_char_out
                0x0000000000010dc6        0x4 zephyr/libzephyr.a(printk.c.obj)
                0x0000000000010dc6                arch_printk_char_out
 .text.printk   0x0000000000010dca       0x1a zephyr/libzephyr.a(printk.c.obj)
                0x0000000000010dca                printk
 .text.chunk_size
                0x0000000000010de4        0xa zephyr/libzephyr.a(heap.c.obj)
 .text.free_list_add
                0x0000000000010dee       0x4e zephyr/libzephyr.a(heap.c.obj)
 .text.free_list_remove_bidx
                0x0000000000010e3c       0x3a zephyr/libzephyr.a(heap.c.obj)
 .text.free_list_remove
                0x0000000000010e76       0x1a zephyr/libzephyr.a(heap.c.obj)
 .text.alloc_chunk
                0x0000000000010e90       0x6e zephyr/libzephyr.a(heap.c.obj)
 .text.merge_chunks
                0x0000000000010efe       0x2c zephyr/libzephyr.a(heap.c.obj)
 .text.split_chunks
                0x0000000000010f2a       0x34 zephyr/libzephyr.a(heap.c.obj)
 .text.free_chunk
                0x0000000000010f5e       0x62 zephyr/libzephyr.a(heap.c.obj)
 .text.sys_heap_free
                0x0000000000010fc0       0x1e zephyr/libzephyr.a(heap.c.obj)
                0x0000000000010fc0                sys_heap_free
 .text.sys_heap_alloc
                0x0000000000010fde       0x52 zephyr/libzephyr.a(heap.c.obj)
                0x0000000000010fde                sys_heap_alloc
 .text.sys_heap_aligned_alloc
                0x0000000000011030       0xd0 zephyr/libzephyr.a(heap.c.obj)
                0x0000000000011030                sys_heap_aligned_alloc
 .text.sys_heap_aligned_realloc
                0x0000000000011100      0x128 zephyr/libzephyr.a(heap.c.obj)
                0x0000000000011100                sys_heap_aligned_realloc
 .text.sys_heap_init
                0x0000000000011228       0x7a zephyr/libzephyr.a(heap.c.obj)
                0x0000000000011228                sys_heap_init
 .text.process_recheck
                0x00000000000112a2       0x38 zephyr/libzephyr.a(onoff.c.obj)
 .text.validate_args
                0x00000000000112da       0x20 zephyr/libzephyr.a(onoff.c.obj)
 .text.notify_one
                0x00000000000112fa       0x2c zephyr/libzephyr.a(onoff.c.obj)
 .text.transition_complete
                0x0000000000011326       0x1c zephyr/libzephyr.a(onoff.c.obj)
 .text.onoff_manager_init
                0x0000000000011342       0x26 zephyr/libzephyr.a(onoff.c.obj)
                0x0000000000011342                onoff_manager_init
 .text.onoff_request
                0x0000000000011368       0xb0 zephyr/libzephyr.a(onoff.c.obj)
                0x0000000000011368                onoff_request
 .text.sys_notify_validate
                0x0000000000011418       0x22 zephyr/libzephyr.a(notify.c.obj)
                0x0000000000011418                sys_notify_validate
 .text.sys_notify_finalize
                0x000000000001143a       0x1a zephyr/libzephyr.a(notify.c.obj)
                0x000000000001143a                sys_notify_finalize
 .text.free_space
                0x0000000000011454       0x26 zephyr/libzephyr.a(mpsc_pbuf.c.obj)
 .text.get_usage
                0x000000000001147a       0x22 zephyr/libzephyr.a(mpsc_pbuf.c.obj)
 .text.idx_inc  0x000000000001149c       0x1c zephyr/libzephyr.a(mpsc_pbuf.c.obj)
 .text.rd_idx_inc
                0x00000000000114b8       0x18 zephyr/libzephyr.a(mpsc_pbuf.c.obj)
 .text.add_skip_item
                0x00000000000114d0       0x3a zephyr/libzephyr.a(mpsc_pbuf.c.obj)
 .text.drop_item_locked
                0x000000000001150a       0xee zephyr/libzephyr.a(mpsc_pbuf.c.obj)
 .text.post_drop_action
                0x00000000000115f8       0x36 zephyr/libzephyr.a(mpsc_pbuf.c.obj)
 .text.max_utilization_update
                0x000000000001162e       0x1a zephyr/libzephyr.a(mpsc_pbuf.c.obj)
 .text.mpsc_pbuf_init
                0x0000000000011648       0x42 zephyr/libzephyr.a(mpsc_pbuf.c.obj)
                0x0000000000011648                mpsc_pbuf_init
 .text.mpsc_pbuf_alloc
                0x000000000001168a       0xfc zephyr/libzephyr.a(mpsc_pbuf.c.obj)
                0x000000000001168a                mpsc_pbuf_alloc
 .text.mpsc_pbuf_commit
                0x0000000000011786       0x40 zephyr/libzephyr.a(mpsc_pbuf.c.obj)
                0x0000000000011786                mpsc_pbuf_commit
 .text.mpsc_pbuf_claim
                0x00000000000117c6       0xa4 zephyr/libzephyr.a(mpsc_pbuf.c.obj)
                0x00000000000117c6                mpsc_pbuf_claim
 .text.mpsc_pbuf_free
                0x000000000001186a       0x78 zephyr/libzephyr.a(mpsc_pbuf.c.obj)
                0x000000000001186a                mpsc_pbuf_free
 .text.mpsc_pbuf_is_pending
                0x00000000000118e2       0x1a zephyr/libzephyr.a(mpsc_pbuf.c.obj)
                0x00000000000118e2                mpsc_pbuf_is_pending
 .text._ConfigAbsSyms
                0x00000000000118fc        0x2 zephyr/libzephyr.a(configs.c.obj)
                0x00000000000118fc                _ConfigAbsSyms
 .text.log_msg_generic_get_wlen
                0x00000000000118fe       0x20 zephyr/libzephyr.a(log_core.c.obj)
 .text.dummy_timestamp
                0x000000000001191e        0x4 zephyr/libzephyr.a(log_core.c.obj)
 .text.default_get_timestamp
                0x0000000000011922        0x4 zephyr/libzephyr.a(log_core.c.obj)
 .text.atomic_inc
                0x0000000000011926       0x1a zephyr/libzephyr.a(log_core.c.obj)
 .text.z_log_vprintk
                0x0000000000011940       0x1c zephyr/libzephyr.a(log_core.c.obj)
                0x0000000000011940                z_log_vprintk
 .text.z_log_notify_drop
                0x000000000001195c        0x6 zephyr/libzephyr.a(log_core.c.obj)
 .text.z_log_get_tag
                0x0000000000011962        0x4 zephyr/libzephyr.a(log_core.c.obj)
                0x0000000000011962                z_log_get_tag
 .text.z_cbprintf_cpy
                0x0000000000011966       0x2c zephyr/libzephyr.a(log_msg.c.obj)
 .text.z_log_msg_finalize
                0x0000000000011992       0x32 zephyr/libzephyr.a(log_msg.c.obj)
                0x0000000000011992                z_log_msg_finalize
 .text.z_log_msg_simple_create
                0x00000000000119c4       0x6e zephyr/libzephyr.a(log_msg.c.obj)
 .text.z_impl_z_log_msg_simple_create_0
                0x0000000000011a32       0x12 zephyr/libzephyr.a(log_msg.c.obj)
                0x0000000000011a32                z_impl_z_log_msg_simple_create_0
 .text.z_impl_z_log_msg_simple_create_1
                0x0000000000011a44       0x14 zephyr/libzephyr.a(log_msg.c.obj)
                0x0000000000011a44                z_impl_z_log_msg_simple_create_1
 .text.buffer_write
                0x0000000000011a58       0x1a zephyr/libzephyr.a(log_output.c.obj)
 .text.log_output_flush
                0x0000000000011a72       0x1a zephyr/libzephyr.a(log_output.c.obj)
                0x0000000000011a72                log_output_flush
 .text.out_func
                0x0000000000011a8c       0x36 zephyr/libzephyr.a(log_output.c.obj)
 .text.cr_out_func
                0x0000000000011ac2       0x1c zephyr/libzephyr.a(log_output.c.obj)
 .text.format_set
                0x0000000000011ade        0xc zephyr/libzephyr.a(log_backend_uart.c.obj)
 .text.log_backend_uart_init
                0x0000000000011aea        0xc zephyr/libzephyr.a(log_backend_uart.c.obj)
 .text.panic    0x0000000000011af6       0x10 zephyr/libzephyr.a(log_backend_uart.c.obj)
 .text.dropped  0x0000000000011b06        0xa zephyr/libzephyr.a(log_backend_uart.c.obj)
 .text.process  0x0000000000011b10       0x1e zephyr/libzephyr.a(log_backend_uart.c.obj)
 .text.z_do_kernel_oops
                0x0000000000011b2e        0x8 zephyr/arch/arch/arm/core/libarch__arm__core.a(fatal.c.obj)
                0x0000000000011b2e                z_do_kernel_oops
 .text.z_arm_nmi
                0x0000000000011b36        0xe zephyr/arch/arch/arm/core/libarch__arm__core.a(nmi.c.obj)
                0x0000000000011b36                z_arm_nmi
 .text.z_log_msg_simple_create_0.constprop.0
                0x0000000000011b44        0x8 zephyr/arch/arch/arm/core/cortex_m/libarch__arm__core__cortex_m.a(fault.c.obj)
 .text.z_irq_spurious
                0x0000000000011b4c        0x8 zephyr/arch/arch/arm/core/cortex_m/libarch__arm__core__cortex_m.a(irq_manage.c.obj)
                0x0000000000011b4c                z_irq_spurious
 .text.size_to_mpu_rasr_size
                0x0000000000011b54       0x20 zephyr/arch/arch/arm/core/mpu/libarch__arm__core__mpu.a(arm_mpu.c.obj)
 .text.cbputc   0x0000000000011b74        0xc zephyr/lib/libc/picolibc/liblib__libc__picolibc.a(libc-hooks.c.obj)
 .text.picolibc_put
                0x0000000000011b80        0xa zephyr/lib/libc/picolibc/liblib__libc__picolibc.a(libc-hooks.c.obj)
 .text.get_status
                0x0000000000011b8a       0x12 zephyr/drivers/clock_control/libdrivers__clock_control.a(clock_control_nrf.c.obj)
 .text.set_on_state
                0x0000000000011b9c       0x26 zephyr/drivers/clock_control/libdrivers__clock_control.a(clock_control_nrf.c.obj)
 .text.stop     0x0000000000011bc2       0x52 zephyr/drivers/clock_control/libdrivers__clock_control.a(clock_control_nrf.c.obj)
 .text.api_stop
                0x0000000000011c14        0x6 zephyr/drivers/clock_control/libdrivers__clock_control.a(clock_control_nrf.c.obj)
 .text.async_start
                0x0000000000011c1a       0x5c zephyr/drivers/clock_control/libdrivers__clock_control.a(clock_control_nrf.c.obj)
 .text.api_start
                0x0000000000011c76        0xe zephyr/drivers/clock_control/libdrivers__clock_control.a(clock_control_nrf.c.obj)
 .text.onoff_started_callback
                0x0000000000011c84       0x12 zephyr/drivers/clock_control/libdrivers__clock_control.a(clock_control_nrf.c.obj)
 .text.lfclk_stop
                0x0000000000011c96        0x6 zephyr/drivers/clock_control/libdrivers__clock_control.a(clock_control_nrf.c.obj)
 .text.blocking_start_callback
                0x0000000000011c9c        0x6 zephyr/drivers/clock_control/libdrivers__clock_control.a(clock_control_nrf.c.obj)
 .text.ssd1306_bus_name_i2c
                0x0000000000011ca2        0x8 zephyr/drivers/display/libdrivers__display.a(ssd1306.c.obj)
 .text.ssd1306_write_bus
                0x0000000000011caa        0xc zephyr/drivers/display/libdrivers__display.a(ssd1306.c.obj)
 .text.ssd1306_resume
                0x0000000000011cb6       0x18 zephyr/drivers/display/libdrivers__display.a(ssd1306.c.obj)
 .text.ssd1306_suspend
                0x0000000000011cce       0x18 zephyr/drivers/display/libdrivers__display.a(ssd1306.c.obj)
 .text.ssd1306_set_brightness
                0x0000000000011ce6        0x6 zephyr/drivers/display/libdrivers__display.a(ssd1306.c.obj)
 .text.ssd1306_set_contrast
                0x0000000000011cec       0x1c zephyr/drivers/display/libdrivers__display.a(ssd1306.c.obj)
 .text.ssd1306_get_capabilities
                0x0000000000011d08       0x24 zephyr/drivers/display/libdrivers__display.a(ssd1306.c.obj)
 .text.ssd1306_write_bus_i2c
                0x0000000000011d2c       0x3c zephyr/drivers/display/libdrivers__display.a(ssd1306.c.obj)
 .text.z_log_msg_simple_create_0.constprop.0
                0x0000000000011d68        0x8 zephyr/drivers/display/libdrivers__display.a(ssd1306.c.obj)
 .text.ssd1306_set_pixel_format
                0x0000000000011d70        0xc zephyr/drivers/display/libdrivers__display.a(ssd1306.c.obj)
 .text.ssd1306_bus_ready_i2c
                0x0000000000011d7c        0x8 zephyr/drivers/display/libdrivers__display.a(ssd1306.c.obj)
 .text.gpio_pin_set_dt.isra.0
                0x0000000000011d84       0x28 zephyr/drivers/display/libdrivers__display.a(ssd1306.c.obj)
 .text.gpio_nrfx_port_get_raw
                0x0000000000011dac        0xe zephyr/drivers/gpio/libdrivers__gpio.a(gpio_nrfx.c.obj)
 .text.gpio_nrfx_port_set_masked_raw
                0x0000000000011dba       0x18 zephyr/drivers/gpio/libdrivers__gpio.a(gpio_nrfx.c.obj)
 .text.gpio_nrfx_port_set_bits_raw
                0x0000000000011dd2        0xc zephyr/drivers/gpio/libdrivers__gpio.a(gpio_nrfx.c.obj)
 .text.gpio_nrfx_port_clear_bits_raw
                0x0000000000011dde        0xc zephyr/drivers/gpio/libdrivers__gpio.a(gpio_nrfx.c.obj)
 .text.gpio_nrfx_port_toggle_bits
                0x0000000000011dea       0x1a zephyr/drivers/gpio/libdrivers__gpio.a(gpio_nrfx.c.obj)
 .text.gpio_nrfx_manage_callback
                0x0000000000011e04       0x52 zephyr/drivers/gpio/libdrivers__gpio.a(gpio_nrfx.c.obj)
 .text.pinctrl_lookup_state
                0x0000000000011e56       0x26 zephyr/drivers/pinctrl/libdrivers__pinctrl.a(common.c.obj)
                0x0000000000011e56                pinctrl_lookup_state
 .text.uarte_nrfx_err_check
                0x0000000000011e7c        0xe zephyr/drivers/serial/libdrivers__serial.a(uart_nrfx_uarte.c.obj)
 .text.uarte_nrfx_poll_in
                0x0000000000011e8a       0x28 zephyr/drivers/serial/libdrivers__serial.a(uart_nrfx_uarte.c.obj)
 .text.is_tx_ready.isra.0
                0x0000000000011eb2       0x20 zephyr/drivers/serial/libdrivers__serial.a(uart_nrfx_uarte.c.obj)
 .text.uarte_nrfx_isr_int
                0x0000000000011ed2       0x72 zephyr/drivers/serial/libdrivers__serial.a(uart_nrfx_uarte.c.obj)
 .text.event_clear
                0x0000000000011f44       0x18 zephyr/drivers/timer/libdrivers__timer.a(nrf_rtc_timer.c.obj)
 .text.sys_clock_cycle_get_32
                0x0000000000011f5c        0x8 zephyr/drivers/timer/libdrivers__timer.a(nrf_rtc_timer.c.obj)
                0x0000000000011f5c                sys_clock_cycle_get_32
 .text.nrf52_errata_12
                0x0000000000011f64       0x1c modules/hal_nordic/nrfx/libmodules__hal_nordic__nrfx.a(system_nrf52.c.obj)
 .text.nrfx_isr
                0x0000000000011f80        0x2 modules/hal_nordic/nrfx/libmodules__hal_nordic__nrfx.a(nrfx_glue.c.obj)
                0x0000000000011f80                nrfx_isr
 .text.nrfx_busy_wait
                0x0000000000011f82        0x4 modules/hal_nordic/nrfx/libmodules__hal_nordic__nrfx.a(nrfx_glue.c.obj)
                0x0000000000011f82                nrfx_busy_wait
 .text.nrfx_gppi_channel_endpoints_setup
                0x0000000000011f86       0x14 modules/hal_nordic/nrfx/libmodules__hal_nordic__nrfx.a(nrfx_gppi_ppi.c.obj)
                0x0000000000011f86                nrfx_gppi_channel_endpoints_setup
 .text.nrfx_clock_stop
                0x0000000000011f9a        0x4 modules/hal_nordic/nrfx/libmodules__hal_nordic__nrfx.a(nrfx_clock.c.obj)
                0x0000000000011f9a                nrfx_clock_stop
 .text.nrf_gpio_pin_port_decode
                0x0000000000011f9e       0x14 modules/hal_nordic/nrfx/libmodules__hal_nordic__nrfx.a(nrfx_gpiote.c.obj)
 .text.nrf_gpio_reconfigure
                0x0000000000011fb2       0x92 modules/hal_nordic/nrfx/libmodules__hal_nordic__nrfx.a(nrfx_gpiote.c.obj)
 .text.nrf_gpio_cfg_sense_set
                0x0000000000012044       0x1e modules/hal_nordic/nrfx/libmodules__hal_nordic__nrfx.a(nrfx_gpiote.c.obj)
 .text.latch_pending_read_and_check
                0x0000000000012062       0x1c modules/hal_nordic/nrfx/libmodules__hal_nordic__nrfx.a(nrfx_gpiote.c.obj)
 .text.nrfx_gpiote_pin_uninit
                0x000000000001207e        0x4 modules/hal_nordic/nrfx/libmodules__hal_nordic__nrfx.a(nrfx_gpiote.c.obj)
                0x000000000001207e                nrfx_gpiote_pin_uninit
 .text.nrfx_gpiote_trigger_disable
                0x0000000000012082        0x4 modules/hal_nordic/nrfx/libmodules__hal_nordic__nrfx.a(nrfx_gpiote.c.obj)
                0x0000000000012082                nrfx_gpiote_trigger_disable
 .text.twi_transfer
                0x0000000000012086      0x130 modules/hal_nordic/nrfx/libmodules__hal_nordic__nrfx.a(nrfx_twi.c.obj)
 .text.nrf_gpio_pin_port_decode
                0x00000000000121b6       0x14 modules/hal_nordic/nrfx/libmodules__hal_nordic__nrfx.a(nrfx_twi_twim.c.obj)
 .text.nrf_gpio_pin_set
                0x00000000000121ca       0x1a modules/hal_nordic/nrfx/libmodules__hal_nordic__nrfx.a(nrfx_twi_twim.c.obj)
 .text.lv_disp_get_theme
                0x00000000000121e4        0xc modules/lvgl/libmodules__lvgl.a(lv_disp.c.obj)
                0x00000000000121e4                lv_disp_get_theme
 .text.lv_obj_get_event_dsc.isra.0
                0x00000000000121f0       0x1a modules/lvgl/libmodules__lvgl.a(lv_event.c.obj)
 .text.lv_obj_event_base
                0x000000000001220a       0x2c modules/lvgl/libmodules__lvgl.a(lv_event.c.obj)
                0x000000000001220a                lv_obj_event_base
 .text.lv_event_get_target
                0x0000000000012236        0x4 modules/lvgl/libmodules__lvgl.a(lv_event.c.obj)
                0x0000000000012236                lv_event_get_target
 .text.lv_event_get_current_target
                0x000000000001223a        0x4 modules/lvgl/libmodules__lvgl.a(lv_event.c.obj)
                0x000000000001223a                lv_event_get_current_target
 .text.lv_event_get_code
                0x000000000001223e        0x8 modules/lvgl/libmodules__lvgl.a(lv_event.c.obj)
                0x000000000001223e                lv_event_get_code
 .text.lv_event_get_param
                0x0000000000012246        0x4 modules/lvgl/libmodules__lvgl.a(lv_event.c.obj)
                0x0000000000012246                lv_event_get_param
 .text.get_indev
                0x000000000001224a       0x4c modules/lvgl/libmodules__lvgl.a(lv_group.c.obj)
 .text.focus_next_core
                0x0000000000012296       0xe4 modules/lvgl/libmodules__lvgl.a(lv_group.c.obj)
 .text.lv_group_refocus
                0x000000000001237a       0x28 modules/lvgl/libmodules__lvgl.a(lv_group.c.obj)
 .text.lv_group_remove_obj
                0x00000000000123a2       0x90 modules/lvgl/libmodules__lvgl.a(lv_group.c.obj)
                0x00000000000123a2                lv_group_remove_obj
 .text.lv_group_get_editing
                0x0000000000012432        0xa modules/lvgl/libmodules__lvgl.a(lv_group.c.obj)
                0x0000000000012432                lv_group_get_editing
 .text.lv_indev_get_type
                0x000000000001243c        0x8 modules/lvgl/libmodules__lvgl.a(lv_indev.c.obj)
                0x000000000001243c                lv_indev_get_type
 .text.lv_indev_get_scroll_dir
                0x0000000000012444       0x1c modules/lvgl/libmodules__lvgl.a(lv_indev.c.obj)
                0x0000000000012444                lv_indev_get_scroll_dir
 .text.lv_indev_get_scroll_obj
                0x0000000000012460       0x16 modules/lvgl/libmodules__lvgl.a(lv_indev.c.obj)
                0x0000000000012460                lv_indev_get_scroll_obj
 .text.lv_memset_00
                0x0000000000012476        0x8 modules/lvgl/libmodules__lvgl.a(lv_obj.c.obj)
 .text.lv_obj_constructor
                0x000000000001247e       0x5c modules/lvgl/libmodules__lvgl.a(lv_obj.c.obj)
 .text.lv_obj_set_state
                0x00000000000124da      0x246 modules/lvgl/libmodules__lvgl.a(lv_obj.c.obj)
 .text.lv_obj_clear_flag
                0x0000000000012720       0x78 modules/lvgl/libmodules__lvgl.a(lv_obj.c.obj)
                0x0000000000012720                lv_obj_clear_flag
 .text.lv_obj_add_state
                0x0000000000012798       0x14 modules/lvgl/libmodules__lvgl.a(lv_obj.c.obj)
                0x0000000000012798                lv_obj_add_state
 .text.lv_obj_clear_state
                0x00000000000127ac       0x12 modules/lvgl/libmodules__lvgl.a(lv_obj.c.obj)
                0x00000000000127ac                lv_obj_clear_state
 .text.lv_obj_has_flag